[1.424s] Invoking command in '/home/tarun/surveillance_bot/ros2/ws/build/edgevision_ros': AMENT_PREFIX_PATH=/home/tarun/surveillance_bot/ros2/ws/install/edgevision_msgs:${AMENT_PREFIX_PATH} CMAKE_PREFIX_PATH=/home/tarun/surveillance_bot/ros2/ws/install/edgevision_msgs LD_LIBRARY_PATH=/home/tarun/surveillance_bot/ros2/ws/install/edgevision_msgs/lib:${LD_LIBRARY_PATH} PYTHONPATH=/home/tarun/surveillance_bot/ros2/ws/build/edgevision_ros/prefix_override:/usr/lib/python3/dist-packages/colcon_core/task/python/colcon_distutils_commands:/home/tarun/surveillance_bot/ros2/ws/install/edgevision_ros/lib/python3.10/site-packages:/home/tarun/surveillance_bot/ros2/ws/install/edgevision_msgs/lib/python3.10/site-packages:${PYTHONPATH} VIRTUAL_ENV_PROMPT=(.venv) /usr/bin/python3 -W ignore:setup.py install is deprecated -W ignore:easy_install command is deprecated setup.py develop --uninstall --editable --build-directory /home/tarun/surveillance_bot/ros2/ws/build/edgevision_ros/build
[1.922s] running develop
[2.256s] Removing /home/tarun/surveillance_bot/ros2/ws/install/edgevision_ros/lib/python3.10/site-packages/edgevision-ros.egg-link (link to .)
[2.358s] Invoked command in '/home/tarun/surveillance_bot/ros2/ws/build/edgevision_ros' returned '0': AMENT_PREFIX_PATH=/home/tarun/surveillance_bot/ros2/ws/install/edgevision_msgs:${AMENT_PREFIX_PATH} CMAKE_PREFIX_PATH=/home/tarun/surveillance_bot/ros2/ws/install/edgevision_msgs LD_LIBRARY_PATH=/home/tarun/surveillance_bot/ros2/ws/install/edgevision_msgs/lib:${LD_LIBRARY_PATH} PYTHONPATH=/home/tarun/surveillance_bot/ros2/ws/build/edgevision_ros/prefix_override:/usr/lib/python3/dist-packages/colcon_core/task/python/colcon_distutils_commands:/home/tarun/surveillance_bot/ros2/ws/install/edgevision_ros/lib/python3.10/site-packages:/home/tarun/surveillance_bot/ros2/ws/install/edgevision_msgs/lib/python3.10/site-packages:${PYTHONPATH} VIRTUAL_ENV_PROMPT=(.venv) /usr/bin/python3 -W ignore:setup.py install is deprecated -W ignore:easy_install command is deprecated setup.py develop --uninstall --editable --build-directory /home/tarun/surveillance_bot/ros2/ws/build/edgevision_ros/build
[2.362s] Invoking command in '/home/tarun/surveillance_bot/ros2/ws/src/edgevision_ros': AMENT_PREFIX_PATH=/home/tarun/surveillance_bot/ros2/ws/install/edgevision_msgs:${AMENT_PREFIX_PATH} CMAKE_PREFIX_PATH=/home/tarun/surveillance_bot/ros2/ws/install/edgevision_msgs LD_LIBRARY_PATH=/home/tarun/surveillance_bot/ros2/ws/install/edgevision_msgs/lib:${LD_LIBRARY_PATH} PYTHONPATH=/home/tarun/surveillance_bot/ros2/ws/build/edgevision_ros/prefix_override:/usr/lib/python3/dist-packages/colcon_core/task/python/colcon_distutils_commands:/home/tarun/surveillance_bot/ros2/ws/install/edgevision_ros/lib/python3.10/site-packages:/home/tarun/surveillance_bot/ros2/ws/install/edgevision_msgs/lib/python3.10/site-packages:${PYTHONPATH} VIRTUAL_ENV_PROMPT=(.venv) /usr/bin/python3 -W ignore:setup.py install is deprecated -W ignore:easy_install command is deprecated setup.py egg_info --egg-base ../../build/edgevision_ros build --build-base /home/tarun/surveillance_bot/ros2/ws/build/edgevision_ros/build install --record /home/tarun/surveillance_bot/ros2/ws/build/edgevision_ros/install.log --install-scripts $base/lib/edgevision_ros --single-version-externally-managed install_data --force
[2.829s] running egg_info
[2.830s] writing ../../build/edgevision_ros/edgevision_ros.egg-info/PKG-INFO
[2.830s] writing dependency_links to ../../build/edgevision_ros/edgevision_ros.egg-info/dependency_links.txt
[2.831s] writing entry points to ../../build/edgevision_ros/edgevision_ros.egg-info/entry_points.txt
[2.831s] writing requirements to ../../build/edgevision_ros/edgevision_ros.egg-info/requires.txt
[2.831s] writing top-level names to ../../build/edgevision_ros/edgevision_ros.egg-info/top_level.txt
[2.835s] reading manifest file '../../build/edgevision_ros/edgevision_ros.egg-info/SOURCES.txt'
[2.842s] adding license file 'LICENSE'
[2.843s] writing manifest file '../../build/edgevision_ros/edgevision_ros.egg-info/SOURCES.txt'
[2.843s] running build
[2.843s] running build_py
[2.844s] creating /home/tarun/surveillance_bot/ros2/ws/build/edgevision_ros/build
[2.844s] creating /home/tarun/surveillance_bot/ros2/ws/build/edgevision_ros/build/lib
[2.844s] creating /home/tarun/surveillance_bot/ros2/ws/build/edgevision_ros/build/lib/edgevision_ros
[2.845s] copying edgevision_ros/camera_node.py -> /home/tarun/surveillance_bot/ros2/ws/build/edgevision_ros/build/lib/edgevision_ros
[2.845s] copying edgevision_ros/tracker_node.py -> /home/tarun/surveillance_bot/ros2/ws/build/edgevision_ros/build/lib/edgevision_ros
[2.845s] copying edgevision_ros/face_recognizer.py -> /home/tarun/surveillance_bot/ros2/ws/build/edgevision_ros/build/lib/edgevision_ros
[2.845s] copying edgevision_ros/perception_node.py -> /home/tarun/surveillance_bot/ros2/ws/build/edgevision_ros/build/lib/edgevision_ros
[2.845s] copying edgevision_ros/face_node.py -> /home/tarun/surveillance_bot/ros2/ws/build/edgevision_ros/build/lib/edgevision_ros
[2.846s] copying edgevision_ros/event_logger_node.py -> /home/tarun/surveillance_bot/ros2/ws/build/edgevision_ros/build/lib/edgevision_ros
[2.846s] copying edgevision_ros/face_database.py -> /home/tarun/surveillance_bot/ros2/ws/build/edgevision_ros/build/lib/edgevision_ros
[2.846s] copying edgevision_ros/detector_node.py -> /home/tarun/surveillance_bot/ros2/ws/build/edgevision_ros/build/lib/edgevision_ros
[2.846s] copying edgevision_ros/__init__.py -> /home/tarun/surveillance_bot/ros2/ws/build/edgevision_ros/build/lib/edgevision_ros
[2.848s] running install
[2.849s] running install_lib
[2.851s] creating /home/tarun/surveillance_bot/ros2/ws/install/edgevision_ros/lib/python3.10/site-packages/edgevision_ros
[2.851s] copying /home/tarun/surveillance_bot/ros2/ws/build/edgevision_ros/build/lib/edgevision_ros/camera_node.py -> /home/tarun/surveillance_bot/ros2/ws/install/edgevision_ros/lib/python3.10/site-packages/edgevision_ros
[2.851s] copying /home/tarun/surveillance_bot/ros2/ws/build/edgevision_ros/build/lib/edgevision_ros/tracker_node.py -> /home/tarun/surveillance_bot/ros2/ws/install/edgevision_ros/lib/python3.10/site-packages/edgevision_ros
[2.852s] copying /home/tarun/surveillance_bot/ros2/ws/build/edgevision_ros/build/lib/edgevision_ros/face_recognizer.py -> /home/tarun/surveillance_bot/ros2/ws/install/edgevision_ros/lib/python3.10/site-packages/edgevision_ros
[2.852s] copying /home/tarun/surveillance_bot/ros2/ws/build/edgevision_ros/build/lib/edgevision_ros/perception_node.py -> /home/tarun/surveillance_bot/ros2/ws/install/edgevision_ros/lib/python3.10/site-packages/edgevision_ros
[2.852s] copying /home/tarun/surveillance_bot/ros2/ws/build/edgevision_ros/build/lib/edgevision_ros/face_node.py -> /home/tarun/surveillance_bot/ros2/ws/install/edgevision_ros/lib/python3.10/site-packages/edgevision_ros
[2.853s] copying /home/tarun/surveillance_bot/ros2/ws/build/edgevision_ros/build/lib/edgevision_ros/event_logger_node.py -> /home/tarun/surveillance_bot/ros2/ws/install/edgevision_ros/lib/python3.10/site-packages/edgevision_ros
[2.853s] copying /home/tarun/surveillance_bot/ros2/ws/build/edgevision_ros/build/lib/edgevision_ros/face_database.py -> /home/tarun/surveillance_bot/ros2/ws/install/edgevision_ros/lib/python3.10/site-packages/edgevision_ros
[2.853s] copying /home/tarun/surveillance_bot/ros2/ws/build/edgevision_ros/build/lib/edgevision_ros/detector_node.py -> /home/tarun/surveillance_bot/ros2/ws/install/edgevision_ros/lib/python3.10/site-packages/edgevision_ros
[2.854s] copying /home/tarun/surveillance_bot/ros2/ws/build/edgevision_ros/build/lib/edgevision_ros/__init__.py -> /home/tarun/surveillance_bot/ros2/ws/install/edgevision_ros/lib/python3.10/site-packages/edgevision_ros
[2.854s] byte-compiling /home/tarun/surveillance_bot/ros2/ws/install/edgevision_ros/lib/python3.10/site-packages/edgevision_ros/camera_node.py to camera_node.cpython-310.pyc
[2.854s] byte-compiling /home/tarun/surveillance_bot/ros2/ws/install/edgevision_ros/lib/python3.10/site-packages/edgevision_ros/tracker_node.py to tracker_node.cpython-310.pyc
[2.855s] byte-compiling /home/tarun/surveillance_bot/ros2/ws/install/edgevision_ros/lib/python3.10/site-packages/edgevision_ros/face_recognizer.py to face_recognizer.cpython-310.pyc
[2.856s] byte-compiling /home/tarun/surveillance_bot/ros2/ws/install/edgevision_ros/lib/python3.10/site-packages/edgevision_ros/perception_node.py to perception_node.cpython-310.pyc
[2.858s] byte-compiling /home/tarun/surveillance_bot/ros2/ws/install/edgevision_ros/lib/python3.10/site-packages/edgevision_ros/face_node.py to face_node.cpython-310.pyc
[2.858s] byte-compiling /home/tarun/surveillance_bot/ros2/ws/install/edgevision_ros/lib/python3.10/site-packages/edgevision_ros/event_logger_node.py to event_logger_node.cpython-310.pyc
[2.859s] byte-compiling /home/tarun/surveillance_bot/ros2/ws/install/edgevision_ros/lib/python3.10/site-packages/edgevision_ros/face_database.py to face_database.cpython-310.pyc
[2.860s] byte-compiling /home/tarun/surveillance_bot/ros2/ws/install/edgevision_ros/lib/python3.10/site-packages/edgevision_ros/detector_node.py to detector_node.cpython-310.pyc
[2.861s] byte-compiling /home/tarun/surveillance_bot/ros2/ws/install/edgevision_ros/lib/python3.10/site-packages/edgevision_ros/__init__.py to __init__.cpython-310.pyc
[2.861s] running install_data
[2.862s] copying resource/edgevision_ros -> /home/tarun/surveillance_bot/ros2/ws/install/edgevision_ros/share/ament_index/resource_index/packages
[2.862s] copying package.xml -> /home/tarun/surveillance_bot/ros2/ws/install/edgevision_ros/share/edgevision_ros
[2.863s] running install_egg_info
[2.867s] Copying ../../build/edgevision_ros/edgevision_ros.egg-info to /home/tarun/surveillance_bot/ros2/ws/install/edgevision_ros/lib/python3.10/site-packages/edgevision_ros-0.0.0-py3.10.egg-info
[2.869s] running install_scripts
[2.906s] Installing camera_node script to /home/tarun/surveillance_bot/ros2/ws/install/edgevision_ros/lib/edgevision_ros
[2.906s] Installing detector_node script to /home/tarun/surveillance_bot/ros2/ws/install/edgevision_ros/lib/edgevision_ros
[2.907s] Installing event_logger_node script to /home/tarun/surveillance_bot/ros2/ws/install/edgevision_ros/lib/edgevision_ros
[2.907s] Installing face_node script to /home/tarun/surveillance_bot/ros2/ws/install/edgevision_ros/lib/edgevision_ros
[2.907s] Installing perception_node script to /home/tarun/surveillance_bot/ros2/ws/install/edgevision_ros/lib/edgevision_ros
[2.908s] Installing tracker_node script to /home/tarun/surveillance_bot/ros2/ws/install/edgevision_ros/lib/edgevision_ros
[2.908s] writing list of installed files to '/home/tarun/surveillance_bot/ros2/ws/build/edgevision_ros/install.log'
[2.986s] Invoked command in '/home/tarun/surveillance_bot/ros2/ws/src/edgevision_ros' returned '0': AMENT_PREFIX_PATH=/home/tarun/surveillance_bot/ros2/ws/install/edgevision_msgs:${AMENT_PREFIX_PATH} CMAKE_PREFIX_PATH=/home/tarun/surveillance_bot/ros2/ws/install/edgevision_msgs LD_LIBRARY_PATH=/home/tarun/surveillance_bot/ros2/ws/install/edgevision_msgs/lib:${LD_LIBRARY_PATH} PYTHONPATH=/home/tarun/surveillance_bot/ros2/ws/build/edgevision_ros/prefix_override:/usr/lib/python3/dist-packages/colcon_core/task/python/colcon_distutils_commands:/home/tarun/surveillance_bot/ros2/ws/install/edgevision_ros/lib/python3.10/site-packages:/home/tarun/surveillance_bot/ros2/ws/install/edgevision_msgs/lib/python3.10/site-packages:${PYTHONPATH} VIRTUAL_ENV_PROMPT=(.venv) /usr/bin/python3 -W ignore:setup.py install is deprecated -W ignore:easy_install command is deprecated setup.py egg_info --egg-base ../../build/edgevision_ros build --build-base /home/tarun/surveillance_bot/ros2/ws/build/edgevision_ros/build install --record /home/tarun/surveillance_bot/ros2/ws/build/edgevision_ros/install.log --install-scripts $base/lib/edgevision_ros --single-version-externally-managed install_data --force
