[0.695s] DEBUG:colcon:Command line arguments: ['/usr/bin/colcon', 'build', '--symlink-install']
[0.696s] DEBUG:colcon:Parsed command line arguments: Namespace(log_base=None, log_level=None, verb_name='build', build_base='build', install_base='install', merge_install=False, symlink_install=True, test_result_base=None, continue_on_error=False, executor='parallel', parallel_workers=8, event_handlers=None, ignore_user_meta=False, metas=['./colcon.meta'], base_paths=['.'], packages_ignore=None, packages_ignore_regex=None, paths=None, packages_up_to=None, packages_up_to_regex=None, packages_above=None, packages_above_and_dependencies=None, packages_above_depth=None, packages_select_by_dep=None, packages_skip_by_dep=None, packages_skip_up_to=None, packages_select_build_failed=False, packages_skip_build_finished=False, packages_select_test_failures=False, packages_skip_test_passed=False, packages_select=None, packages_skip=None, packages_select_regex=None, packages_skip_regex=None, packages_start=None, packages_end=None, allow_overriding=[], cmake_args=None, cmake_target=None, cmake_target_skip_unavailable=False, cmake_clean_cache=False, cmake_clean_first=False, cmake_force_configure=False, ament_cmake_args=None, catkin_cmake_args=None, catkin_skip_building_tests=False, mixin_files=None, mixin=None, verb_parser=<colcon_mixin.mixin.mixin_argument.MixinArgumentDecorator object at 0x76d5ee069d50>, verb_extension=<colcon_core.verb.build.BuildVerb object at 0x76d5ee1e37f0>, main=<bound method BuildVerb.main of <colcon_core.verb.build.BuildVerb object at 0x76d5ee1e37f0>>, mixin_verb=('build',))
[1.273s] Level 1:colcon.colcon_core.package_discovery:discover_packages(colcon_meta) check parameters
[1.274s] Level 1:colcon.colcon_core.package_discovery:discover_packages(recursive) check parameters
[1.274s] Level 1:colcon.colcon_core.package_discovery:discover_packages(ignore) check parameters
[1.274s] Level 1:colcon.colcon_core.package_discovery:discover_packages(path) check parameters
[1.274s] Level 1:colcon.colcon_core.package_discovery:discover_packages(colcon_meta) discover
[1.274s] Level 1:colcon.colcon_core.package_discovery:discover_packages(recursive) discover
[1.274s] INFO:colcon.colcon_core.package_discovery:Crawling recursively for packages in '/home/tarun/surveillance_bot/ros2/ws'
[1.274s] Level 1:colcon.colcon_core.package_identification:_identify(.) by extensions ['ignore', 'ignore_ament_install']
[1.274s] Level 1:colcon.colcon_core.package_identification:_identify(.) by extension 'ignore'
[1.274s] Level 1:colcon.colcon_core.package_identification:_identify(.) by extension 'ignore_ament_install'
[1.275s] Level 1:colcon.colcon_core.package_identification:_identify(.) by extensions ['colcon_pkg']
[1.275s] Level 1:colcon.colcon_core.package_identification:_identify(.) by extension 'colcon_pkg'
[1.275s] Level 1:colcon.colcon_core.package_identification:_identify(.) by extensions ['colcon_meta']
[1.275s] Level 1:colcon.colcon_core.package_identification:_identify(.) by extension 'colcon_meta'
[1.275s] Level 1:colcon.colcon_core.package_identification:_identify(.) by extensions ['ros']
[1.275s] Level 1:colcon.colcon_core.package_identification:_identify(.) by extension 'ros'
[1.305s] Level 1:colcon.colcon_core.package_identification:_identify(.) by extensions ['cmake', 'python']
[1.305s] Level 1:colcon.colcon_core.package_identification:_identify(.) by extension 'cmake'
[1.305s] Level 1:colcon.colcon_core.package_identification:_identify(.) by extension 'python'
[1.305s] Level 1:colcon.colcon_core.package_identification:_identify(.) by extensions ['python_setup_py']
[1.305s] Level 1:colcon.colcon_core.package_identification:_identify(.) by extension 'python_setup_py'
[1.305s] Level 1:colcon.colcon_core.package_identification:_identify(build) by extensions ['ignore', 'ignore_ament_install']
[1.305s] Level 1:colcon.colcon_core.package_identification:_identify(build) by extension 'ignore'
[1.306s] Level 1:colcon.colcon_core.package_identification:_identify(build) ignored
[1.306s] Level 1:colcon.colcon_core.package_identification:_identify(install) by extensions ['ignore', 'ignore_ament_install']
[1.306s] Level 1:colcon.colcon_core.package_identification:_identify(install) by extension 'ignore'
[1.306s] Level 1:colcon.colcon_core.package_identification:_identify(install) ignored
[1.306s] Level 1:colcon.colcon_core.package_identification:_identify(log) by extensions ['ignore', 'ignore_ament_install']
[1.306s] Level 1:colcon.colcon_core.package_identification:_identify(log) by extension 'ignore'
[1.306s] Level 1:colcon.colcon_core.package_identification:_identify(log) ignored
[1.307s] Level 1:colcon.colcon_core.package_identification:_identify(src) by extensions ['ignore', 'ignore_ament_install']
[1.307s] Level 1:colcon.colcon_core.package_identification:_identify(src) by extension 'ignore'
[1.307s] Level 1:colcon.colcon_core.package_identification:_identify(src) by extension 'ignore_ament_install'
[1.307s] Level 1:colcon.colcon_core.package_identification:_identify(src) by extensions ['colcon_pkg']
[1.307s] Level 1:colcon.colcon_core.package_identification:_identify(src) by extension 'colcon_pkg'
[1.307s] Level 1:colcon.colcon_core.package_identification:_identify(src) by extensions ['colcon_meta']
[1.307s] Level 1:colcon.colcon_core.package_identification:_identify(src) by extension 'colcon_meta'
[1.307s] Level 1:colcon.colcon_core.package_identification:_identify(src) by extensions ['ros']
[1.307s] Level 1:colcon.colcon_core.package_identification:_identify(src) by extension 'ros'
[1.307s] Level 1:colcon.colcon_core.package_identification:_identify(src) by extensions ['cmake', 'python']
[1.307s] Level 1:colcon.colcon_core.package_identification:_identify(src) by extension 'cmake'
[1.307s] Level 1:colcon.colcon_core.package_identification:_identify(src) by extension 'python'
[1.308s] Level 1:colcon.colcon_core.package_identification:_identify(src) by extensions ['python_setup_py']
[1.308s] Level 1:colcon.colcon_core.package_identification:_identify(src) by extension 'python_setup_py'
[1.308s] Level 1:colcon.colcon_core.package_identification:_identify(src/build) by extensions ['ignore', 'ignore_ament_install']
[1.308s] Level 1:colcon.colcon_core.package_identification:_identify(src/build) by extension 'ignore'
[1.308s] Level 1:colcon.colcon_core.package_identification:_identify(src/build) ignored
[1.308s] Level 1:colcon.colcon_core.package_identification:_identify(src/edgevision_msgs) by extensions ['ignore', 'ignore_ament_install']
[1.308s] Level 1:colcon.colcon_core.package_identification:_identify(src/edgevision_msgs) by extension 'ignore'
[1.308s] Level 1:colcon.colcon_core.package_identification:_identify(src/edgevision_msgs) by extension 'ignore_ament_install'
[1.308s] Level 1:colcon.colcon_core.package_identification:_identify(src/edgevision_msgs) by extensions ['colcon_pkg']
[1.309s] Level 1:colcon.colcon_core.package_identification:_identify(src/edgevision_msgs) by extension 'colcon_pkg'
[1.309s] Level 1:colcon.colcon_core.package_identification:_identify(src/edgevision_msgs) by extensions ['colcon_meta']
[1.309s] Level 1:colcon.colcon_core.package_identification:_identify(src/edgevision_msgs) by extension 'colcon_meta'
[1.309s] Level 1:colcon.colcon_core.package_identification:_identify(src/edgevision_msgs) by extensions ['ros']
[1.309s] Level 1:colcon.colcon_core.package_identification:_identify(src/edgevision_msgs) by extension 'ros'
[1.317s] DEBUG:colcon.colcon_core.package_identification:Package 'src/edgevision_msgs' with type 'ros.ament_cmake' and name 'edgevision_msgs'
[1.318s] Level 1:colcon.colcon_core.package_identification:_identify(src/edgevision_ros) by extensions ['ignore', 'ignore_ament_install']
[1.318s] Level 1:colcon.colcon_core.package_identification:_identify(src/edgevision_ros) by extension 'ignore'
[1.318s] Level 1:colcon.colcon_core.package_identification:_identify(src/edgevision_ros) by extension 'ignore_ament_install'
[1.319s] Level 1:colcon.colcon_core.package_identification:_identify(src/edgevision_ros) by extensions ['colcon_pkg']
[1.319s] Level 1:colcon.colcon_core.package_identification:_identify(src/edgevision_ros) by extension 'colcon_pkg'
[1.319s] Level 1:colcon.colcon_core.package_identification:_identify(src/edgevision_ros) by extensions ['colcon_meta']
[1.319s] Level 1:colcon.colcon_core.package_identification:_identify(src/edgevision_ros) by extension 'colcon_meta'
[1.319s] Level 1:colcon.colcon_core.package_identification:_identify(src/edgevision_ros) by extensions ['ros']
[1.319s] Level 1:colcon.colcon_core.package_identification:_identify(src/edgevision_ros) by extension 'ros'
[1.322s] DEBUG:colcon.colcon_core.package_identification:Package 'src/edgevision_ros' with type 'ros.ament_python' and name 'edgevision_ros'
[1.322s] Level 1:colcon.colcon_core.package_identification:_identify(src/install) by extensions ['ignore', 'ignore_ament_install']
[1.322s] Level 1:colcon.colcon_core.package_identification:_identify(src/install) by extension 'ignore'
[1.323s] Level 1:colcon.colcon_core.package_identification:_identify(src/install) ignored
[1.323s] Level 1:colcon.colcon_core.package_identification:_identify(src/log) by extensions ['ignore', 'ignore_ament_install']
[1.323s] Level 1:colcon.colcon_core.package_identification:_identify(src/log) by extension 'ignore'
[1.323s] Level 1:colcon.colcon_core.package_identification:_identify(src/log) ignored
[1.323s] Level 1:colcon.colcon_core.package_discovery:discover_packages(recursive) using defaults
[1.323s] Level 1:colcon.colcon_core.package_discovery:discover_packages(ignore) discover
[1.323s] Level 1:colcon.colcon_core.package_discovery:discover_packages(ignore) using defaults
[1.323s] Level 1:colcon.colcon_core.package_discovery:discover_packages(path) discover
[1.324s] Level 1:colcon.colcon_core.package_discovery:discover_packages(path) using defaults
[1.434s] Level 1:colcon.colcon_core.package_discovery:discover_packages(prefix_path) check parameters
[1.434s] Level 1:colcon.colcon_core.package_discovery:discover_packages(prefix_path) discover
[1.444s] DEBUG:colcon.colcon_installed_package_information.package_discovery:Found 273 installed packages in /opt/ros/humble
[1.446s] Level 1:colcon.colcon_core.package_discovery:discover_packages(prefix_path) using defaults
[1.526s] Level 5:colcon.colcon_core.verb:set package 'edgevision_msgs' build argument 'cmake_args' from command line to 'None'
[1.526s] Level 5:colcon.colcon_core.verb:set package 'edgevision_msgs' build argument 'cmake_target' from command line to 'None'
[1.526s] Level 5:colcon.colcon_core.verb:set package 'edgevision_msgs' build argument 'cmake_target_skip_unavailable' from command line to 'False'
[1.526s] Level 5:colcon.colcon_core.verb:set package 'edgevision_msgs' build argument 'cmake_clean_cache' from command line to 'False'
[1.527s] Level 5:colcon.colcon_core.verb:set package 'edgevision_msgs' build argument 'cmake_clean_first' from command line to 'False'
[1.527s] Level 5:colcon.colcon_core.verb:set package 'edgevision_msgs' build argument 'cmake_force_configure' from command line to 'False'
[1.527s] Level 5:colcon.colcon_core.verb:set package 'edgevision_msgs' build argument 'ament_cmake_args' from command line to 'None'
[1.527s] Level 5:colcon.colcon_core.verb:set package 'edgevision_msgs' build argument 'catkin_cmake_args' from command line to 'None'
[1.527s] Level 5:colcon.colcon_core.verb:set package 'edgevision_msgs' build argument 'catkin_skip_building_tests' from command line to 'False'
[1.527s] DEBUG:colcon.colcon_core.verb:Building package 'edgevision_msgs' with the following arguments: {'ament_cmake_args': None, 'build_base': '/home/tarun/surveillance_bot/ros2/ws/build/edgevision_msgs', 'catkin_cmake_args': None, 'catkin_skip_building_tests': False, 'cmake_args': None, 'cmake_clean_cache': False, 'cmake_clean_first': False, 'cmake_force_configure': False, 'cmake_target': None, 'cmake_target_skip_unavailable': False, 'install_base': '/home/tarun/surveillance_bot/ros2/ws/install/edgevision_msgs', 'merge_install': False, 'path': '/home/tarun/surveillance_bot/ros2/ws/src/edgevision_msgs', 'symlink_install': True, 'test_result_base': None}
[1.528s] Level 5:colcon.colcon_core.verb:set package 'edgevision_ros' build argument 'cmake_args' from command line to 'None'
[1.528s] Level 5:colcon.colcon_core.verb:set package 'edgevision_ros' build argument 'cmake_target' from command line to 'None'
[1.528s] Level 5:colcon.colcon_core.verb:set package 'edgevision_ros' build argument 'cmake_target_skip_unavailable' from command line to 'False'
[1.528s] Level 5:colcon.colcon_core.verb:set package 'edgevision_ros' build argument 'cmake_clean_cache' from command line to 'False'
[1.528s] Level 5:colcon.colcon_core.verb:set package 'edgevision_ros' build argument 'cmake_clean_first' from command line to 'False'
[1.528s] Level 5:colcon.colcon_core.verb:set package 'edgevision_ros' build argument 'cmake_force_configure' from command line to 'False'
[1.528s] Level 5:colcon.colcon_core.verb:set package 'edgevision_ros' build argument 'ament_cmake_args' from command line to 'None'
[1.528s] Level 5:colcon.colcon_core.verb:set package 'edgevision_ros' build argument 'catkin_cmake_args' from command line to 'None'
[1.528s] Level 5:colcon.colcon_core.verb:set package 'edgevision_ros' build argument 'catkin_skip_building_tests' from command line to 'False'
[1.529s] DEBUG:colcon.colcon_core.verb:Building package 'edgevision_ros' with the following arguments: {'ament_cmake_args': None, 'build_base': '/home/tarun/surveillance_bot/ros2/ws/build/edgevision_ros', 'catkin_cmake_args': None, 'catkin_skip_building_tests': False, 'cmake_args': None, 'cmake_clean_cache': False, 'cmake_clean_first': False, 'cmake_force_configure': False, 'cmake_target': None, 'cmake_target_skip_unavailable': False, 'install_base': '/home/tarun/surveillance_bot/ros2/ws/install/edgevision_ros', 'merge_install': False, 'path': '/home/tarun/surveillance_bot/ros2/ws/src/edgevision_ros', 'symlink_install': True, 'test_result_base': None}
[1.529s] INFO:colcon.colcon_core.executor:Executing jobs using 'parallel' executor
[1.532s] DEBUG:colcon.colcon_parallel_executor.executor.parallel:run_until_complete
[1.532s] INFO:colcon.colcon_ros.task.ament_cmake.build:Building ROS package in '/home/tarun/surveillance_bot/ros2/ws/src/edgevision_msgs' with build type 'ament_cmake'
[1.533s] INFO:colcon.colcon_cmake.task.cmake.build:Building CMake package in '/home/tarun/surveillance_bot/ros2/ws/src/edgevision_msgs'
[1.542s] INFO:colcon.colcon_core.plugin_system:Skipping extension 'colcon_core.shell.bat': Not used on non-Windows systems
[1.542s] INFO:colcon.colcon_core.shell:Skip shell extension 'powershell' for command environment: Not usable outside of PowerShell
[1.542s] DEBUG:colcon.colcon_core.shell:Skip shell extension 'dsv' for command environment
[1.560s] DEBUG:colcon.colcon_core.event_handler.log_command:Invoking command in '/home/tarun/surveillance_bot/ros2/ws/build/edgevision_msgs': CMAKE_PREFIX_PATH=/opt/ros/humble VIRTUAL_ENV_PROMPT=(.venv) /usr/bin/cmake --build /home/tarun/surveillance_bot/ros2/ws/build/edgevision_msgs -- -j8 -l8
[2.463s] DEBUG:colcon.colcon_core.event_handler.log_command:Invoked command in '/home/tarun/surveillance_bot/ros2/ws/build/edgevision_msgs' returned '0': CMAKE_PREFIX_PATH=/opt/ros/humble VIRTUAL_ENV_PROMPT=(.venv) /usr/bin/cmake --build /home/tarun/surveillance_bot/ros2/ws/build/edgevision_msgs -- -j8 -l8
[2.499s] DEBUG:colcon.colcon_core.event_handler.log_command:Invoking command in '/home/tarun/surveillance_bot/ros2/ws/build/edgevision_msgs': CMAKE_PREFIX_PATH=/opt/ros/humble VIRTUAL_ENV_PROMPT=(.venv) /usr/bin/cmake --install /home/tarun/surveillance_bot/ros2/ws/build/edgevision_msgs
[2.698s] Level 1:colcon.colcon_core.environment:create_environment_scripts_only(edgevision_msgs)
[2.699s] DEBUG:colcon.colcon_core.event_handler.log_command:Invoked command in '/home/tarun/surveillance_bot/ros2/ws/build/edgevision_msgs' returned '0': CMAKE_PREFIX_PATH=/opt/ros/humble VIRTUAL_ENV_PROMPT=(.venv) /usr/bin/cmake --install /home/tarun/surveillance_bot/ros2/ws/build/edgevision_msgs
[2.708s] Level 1:colcon.colcon_core.environment:checking '/home/tarun/surveillance_bot/ros2/ws/install/edgevision_msgs' for CMake module files
[2.709s] Level 1:colcon.colcon_core.environment:checking '/home/tarun/surveillance_bot/ros2/ws/install/edgevision_msgs' for CMake config files
[2.712s] Level 1:colcon.colcon_core.shell:create_environment_hook('edgevision_msgs', 'cmake_prefix_path')
[2.713s] INFO:colcon.colcon_core.shell:Creating environment hook '/home/tarun/surveillance_bot/ros2/ws/install/edgevision_msgs/share/edgevision_msgs/hook/cmake_prefix_path.ps1'
[2.716s] INFO:colcon.colcon_core.shell:Creating environment descriptor '/home/tarun/surveillance_bot/ros2/ws/install/edgevision_msgs/share/edgevision_msgs/hook/cmake_prefix_path.dsv'
[2.718s] INFO:colcon.colcon_core.shell:Creating environment hook '/home/tarun/surveillance_bot/ros2/ws/install/edgevision_msgs/share/edgevision_msgs/hook/cmake_prefix_path.sh'
[2.721s] Level 1:colcon.colcon_core.environment:checking '/home/tarun/surveillance_bot/ros2/ws/install/edgevision_msgs/lib'
[2.722s] Level 1:colcon.colcon_core.shell:create_environment_hook('edgevision_msgs', 'ld_library_path_lib')
[2.723s] INFO:colcon.colcon_core.shell:Creating environment hook '/home/tarun/surveillance_bot/ros2/ws/install/edgevision_msgs/share/edgevision_msgs/hook/ld_library_path_lib.ps1'
[2.725s] INFO:colcon.colcon_core.shell:Creating environment descriptor '/home/tarun/surveillance_bot/ros2/ws/install/edgevision_msgs/share/edgevision_msgs/hook/ld_library_path_lib.dsv'
[2.726s] INFO:colcon.colcon_core.shell:Creating environment hook '/home/tarun/surveillance_bot/ros2/ws/install/edgevision_msgs/share/edgevision_msgs/hook/ld_library_path_lib.sh'
[2.728s] Level 1:colcon.colcon_core.environment:checking '/home/tarun/surveillance_bot/ros2/ws/install/edgevision_msgs/bin'
[2.728s] Level 1:colcon.colcon_core.environment:checking '/home/tarun/surveillance_bot/ros2/ws/install/edgevision_msgs/lib/pkgconfig/edgevision_msgs.pc'
[2.729s] Level 1:colcon.colcon_core.environment:checking '/home/tarun/surveillance_bot/ros2/ws/install/edgevision_msgs/lib/python3.10/site-packages'
[2.729s] Level 1:colcon.colcon_core.shell:create_environment_hook('edgevision_msgs', 'pythonpath')
[2.730s] INFO:colcon.colcon_core.shell:Creating environment hook '/home/tarun/surveillance_bot/ros2/ws/install/edgevision_msgs/share/edgevision_msgs/hook/pythonpath.ps1'
[2.732s] INFO:colcon.colcon_core.shell:Creating environment descriptor '/home/tarun/surveillance_bot/ros2/ws/install/edgevision_msgs/share/edgevision_msgs/hook/pythonpath.dsv'
[2.734s] INFO:colcon.colcon_core.shell:Creating environment hook '/home/tarun/surveillance_bot/ros2/ws/install/edgevision_msgs/share/edgevision_msgs/hook/pythonpath.sh'
[2.737s] Level 1:colcon.colcon_core.environment:checking '/home/tarun/surveillance_bot/ros2/ws/install/edgevision_msgs/bin'
[2.738s] INFO:colcon.colcon_core.shell:Creating package script '/home/tarun/surveillance_bot/ros2/ws/install/edgevision_msgs/share/edgevision_msgs/package.ps1'
[2.743s] INFO:colcon.colcon_core.shell:Creating package descriptor '/home/tarun/surveillance_bot/ros2/ws/install/edgevision_msgs/share/edgevision_msgs/package.dsv'
[2.747s] INFO:colcon.colcon_core.shell:Creating package script '/home/tarun/surveillance_bot/ros2/ws/install/edgevision_msgs/share/edgevision_msgs/package.sh'
[2.752s] INFO:colcon.colcon_core.shell:Creating package script '/home/tarun/surveillance_bot/ros2/ws/install/edgevision_msgs/share/edgevision_msgs/package.bash'
[2.754s] INFO:colcon.colcon_core.shell:Creating package script '/home/tarun/surveillance_bot/ros2/ws/install/edgevision_msgs/share/edgevision_msgs/package.zsh'
[2.757s] Level 1:colcon.colcon_core.environment:create_file_with_runtime_dependencies(/home/tarun/surveillance_bot/ros2/ws/install/edgevision_msgs/share/colcon-core/packages/edgevision_msgs)
[2.758s] Level 1:colcon.colcon_core.environment:create_environment_scripts_only(edgevision_msgs)
[2.759s] Level 1:colcon.colcon_core.environment:checking '/home/tarun/surveillance_bot/ros2/ws/install/edgevision_msgs' for CMake module files
[2.761s] Level 1:colcon.colcon_core.environment:checking '/home/tarun/surveillance_bot/ros2/ws/install/edgevision_msgs' for CMake config files
[2.763s] Level 1:colcon.colcon_core.shell:create_environment_hook('edgevision_msgs', 'cmake_prefix_path')
[2.764s] INFO:colcon.colcon_core.shell:Creating environment hook '/home/tarun/surveillance_bot/ros2/ws/install/edgevision_msgs/share/edgevision_msgs/hook/cmake_prefix_path.ps1'
[2.766s] INFO:colcon.colcon_core.shell:Creating environment descriptor '/home/tarun/surveillance_bot/ros2/ws/install/edgevision_msgs/share/edgevision_msgs/hook/cmake_prefix_path.dsv'
[2.767s] INFO:colcon.colcon_core.shell:Creating environment hook '/home/tarun/surveillance_bot/ros2/ws/install/edgevision_msgs/share/edgevision_msgs/hook/cmake_prefix_path.sh'
[2.769s] Level 1:colcon.colcon_core.environment:checking '/home/tarun/surveillance_bot/ros2/ws/install/edgevision_msgs/lib'
[2.769s] Level 1:colcon.colcon_core.shell:create_environment_hook('edgevision_msgs', 'ld_library_path_lib')
[2.770s] INFO:colcon.colcon_core.shell:Creating environment hook '/home/tarun/surveillance_bot/ros2/ws/install/edgevision_msgs/share/edgevision_msgs/hook/ld_library_path_lib.ps1'
[2.771s] INFO:colcon.colcon_core.shell:Creating environment descriptor '/home/tarun/surveillance_bot/ros2/ws/install/edgevision_msgs/share/edgevision_msgs/hook/ld_library_path_lib.dsv'
[2.772s] INFO:colcon.colcon_core.shell:Creating environment hook '/home/tarun/surveillance_bot/ros2/ws/install/edgevision_msgs/share/edgevision_msgs/hook/ld_library_path_lib.sh'
[2.773s] Level 1:colcon.colcon_core.environment:checking '/home/tarun/surveillance_bot/ros2/ws/install/edgevision_msgs/bin'
[2.773s] Level 1:colcon.colcon_core.environment:checking '/home/tarun/surveillance_bot/ros2/ws/install/edgevision_msgs/lib/pkgconfig/edgevision_msgs.pc'
[2.774s] Level 1:colcon.colcon_core.environment:checking '/home/tarun/surveillance_bot/ros2/ws/install/edgevision_msgs/lib/python3.10/site-packages'
[2.774s] Level 1:colcon.colcon_core.shell:create_environment_hook('edgevision_msgs', 'pythonpath')
[2.774s] INFO:colcon.colcon_core.shell:Creating environment hook '/home/tarun/surveillance_bot/ros2/ws/install/edgevision_msgs/share/edgevision_msgs/hook/pythonpath.ps1'
[2.776s] INFO:colcon.colcon_core.shell:Creating environment descriptor '/home/tarun/surveillance_bot/ros2/ws/install/edgevision_msgs/share/edgevision_msgs/hook/pythonpath.dsv'
[2.776s] INFO:colcon.colcon_core.shell:Creating environment hook '/home/tarun/surveillance_bot/ros2/ws/install/edgevision_msgs/share/edgevision_msgs/hook/pythonpath.sh'
[2.778s] Level 1:colcon.colcon_core.environment:checking '/home/tarun/surveillance_bot/ros2/ws/install/edgevision_msgs/bin'
[2.779s] INFO:colcon.colcon_core.shell:Creating package script '/home/tarun/surveillance_bot/ros2/ws/install/edgevision_msgs/share/edgevision_msgs/package.ps1'
[2.781s] INFO:colcon.colcon_core.shell:Creating package descriptor '/home/tarun/surveillance_bot/ros2/ws/install/edgevision_msgs/share/edgevision_msgs/package.dsv'
[2.782s] INFO:colcon.colcon_core.shell:Creating package script '/home/tarun/surveillance_bot/ros2/ws/install/edgevision_msgs/share/edgevision_msgs/package.sh'
[2.783s] INFO:colcon.colcon_core.shell:Creating package script '/home/tarun/surveillance_bot/ros2/ws/install/edgevision_msgs/share/edgevision_msgs/package.bash'
[2.784s] INFO:colcon.colcon_core.shell:Creating package script '/home/tarun/surveillance_bot/ros2/ws/install/edgevision_msgs/share/edgevision_msgs/package.zsh'
[2.785s] Level 1:colcon.colcon_core.environment:create_file_with_runtime_dependencies(/home/tarun/surveillance_bot/ros2/ws/install/edgevision_msgs/share/colcon-core/packages/edgevision_msgs)
[2.786s] INFO:colcon.colcon_ros.task.ament_python.build:Building ROS package in '/home/tarun/surveillance_bot/ros2/ws/src/edgevision_ros' with build type 'ament_python'
[2.787s] Level 1:colcon.colcon_core.shell:create_environment_hook('edgevision_ros', 'ament_prefix_path')
[2.787s] INFO:colcon.colcon_core.shell:Creating environment hook '/home/tarun/surveillance_bot/ros2/ws/install/edgevision_ros/share/edgevision_ros/hook/ament_prefix_path.ps1'
[2.789s] INFO:colcon.colcon_core.shell:Creating environment descriptor '/home/tarun/surveillance_bot/ros2/ws/install/edgevision_ros/share/edgevision_ros/hook/ament_prefix_path.dsv'
[2.790s] INFO:colcon.colcon_core.shell:Creating environment hook '/home/tarun/surveillance_bot/ros2/ws/install/edgevision_ros/share/edgevision_ros/hook/ament_prefix_path.sh'
[2.791s] INFO:colcon.colcon_core.shell:Skip shell extension 'powershell' for command environment: Not usable outside of PowerShell
[2.792s] DEBUG:colcon.colcon_core.shell:Skip shell extension 'dsv' for command environment
[3.423s] INFO:colcon.colcon_core.task.python.build:Building Python package in '/home/tarun/surveillance_bot/ros2/ws/src/edgevision_ros'
[3.424s] INFO:colcon.colcon_core.shell:Skip shell extension 'powershell' for command environment: Not usable outside of PowerShell
[3.424s] DEBUG:colcon.colcon_core.shell:Skip shell extension 'dsv' for command environment
[4.306s] DEBUG:colcon.colcon_core.task.python.build:Available setuptools commands: register, setopt, build_py, upload, test, bdist_dumb, develop, install_headers, build_ext, check, install_scripts, install_data, bdist_wheel, bdist, bdist_egg, sdist, rotate, saveopts, install, upload_docs, install_lib, egg_info, dist_info, easy_install, build_scripts, install_egg_info, build, clean, bdist_rpm, symlink_data, alias, build_clib
[4.977s] DEBUG:colcon.colcon_core.task.python.build:Available setuptools 'develop' options: --script-dir, --quiet, --verbose, --optimize, --local-snapshots-ok, --zip-ok, --help, --install-dir, --prefix, --exclude-scripts, --index-url, --find-links, --build-directory, --allow-hosts, --user, --no-find-links, --uninstall, --version, --force-installation-into-system-dir, --always-unzip, --egg-path, --always-copy, --record, --no-user-cfg, --upgrade, --site-dirs, --multi-version, --install-layout, --no-deps, --editable, --dry-run
[4.983s] DEBUG:colcon.colcon_core.event_handler.log_command:Invoking command in '/home/tarun/surveillance_bot/ros2/ws/build/edgevision_ros': AMENT_PREFIX_PATH=/home/tarun/surveillance_bot/ros2/ws/install/edgevision_msgs:${AMENT_PREFIX_PATH} CMAKE_PREFIX_PATH=/home/tarun/surveillance_bot/ros2/ws/install/edgevision_msgs LD_LIBRARY_PATH=/home/tarun/surveillance_bot/ros2/ws/install/edgevision_msgs/lib:${LD_LIBRARY_PATH} PYTHONPATH=/home/tarun/surveillance_bot/ros2/ws/build/edgevision_ros/prefix_override:/usr/lib/python3/dist-packages/colcon_core/task/python/colcon_distutils_commands:/home/tarun/surveillance_bot/ros2/ws/install/edgevision_ros/lib/python3.10/site-packages:/home/tarun/surveillance_bot/ros2/ws/install/edgevision_msgs/lib/python3.10/site-packages:${PYTHONPATH} VIRTUAL_ENV_PROMPT=(.venv) /usr/bin/python3 -W ignore:setup.py install is deprecated -W ignore:easy_install command is deprecated setup.py develop --editable --build-directory /home/tarun/surveillance_bot/ros2/ws/build/edgevision_ros/build --no-deps symlink_data
[6.105s] Level 1:colcon.colcon_core.shell:create_environment_hook('edgevision_ros', 'pythonpath_develop')
[6.106s] INFO:colcon.colcon_core.shell:Creating environment hook '/home/tarun/surveillance_bot/ros2/ws/build/edgevision_ros/share/edgevision_ros/hook/pythonpath_develop.ps1'
[6.108s] DEBUG:colcon.colcon_core.event_handler.log_command:Invoked command in '/home/tarun/surveillance_bot/ros2/ws/build/edgevision_ros' returned '0': AMENT_PREFIX_PATH=/home/tarun/surveillance_bot/ros2/ws/install/edgevision_msgs:${AMENT_PREFIX_PATH} CMAKE_PREFIX_PATH=/home/tarun/surveillance_bot/ros2/ws/install/edgevision_msgs LD_LIBRARY_PATH=/home/tarun/surveillance_bot/ros2/ws/install/edgevision_msgs/lib:${LD_LIBRARY_PATH} PYTHONPATH=/home/tarun/surveillance_bot/ros2/ws/build/edgevision_ros/prefix_override:/usr/lib/python3/dist-packages/colcon_core/task/python/colcon_distutils_commands:/home/tarun/surveillance_bot/ros2/ws/install/edgevision_ros/lib/python3.10/site-packages:/home/tarun/surveillance_bot/ros2/ws/install/edgevision_msgs/lib/python3.10/site-packages:${PYTHONPATH} VIRTUAL_ENV_PROMPT=(.venv) /usr/bin/python3 -W ignore:setup.py install is deprecated -W ignore:easy_install command is deprecated setup.py develop --editable --build-directory /home/tarun/surveillance_bot/ros2/ws/build/edgevision_ros/build --no-deps symlink_data
[6.109s] INFO:colcon.colcon_core.shell:Creating environment descriptor '/home/tarun/surveillance_bot/ros2/ws/build/edgevision_ros/share/edgevision_ros/hook/pythonpath_develop.dsv'
[6.110s] INFO:colcon.colcon_core.shell:Creating environment hook '/home/tarun/surveillance_bot/ros2/ws/build/edgevision_ros/share/edgevision_ros/hook/pythonpath_develop.sh'
[6.112s] Level 1:colcon.colcon_core.environment:checking '/home/tarun/surveillance_bot/ros2/ws/install/edgevision_ros' for CMake module files
[6.113s] Level 1:colcon.colcon_core.environment:checking '/home/tarun/surveillance_bot/ros2/ws/install/edgevision_ros' for CMake config files
[6.114s] Level 1:colcon.colcon_core.environment:checking '/home/tarun/surveillance_bot/ros2/ws/install/edgevision_ros/lib'
[6.115s] Level 1:colcon.colcon_core.environment:checking '/home/tarun/surveillance_bot/ros2/ws/install/edgevision_ros/bin'
[6.115s] Level 1:colcon.colcon_core.environment:checking '/home/tarun/surveillance_bot/ros2/ws/install/edgevision_ros/lib/pkgconfig/edgevision_ros.pc'
[6.115s] Level 1:colcon.colcon_core.environment:checking '/home/tarun/surveillance_bot/ros2/ws/install/edgevision_ros/lib/python3.10/site-packages'
[6.115s] Level 1:colcon.colcon_core.shell:create_environment_hook('edgevision_ros', 'pythonpath')
[6.116s] INFO:colcon.colcon_core.shell:Creating environment hook '/home/tarun/surveillance_bot/ros2/ws/install/edgevision_ros/share/edgevision_ros/hook/pythonpath.ps1'
[6.117s] INFO:colcon.colcon_core.shell:Creating environment descriptor '/home/tarun/surveillance_bot/ros2/ws/install/edgevision_ros/share/edgevision_ros/hook/pythonpath.dsv'
[6.119s] INFO:colcon.colcon_core.shell:Creating environment hook '/home/tarun/surveillance_bot/ros2/ws/install/edgevision_ros/share/edgevision_ros/hook/pythonpath.sh'
[6.121s] Level 1:colcon.colcon_core.environment:checking '/home/tarun/surveillance_bot/ros2/ws/install/edgevision_ros/bin'
[6.121s] Level 1:colcon.colcon_core.environment:create_environment_scripts_only(edgevision_ros)
[6.123s] INFO:colcon.colcon_core.shell:Creating package script '/home/tarun/surveillance_bot/ros2/ws/install/edgevision_ros/share/edgevision_ros/package.ps1'
[6.125s] INFO:colcon.colcon_core.shell:Creating package descriptor '/home/tarun/surveillance_bot/ros2/ws/install/edgevision_ros/share/edgevision_ros/package.dsv'
[6.127s] INFO:colcon.colcon_core.shell:Creating package script '/home/tarun/surveillance_bot/ros2/ws/install/edgevision_ros/share/edgevision_ros/package.sh'
[6.129s] INFO:colcon.colcon_core.shell:Creating package script '/home/tarun/surveillance_bot/ros2/ws/install/edgevision_ros/share/edgevision_ros/package.bash'
[6.130s] INFO:colcon.colcon_core.shell:Creating package script '/home/tarun/surveillance_bot/ros2/ws/install/edgevision_ros/share/edgevision_ros/package.zsh'
[6.132s] Level 1:colcon.colcon_core.environment:create_file_with_runtime_dependencies(/home/tarun/surveillance_bot/ros2/ws/install/edgevision_ros/share/colcon-core/packages/edgevision_ros)
[6.133s] DEBUG:colcon.colcon_parallel_executor.executor.parallel:closing loop
[6.134s] DEBUG:colcon.colcon_parallel_executor.executor.parallel:loop closed
[6.135s] DEBUG:colcon.colcon_parallel_executor.executor.parallel:run_until_complete finished with '0'
[6.135s] DEBUG:colcon.colcon_core.event_reactor:joining thread
[6.156s] INFO:colcon.colcon_core.plugin_system:Skipping extension 'colcon_notification.desktop_notification.terminal_notifier': Not used on non-Darwin systems
[6.157s] INFO:colcon.colcon_core.plugin_system:Skipping extension 'colcon_notification.desktop_notification.win32': Not used on non-Windows systems
[6.157s] INFO:colcon.colcon_notification.desktop_notification:Sending desktop notification using 'notify2'
[6.225s] DEBUG:colcon.colcon_core.event_reactor:joined thread
[6.226s] INFO:colcon.colcon_core.shell:Creating prefix script '/home/tarun/surveillance_bot/ros2/ws/install/local_setup.ps1'
[6.229s] INFO:colcon.colcon_core.shell:Creating prefix util module '/home/tarun/surveillance_bot/ros2/ws/install/_local_setup_util_ps1.py'
[6.232s] INFO:colcon.colcon_core.shell:Creating prefix chain script '/home/tarun/surveillance_bot/ros2/ws/install/setup.ps1'
[6.236s] INFO:colcon.colcon_core.shell:Creating prefix script '/home/tarun/surveillance_bot/ros2/ws/install/local_setup.sh'
[6.238s] INFO:colcon.colcon_core.shell:Creating prefix util module '/home/tarun/surveillance_bot/ros2/ws/install/_local_setup_util_sh.py'
[6.240s] INFO:colcon.colcon_core.shell:Creating prefix chain script '/home/tarun/surveillance_bot/ros2/ws/install/setup.sh'
[6.243s] INFO:colcon.colcon_core.shell:Creating prefix script '/home/tarun/surveillance_bot/ros2/ws/install/local_setup.bash'
[6.246s] INFO:colcon.colcon_core.shell:Creating prefix chain script '/home/tarun/surveillance_bot/ros2/ws/install/setup.bash'
[6.250s] INFO:colcon.colcon_core.shell:Creating prefix script '/home/tarun/surveillance_bot/ros2/ws/install/local_setup.zsh'
[6.253s] INFO:colcon.colcon_core.shell:Creating prefix chain script '/home/tarun/surveillance_bot/ros2/ws/install/setup.zsh'
