[2.365s] Invoking command in '/home/tarun/surveillance_bot/ros2/ws/build/edgevision_ros': AMENT_PREFIX_PATH=/home/tarun/surveillance_bot/ros2/ws/install/edgevision_msgs:${AMENT_PREFIX_PATH} CMAKE_PREFIX_PATH=/home/tarun/surveillance_bot/ros2/ws/install/edgevision_msgs LD_LIBRARY_PATH=/home/tarun/surveillance_bot/ros2/ws/install/edgevision_msgs/lib:${LD_LIBRARY_PATH} PYTHONPATH=/home/tarun/surveillance_bot/ros2/ws/build/edgevision_ros/prefix_override:/usr/lib/python3/dist-packages/colcon_core/task/python/colcon_distutils_commands:/home/tarun/surveillance_bot/ros2/ws/install/edgevision_ros/lib/python3.10/site-packages:/home/tarun/surveillance_bot/ros2/ws/install/edgevision_msgs/lib/python3.10/site-packages:${PYTHONPATH} VIRTUAL_ENV_PROMPT=(.venv) /usr/bin/python3 -W ignore:setup.py install is deprecated -W ignore:easy_install command is deprecated setup.py develop --editable --build-directory /home/tarun/surveillance_bot/ros2/ws/build/edgevision_ros/build --no-deps symlink_data
[2.982s] running develop
[3.368s] running egg_info
[3.369s] writing edgevision_ros.egg-info/PKG-INFO
[3.369s] writing dependency_links to edgevision_ros.egg-info/dependency_links.txt
[3.370s] writing entry points to edgevision_ros.egg-info/entry_points.txt
[3.370s] writing requirements to edgevision_ros.egg-info/requires.txt
[3.370s] writing top-level names to edgevision_ros.egg-info/top_level.txt
[3.376s] reading manifest file 'edgevision_ros.egg-info/SOURCES.txt'
[3.382s] writing manifest file 'edgevision_ros.egg-info/SOURCES.txt'
[3.385s] running build_ext
[3.385s] Creating /home/tarun/surveillance_bot/ros2/ws/install/edgevision_ros/lib/python3.10/site-packages/edgevision-ros.egg-link (link to .)
[3.387s] Installing camera_node script to /home/tarun/surveillance_bot/ros2/ws/install/edgevision_ros/lib/edgevision_ros
[3.387s] Installing detector_node script to /home/tarun/surveillance_bot/ros2/ws/install/edgevision_ros/lib/edgevision_ros
[3.388s] Installing event_logger_node script to /home/tarun/surveillance_bot/ros2/ws/install/edgevision_ros/lib/edgevision_ros
[3.388s] Installing face_node script to /home/tarun/surveillance_bot/ros2/ws/install/edgevision_ros/lib/edgevision_ros
[3.388s] Installing perception_node script to /home/tarun/surveillance_bot/ros2/ws/install/edgevision_ros/lib/edgevision_ros
[3.389s] Installing tracker_node script to /home/tarun/surveillance_bot/ros2/ws/install/edgevision_ros/lib/edgevision_ros
[3.389s] 
[3.390s] Installed /home/tarun/surveillance_bot/ros2/ws/build/edgevision_ros
[3.390s] running symlink_data
[3.512s] Invoked command in '/home/tarun/surveillance_bot/ros2/ws/build/edgevision_ros' returned '0': AMENT_PREFIX_PATH=/home/tarun/surveillance_bot/ros2/ws/install/edgevision_msgs:${AMENT_PREFIX_PATH} CMAKE_PREFIX_PATH=/home/tarun/surveillance_bot/ros2/ws/install/edgevision_msgs LD_LIBRARY_PATH=/home/tarun/surveillance_bot/ros2/ws/install/edgevision_msgs/lib:${LD_LIBRARY_PATH} PYTHONPATH=/home/tarun/surveillance_bot/ros2/ws/build/edgevision_ros/prefix_override:/usr/lib/python3/dist-packages/colcon_core/task/python/colcon_distutils_commands:/home/tarun/surveillance_bot/ros2/ws/install/edgevision_ros/lib/python3.10/site-packages:/home/tarun/surveillance_bot/ros2/ws/install/edgevision_msgs/lib/python3.10/site-packages:${PYTHONPATH} VIRTUAL_ENV_PROMPT=(.venv) /usr/bin/python3 -W ignore:setup.py install is deprecated -W ignore:easy_install command is deprecated setup.py develop --editable --build-directory /home/tarun/surveillance_bot/ros2/ws/build/edgevision_ros/build --no-deps symlink_data
