running egg_info
writing ../../build/edgevision_ros/edgevision_ros.egg-info/PKG-INFO
writing dependency_links to ../../build/edgevision_ros/edgevision_ros.egg-info/dependency_links.txt
writing entry points to ../../build/edgevision_ros/edgevision_ros.egg-info/entry_points.txt
writing requirements to ../../build/edgevision_ros/edgevision_ros.egg-info/requires.txt
writing top-level names to ../../build/edgevision_ros/edgevision_ros.egg-info/top_level.txt
reading manifest file '../../build/edgevision_ros/edgevision_ros.egg-info/SOURCES.txt'
adding license file 'LICENSE'
writing manifest file '../../build/edgevision_ros/edgevision_ros.egg-info/SOURCES.txt'
running build
running build_py
copying edgevision_ros/perception_node.py -> /home/tarun/surveillance_bot/ros2/ws/build/edgevision_ros/build/lib/edgevision_ros
running install
running install_lib
copying /home/tarun/surveillance_bot/ros2/ws/build/edgevision_ros/build/lib/edgevision_ros/perception_node.py -> /home/tarun/surveillance_bot/ros2/ws/install/edgevision_ros/lib/python3.10/site-packages/edgevision_ros
byte-compiling /home/tarun/surveillance_bot/ros2/ws/install/edgevision_ros/lib/python3.10/site-packages/edgevision_ros/perception_node.py to perception_node.cpython-310.pyc
running install_data
running install_egg_info
removing '/home/tarun/surveillance_bot/ros2/ws/install/edgevision_ros/lib/python3.10/site-packages/edgevision_ros-0.0.0-py3.10.egg-info' (and everything under it)
Copying ../../build/edgevision_ros/edgevision_ros.egg-info to /home/tarun/surveillance_bot/ros2/ws/install/edgevision_ros/lib/python3.10/site-packages/edgevision_ros-0.0.0-py3.10.egg-info
running install_scripts
Installing camera_node script to /home/tarun/surveillance_bot/ros2/ws/install/edgevision_ros/lib/edgevision_ros
Installing detector_node script to /home/tarun/surveillance_bot/ros2/ws/install/edgevision_ros/lib/edgevision_ros
Installing event_logger_node script to /home/tarun/surveillance_bot/ros2/ws/install/edgevision_ros/lib/edgevision_ros
Installing face_node script to /home/tarun/surveillance_bot/ros2/ws/install/edgevision_ros/lib/edgevision_ros
Installing perception_node script to /home/tarun/surveillance_bot/ros2/ws/install/edgevision_ros/lib/edgevision_ros
Installing tracker_node script to /home/tarun/surveillance_bot/ros2/ws/install/edgevision_ros/lib/edgevision_ros
writing list of installed files to '/home/tarun/surveillance_bot/ros2/ws/build/edgevision_ros/install.log'
