[1.539s] Invoking command in '/home/tarun/surveillance_bot/ros2/ws/src/edgevision_ros': AMENT_PREFIX_PATH=/home/tarun/surveillance_bot/ros2/ws/install/edgevision_msgs:${AMENT_PREFIX_PATH} CMAKE_PREFIX_PATH=/home/tarun/surveillance_bot/ros2/ws/install/edgevision_msgs LD_LIBRARY_PATH=/home/tarun/surveillance_bot/ros2/ws/install/edgevision_msgs/lib:${LD_LIBRARY_PATH} PYTHONPATH=/home/tarun/surveillance_bot/ros2/ws/build/edgevision_ros/prefix_override:/usr/lib/python3/dist-packages/colcon_core/task/python/colcon_distutils_commands:/home/tarun/surveillance_bot/ros2/ws/install/edgevision_ros/lib/python3.10/site-packages:/home/tarun/surveillance_bot/ros2/ws/install/edgevision_msgs/lib/python3.10/site-packages:${PYTHONPATH} VIRTUAL_ENV_PROMPT=(.venv) /usr/bin/python3 -W ignore:setup.py install is deprecated -W ignore:easy_install command is deprecated setup.py egg_info --egg-base ../../build/edgevision_ros build --build-base /home/tarun/surveillance_bot/ros2/ws/build/edgevision_ros/build install --record /home/tarun/surveillance_bot/ros2/ws/build/edgevision_ros/install.log --install-scripts $base/lib/edgevision_ros --single-version-externally-managed install_data
[2.045s] running egg_info
[2.045s] writing ../../build/edgevision_ros/edgevision_ros.egg-info/PKG-INFO
[2.046s] writing dependency_links to ../../build/edgevision_ros/edgevision_ros.egg-info/dependency_links.txt
[2.046s] writing entry points to ../../build/edgevision_ros/edgevision_ros.egg-info/entry_points.txt
[2.046s] writing requirements to ../../build/edgevision_ros/edgevision_ros.egg-info/requires.txt
[2.046s] writing top-level names to ../../build/edgevision_ros/edgevision_ros.egg-info/top_level.txt
[2.052s] reading manifest file '../../build/edgevision_ros/edgevision_ros.egg-info/SOURCES.txt'
[2.054s] adding license file 'LICENSE'
[2.055s] writing manifest file '../../build/edgevision_ros/edgevision_ros.egg-info/SOURCES.txt'
[2.056s] running build
[2.056s] running build_py
[2.057s] copying edgevision_ros/perception_node.py -> /home/tarun/surveillance_bot/ros2/ws/build/edgevision_ros/build/lib/edgevision_ros
[2.057s] running install
[2.058s] running install_lib
[2.061s] copying /home/tarun/surveillance_bot/ros2/ws/build/edgevision_ros/build/lib/edgevision_ros/perception_node.py -> /home/tarun/surveillance_bot/ros2/ws/install/edgevision_ros/lib/python3.10/site-packages/edgevision_ros
[2.063s] byte-compiling /home/tarun/surveillance_bot/ros2/ws/install/edgevision_ros/lib/python3.10/site-packages/edgevision_ros/perception_node.py to perception_node.cpython-310.pyc
[2.066s] running install_data
[2.067s] running install_egg_info
[2.071s] removing '/home/tarun/surveillance_bot/ros2/ws/install/edgevision_ros/lib/python3.10/site-packages/edgevision_ros-0.0.0-py3.10.egg-info' (and everything under it)
[2.072s] Copying ../../build/edgevision_ros/edgevision_ros.egg-info to /home/tarun/surveillance_bot/ros2/ws/install/edgevision_ros/lib/python3.10/site-packages/edgevision_ros-0.0.0-py3.10.egg-info
[2.075s] running install_scripts
[2.118s] Installing camera_node script to /home/tarun/surveillance_bot/ros2/ws/install/edgevision_ros/lib/edgevision_ros
[2.119s] Installing detector_node script to /home/tarun/surveillance_bot/ros2/ws/install/edgevision_ros/lib/edgevision_ros
[2.119s] Installing event_logger_node script to /home/tarun/surveillance_bot/ros2/ws/install/edgevision_ros/lib/edgevision_ros
[2.119s] Installing face_node script to /home/tarun/surveillance_bot/ros2/ws/install/edgevision_ros/lib/edgevision_ros
[2.120s] Installing perception_node script to /home/tarun/surveillance_bot/ros2/ws/install/edgevision_ros/lib/edgevision_ros
[2.120s] Installing tracker_node script to /home/tarun/surveillance_bot/ros2/ws/install/edgevision_ros/lib/edgevision_ros
[2.121s] writing list of installed files to '/home/tarun/surveillance_bot/ros2/ws/build/edgevision_ros/install.log'
[2.202s] Invoked command in '/home/tarun/surveillance_bot/ros2/ws/src/edgevision_ros' returned '0': AMENT_PREFIX_PATH=/home/tarun/surveillance_bot/ros2/ws/install/edgevision_msgs:${AMENT_PREFIX_PATH} CMAKE_PREFIX_PATH=/home/tarun/surveillance_bot/ros2/ws/install/edgevision_msgs LD_LIBRARY_PATH=/home/tarun/surveillance_bot/ros2/ws/install/edgevision_msgs/lib:${LD_LIBRARY_PATH} PYTHONPATH=/home/tarun/surveillance_bot/ros2/ws/build/edgevision_ros/prefix_override:/usr/lib/python3/dist-packages/colcon_core/task/python/colcon_distutils_commands:/home/tarun/surveillance_bot/ros2/ws/install/edgevision_ros/lib/python3.10/site-packages:/home/tarun/surveillance_bot/ros2/ws/install/edgevision_msgs/lib/python3.10/site-packages:${PYTHONPATH} VIRTUAL_ENV_PROMPT=(.venv) /usr/bin/python3 -W ignore:setup.py install is deprecated -W ignore:easy_install command is deprecated setup.py egg_info --egg-base ../../build/edgevision_ros build --build-base /home/tarun/surveillance_bot/ros2/ws/build/edgevision_ros/build install --record /home/tarun/surveillance_bot/ros2/ws/build/edgevision_ros/install.log --install-scripts $base/lib/edgevision_ros --single-version-externally-managed install_data
