[1.112s] Invoking command in '/home/tarun/surveillance_bot/ros2/ws/build/edgevision_ros': PYTHONPATH=/home/tarun/surveillance_bot/ros2/ws/build/edgevision_ros/prefix_override:/usr/lib/python3/dist-packages/colcon_core/task/python/colcon_distutils_commands:/home/tarun/surveillance_bot/ros2/ws/install/edgevision_ros/lib/python3.10/site-packages:/home/tarun/surveillance_bot/ros2/ws/install/edgevision_msgs/lib/python3.10/site-packages:${PYTHONPATH} VIRTUAL_ENV_PROMPT=(.venv) /usr/bin/python3 -W ignore:setup.py install is deprecated -W ignore:easy_install command is deprecated setup.py develop --editable --build-directory /home/tarun/surveillance_bot/ros2/ws/build/edgevision_ros/build --no-deps symlink_data
[1.421s] running develop
[1.649s] running egg_info
[1.650s] creating edgevision_ros.egg-info
[1.650s] writing edgevision_ros.egg-info/PKG-INFO
[1.650s] writing dependency_links to edgevision_ros.egg-info/dependency_links.txt
[1.650s] writing entry points to edgevision_ros.egg-info/entry_points.txt
[1.650s] writing requirements to edgevision_ros.egg-info/requires.txt
[1.651s] writing top-level names to edgevision_ros.egg-info/top_level.txt
[1.651s] writing manifest file 'edgevision_ros.egg-info/SOURCES.txt'
[1.653s] reading manifest file 'edgevision_ros.egg-info/SOURCES.txt'
[1.653s] writing manifest file 'edgevision_ros.egg-info/SOURCES.txt'
[1.655s] running build_ext
[1.655s] Creating /home/tarun/surveillance_bot/ros2/ws/install/edgevision_ros/lib/python3.10/site-packages/edgevision-ros.egg-link (link to .)
[1.656s] Installing camera_node script to /home/tarun/surveillance_bot/ros2/ws/install/edgevision_ros/lib/edgevision_ros
[1.657s] Installing detector_node script to /home/tarun/surveillance_bot/ros2/ws/install/edgevision_ros/lib/edgevision_ros
[1.657s] Installing face_node script to /home/tarun/surveillance_bot/ros2/ws/install/edgevision_ros/lib/edgevision_ros
[1.657s] Installing perception_node script to /home/tarun/surveillance_bot/ros2/ws/install/edgevision_ros/lib/edgevision_ros
[1.657s] Installing tracker_node script to /home/tarun/surveillance_bot/ros2/ws/install/edgevision_ros/lib/edgevision_ros
[1.657s] 
[1.658s] Installed /home/tarun/surveillance_bot/ros2/ws/build/edgevision_ros
[1.658s] running symlink_data
[1.658s] creating /home/tarun/surveillance_bot/ros2/ws/install/edgevision_ros/share/ament_index
[1.658s] creating /home/tarun/surveillance_bot/ros2/ws/install/edgevision_ros/share/ament_index/resource_index
[1.658s] creating /home/tarun/surveillance_bot/ros2/ws/install/edgevision_ros/share/ament_index/resource_index/packages
[1.660s] symbolically linking /home/tarun/surveillance_bot/ros2/ws/build/edgevision_ros/resource/edgevision_ros -> /home/tarun/surveillance_bot/ros2/ws/install/edgevision_ros/share/ament_index/resource_index/packages
[1.660s] symbolically linking /home/tarun/surveillance_bot/ros2/ws/build/edgevision_ros/package.xml -> /home/tarun/surveillance_bot/ros2/ws/install/edgevision_ros/share/edgevision_ros
[1.705s] Invoked command in '/home/tarun/surveillance_bot/ros2/ws/build/edgevision_ros' returned '0': PYTHONPATH=/home/tarun/surveillance_bot/ros2/ws/build/edgevision_ros/prefix_override:/usr/lib/python3/dist-packages/colcon_core/task/python/colcon_distutils_commands:/home/tarun/surveillance_bot/ros2/ws/install/edgevision_ros/lib/python3.10/site-packages:/home/tarun/surveillance_bot/ros2/ws/install/edgevision_msgs/lib/python3.10/site-packages:${PYTHONPATH} VIRTUAL_ENV_PROMPT=(.venv) /usr/bin/python3 -W ignore:setup.py install is deprecated -W ignore:easy_install command is deprecated setup.py develop --editable --build-directory /home/tarun/surveillance_bot/ros2/ws/build/edgevision_ros/build --no-deps symlink_data
