[1.423s] Invoking command in '/home/tarun/surveillance_bot/ros2/ws/build/edgevision_ros': PYTHONPATH=/home/tarun/surveillance_bot/ros2/ws/build/edgevision_ros/prefix_override:/usr/lib/python3/dist-packages/colcon_core/task/python/colcon_distutils_commands:/home/tarun/surveillance_bot/ros2/ws/install/edgevision_ros/lib/python3.10/site-packages:/home/tarun/surveillance_bot/ros2/ws/install/edgevision_msgs/lib/python3.10/site-packages:/home/tarun/surveillance_bot/ros2/ws/install/edgevision_ros/lib/python3.10/site-packages:/opt/ros/humble/lib/python3.10/site-packages:/opt/ros/humble/local/lib/python3.10/dist-packages:/home/tarun/surveillance_bot VIRTUAL_ENV_PROMPT=(.venv) /usr/bin/python3 -W ignore:setup.py install is deprecated -W ignore:easy_install command is deprecated setup.py develop --editable --build-directory /home/tarun/surveillance_bot/ros2/ws/build/edgevision_ros/build --no-deps symlink_data
[1.886s] running develop
[2.168s] running egg_info
[2.169s] creating edgevision_ros.egg-info
[2.169s] writing edgevision_ros.egg-info/PKG-INFO
[2.169s] writing dependency_links to edgevision_ros.egg-info/dependency_links.txt
[2.169s] writing entry points to edgevision_ros.egg-info/entry_points.txt
[2.169s] writing requirements to edgevision_ros.egg-info/requires.txt
[2.170s] writing top-level names to edgevision_ros.egg-info/top_level.txt
[2.170s] writing manifest file 'edgevision_ros.egg-info/SOURCES.txt'
[2.172s] reading manifest file 'edgevision_ros.egg-info/SOURCES.txt'
[2.173s] writing manifest file 'edgevision_ros.egg-info/SOURCES.txt'
[2.176s] running build_ext
[2.176s] Creating /home/tarun/surveillance_bot/ros2/ws/install/edgevision_ros/lib/python3.10/site-packages/edgevision-ros.egg-link (link to .)
[2.177s] Installing camera_node script to /home/tarun/surveillance_bot/ros2/ws/install/edgevision_ros/lib/edgevision_ros
[2.178s] Installing detector_node script to /home/tarun/surveillance_bot/ros2/ws/install/edgevision_ros/lib/edgevision_ros
[2.178s] Installing event_logger_node script to /home/tarun/surveillance_bot/ros2/ws/install/edgevision_ros/lib/edgevision_ros
[2.178s] Installing face_node script to /home/tarun/surveillance_bot/ros2/ws/install/edgevision_ros/lib/edgevision_ros
[2.179s] Installing perception_node script to /home/tarun/surveillance_bot/ros2/ws/install/edgevision_ros/lib/edgevision_ros
[2.179s] Installing tracker_node script to /home/tarun/surveillance_bot/ros2/ws/install/edgevision_ros/lib/edgevision_ros
[2.179s] 
[2.180s] Installed /home/tarun/surveillance_bot/ros2/ws/build/edgevision_ros
[2.180s] running symlink_data
[2.180s] creating /home/tarun/surveillance_bot/ros2/ws/install/edgevision_ros/share/ament_index
[2.180s] creating /home/tarun/surveillance_bot/ros2/ws/install/edgevision_ros/share/ament_index/resource_index
[2.180s] creating /home/tarun/surveillance_bot/ros2/ws/install/edgevision_ros/share/ament_index/resource_index/packages
[2.181s] symbolically linking /home/tarun/surveillance_bot/ros2/ws/build/edgevision_ros/resource/edgevision_ros -> /home/tarun/surveillance_bot/ros2/ws/install/edgevision_ros/share/ament_index/resource_index/packages
[2.181s] symbolically linking /home/tarun/surveillance_bot/ros2/ws/build/edgevision_ros/package.xml -> /home/tarun/surveillance_bot/ros2/ws/install/edgevision_ros/share/edgevision_ros
[2.243s] Invoked command in '/home/tarun/surveillance_bot/ros2/ws/build/edgevision_ros' returned '0': PYTHONPATH=/home/tarun/surveillance_bot/ros2/ws/build/edgevision_ros/prefix_override:/usr/lib/python3/dist-packages/colcon_core/task/python/colcon_distutils_commands:/home/tarun/surveillance_bot/ros2/ws/install/edgevision_ros/lib/python3.10/site-packages:/home/tarun/surveillance_bot/ros2/ws/install/edgevision_msgs/lib/python3.10/site-packages:/home/tarun/surveillance_bot/ros2/ws/install/edgevision_ros/lib/python3.10/site-packages:/opt/ros/humble/lib/python3.10/site-packages:/opt/ros/humble/local/lib/python3.10/dist-packages:/home/tarun/surveillance_bot VIRTUAL_ENV_PROMPT=(.venv) /usr/bin/python3 -W ignore:setup.py install is deprecated -W ignore:easy_install command is deprecated setup.py develop --editable --build-directory /home/tarun/surveillance_bot/ros2/ws/build/edgevision_ros/build --no-deps symlink_data
