/home/tarun/surveillance_bot/ros2/ws/install/edgevision_ros/lib/python3.10/site-packages/edgevision_ros/camera_node.py
/home/tarun/surveillance_bot/ros2/ws/install/edgevision_ros/lib/python3.10/site-packages/edgevision_ros/tracker_node.py
/home/tarun/surveillance_bot/ros2/ws/install/edgevision_ros/lib/python3.10/site-packages/edgevision_ros/face_recognizer.py
/home/tarun/surveillance_bot/ros2/ws/install/edgevision_ros/lib/python3.10/site-packages/edgevision_ros/perception_node.py
/home/tarun/surveillance_bot/ros2/ws/install/edgevision_ros/lib/python3.10/site-packages/edgevision_ros/face_node.py
/home/tarun/surveillance_bot/ros2/ws/install/edgevision_ros/lib/python3.10/site-packages/edgevision_ros/event_logger_node.py
/home/tarun/surveillance_bot/ros2/ws/install/edgevision_ros/lib/python3.10/site-packages/edgevision_ros/face_database.py
/home/tarun/surveillance_bot/ros2/ws/install/edgevision_ros/lib/python3.10/site-packages/edgevision_ros/detector_node.py
/home/tarun/surveillance_bot/ros2/ws/install/edgevision_ros/lib/python3.10/site-packages/edgevision_ros/__init__.py
/home/tarun/surveillance_bot/ros2/ws/install/edgevision_ros/lib/python3.10/site-packages/edgevision_ros/__pycache__/camera_node.cpython-310.pyc
/home/tarun/surveillance_bot/ros2/ws/install/edgevision_ros/lib/python3.10/site-packages/edgevision_ros/__pycache__/tracker_node.cpython-310.pyc
/home/tarun/surveillance_bot/ros2/ws/install/edgevision_ros/lib/python3.10/site-packages/edgevision_ros/__pycache__/face_recognizer.cpython-310.pyc
/home/tarun/surveillance_bot/ros2/ws/install/edgevision_ros/lib/python3.10/site-packages/edgevision_ros/__pycache__/perception_node.cpython-310.pyc
/home/tarun/surveillance_bot/ros2/ws/install/edgevision_ros/lib/python3.10/site-packages/edgevision_ros/__pycache__/face_node.cpython-310.pyc
/home/tarun/surveillance_bot/ros2/ws/install/edgevision_ros/lib/python3.10/site-packages/edgevision_ros/__pycache__/event_logger_node.cpython-310.pyc
/home/tarun/surveillance_bot/ros2/ws/install/edgevision_ros/lib/python3.10/site-packages/edgevision_ros/__pycache__/face_database.cpython-310.pyc
/home/tarun/surveillance_bot/ros2/ws/install/edgevision_ros/lib/python3.10/site-packages/edgevision_ros/__pycache__/detector_node.cpython-310.pyc
/home/tarun/surveillance_bot/ros2/ws/install/edgevision_ros/lib/python3.10/site-packages/edgevision_ros/__pycache__/__init__.cpython-310.pyc
/home/tarun/surveillance_bot/ros2/ws/install/edgevision_ros/share/ament_index/resource_index/packages/edgevision_ros
/home/tarun/surveillance_bot/ros2/ws/install/edgevision_ros/share/edgevision_ros/package.xml
/home/tarun/surveillance_bot/ros2/ws/install/edgevision_ros/lib/python3.10/site-packages/edgevision_ros-0.0.0-py3.10.egg-info/zip-safe
/home/tarun/surveillance_bot/ros2/ws/install/edgevision_ros/lib/python3.10/site-packages/edgevision_ros-0.0.0-py3.10.egg-info/top_level.txt
/home/tarun/surveillance_bot/ros2/ws/install/edgevision_ros/lib/python3.10/site-packages/edgevision_ros-0.0.0-py3.10.egg-info/dependency_links.txt
/home/tarun/surveillance_bot/ros2/ws/install/edgevision_ros/lib/python3.10/site-packages/edgevision_ros-0.0.0-py3.10.egg-info/SOURCES.txt
/home/tarun/surveillance_bot/ros2/ws/install/edgevision_ros/lib/python3.10/site-packages/edgevision_ros-0.0.0-py3.10.egg-info/requires.txt
/home/tarun/surveillance_bot/ros2/ws/install/edgevision_ros/lib/python3.10/site-packages/edgevision_ros-0.0.0-py3.10.egg-info/entry_points.txt
/home/tarun/surveillance_bot/ros2/ws/install/edgevision_ros/lib/python3.10/site-packages/edgevision_ros-0.0.0-py3.10.egg-info/PKG-INFO
/home/tarun/surveillance_bot/ros2/ws/install/edgevision_ros/lib/edgevision_ros/camera_node
/home/tarun/surveillance_bot/ros2/ws/install/edgevision_ros/lib/edgevision_ros/detector_node
/home/tarun/surveillance_bot/ros2/ws/install/edgevision_ros/lib/edgevision_ros/event_logger_node
/home/tarun/surveillance_bot/ros2/ws/install/edgevision_ros/lib/edgevision_ros/face_node
/home/tarun/surveillance_bot/ros2/ws/install/edgevision_ros/lib/edgevision_ros/perception_node
/home/tarun/surveillance_bot/ros2/ws/install/edgevision_ros/lib/edgevision_ros/tracker_node
