[0.145s] [34mcolcon[0m [1;30mDEBUG[0m [32mCommand line arguments: ['/usr/bin/colcon', 'build', '--symlink-install'][0m
[0.145s] [34mcolcon[0m [1;30mDEBUG[0m [32mParsed command line arguments: Namespace(log_base=None, log_level=None, verb_name='build', build_base='build', install_base='install', merge_install=False, symlink_install=True, test_result_base=None, continue_on_error=False, executor='parallel', parallel_workers=8, event_handlers=None, ignore_user_meta=False, metas=['./colcon.meta'], base_paths=['.'], packages_ignore=None, packages_ignore_regex=None, paths=None, packages_up_to=None, packages_up_to_regex=None, packages_above=None, packages_above_and_dependencies=None, packages_above_depth=None, packages_select_by_dep=None, packages_skip_by_dep=None, packages_skip_up_to=None, packages_select_build_failed=False, packages_skip_build_finished=False, packages_select_test_failures=False, packages_skip_test_passed=False, packages_select=None, packages_skip=None, packages_select_regex=None, packages_skip_regex=None, packages_start=None, packages_end=None, allow_overriding=[], cmake_args=None, cmake_target=None, cmake_target_skip_unavailable=False, cmake_clean_cache=False, cmake_clean_first=False, cmake_force_configure=False, ament_cmake_args=None, catkin_cmake_args=None, catkin_skip_building_tests=False, mixin_files=None, mixin=None, verb_parser=<colcon_mixin.mixin.mixin_argument.MixinArgumentDecorator object at 0x7d280a2e53c0>, verb_extension=<colcon_core.verb.build.BuildVerb object at 0x7d280a466ef0>, main=<bound method BuildVerb.main of <colcon_core.verb.build.BuildVerb object at 0x7d280a466ef0>>, mixin_verb=('build',))[0m
[0.430s] [34mcolcon.colcon_core.package_discovery[0m [1;30mLevel 1[0m discover_packages(colcon_meta) check parameters
[0.430s] [34mcolcon.colcon_core.package_discovery[0m [1;30mLevel 1[0m discover_packages(recursive) check parameters
[0.430s] [34mcolcon.colcon_core.package_discovery[0m [1;30mLevel 1[0m discover_packages(ignore) check parameters
[0.430s] [34mcolcon.colcon_core.package_discovery[0m [1;30mLevel 1[0m discover_packages(path) check parameters
[0.430s] [34mcolcon.colcon_core.package_discovery[0m [1;30mLevel 1[0m discover_packages(colcon_meta) discover
[0.430s] [34mcolcon.colcon_core.package_discovery[0m [1;30mLevel 1[0m discover_packages(recursive) discover
[0.430s] [34mcolcon.colcon_core.package_discovery[0m [1;30mINFO[0m Crawling recursively for packages in '/home/tarun/surveillance_bot/ros2/ws'
[0.430s] [34mcolcon.colcon_core.package_identification[0m [1;30mLevel 1[0m _identify(.) by extensions ['ignore', 'ignore_ament_install']
[0.430s] [34mcolcon.colcon_core.package_identification[0m [1;30mLevel 1[0m _identify(.) by extension 'ignore'
[0.431s] [34mcolcon.colcon_core.package_identification[0m [1;30mLevel 1[0m _identify(.) by extension 'ignore_ament_install'
[0.431s] [34mcolcon.colcon_core.package_identification[0m [1;30mLevel 1[0m _identify(.) by extensions ['colcon_pkg']
[0.431s] [34mcolcon.colcon_core.package_identification[0m [1;30mLevel 1[0m _identify(.) by extension 'colcon_pkg'
[0.431s] [34mcolcon.colcon_core.package_identification[0m [1;30mLevel 1[0m _identify(.) by extensions ['colcon_meta']
[0.431s] [34mcolcon.colcon_core.package_identification[0m [1;30mLevel 1[0m _identify(.) by extension 'colcon_meta'
[0.431s] [34mcolcon.colcon_core.package_identification[0m [1;30mLevel 1[0m _identify(.) by extensions ['ros']
[0.431s] [34mcolcon.colcon_core.package_identification[0m [1;30mLevel 1[0m _identify(.) by extension 'ros'
[0.444s] [34mcolcon.colcon_core.package_identification[0m [1;30mLevel 1[0m _identify(.) by extensions ['cmake', 'python']
[0.444s] [34mcolcon.colcon_core.package_identification[0m [1;30mLevel 1[0m _identify(.) by extension 'cmake'
[0.444s] [34mcolcon.colcon_core.package_identification[0m [1;30mLevel 1[0m _identify(.) by extension 'python'
[0.444s] [34mcolcon.colcon_core.package_identification[0m [1;30mLevel 1[0m _identify(.) by extensions ['python_setup_py']
[0.444s] [34mcolcon.colcon_core.package_identification[0m [1;30mLevel 1[0m _identify(.) by extension 'python_setup_py'
[0.444s] [34mcolcon.colcon_core.package_identification[0m [1;30mLevel 1[0m _identify(build) by extensions ['ignore', 'ignore_ament_install']
[0.444s] [34mcolcon.colcon_core.package_identification[0m [1;30mLevel 1[0m _identify(build) by extension 'ignore'
[0.444s] [34mcolcon.colcon_core.package_identification[0m [1;30mLevel 1[0m _identify(build) ignored
[0.444s] [34mcolcon.colcon_core.package_identification[0m [1;30mLevel 1[0m _identify(install) by extensions ['ignore', 'ignore_ament_install']
[0.445s] [34mcolcon.colcon_core.package_identification[0m [1;30mLevel 1[0m _identify(install) by extension 'ignore'
[0.445s] [34mcolcon.colcon_core.package_identification[0m [1;30mLevel 1[0m _identify(install) ignored
[0.445s] [34mcolcon.colcon_core.package_identification[0m [1;30mLevel 1[0m _identify(log) by extensions ['ignore', 'ignore_ament_install']
[0.445s] [34mcolcon.colcon_core.package_identification[0m [1;30mLevel 1[0m _identify(log) by extension 'ignore'
[0.445s] [34mcolcon.colcon_core.package_identification[0m [1;30mLevel 1[0m _identify(log) ignored
[0.445s] [34mcolcon.colcon_core.package_identification[0m [1;30mLevel 1[0m _identify(logs) by extensions ['ignore', 'ignore_ament_install']
[0.445s] [34mcolcon.colcon_core.package_identification[0m [1;30mLevel 1[0m _identify(logs) by extension 'ignore'
[0.445s] [34mcolcon.colcon_core.package_identification[0m [1;30mLevel 1[0m _identify(logs) by extension 'ignore_ament_install'
[0.445s] [34mcolcon.colcon_core.package_identification[0m [1;30mLevel 1[0m _identify(logs) by extensions ['colcon_pkg']
[0.445s] [34mcolcon.colcon_core.package_identification[0m [1;30mLevel 1[0m _identify(logs) by extension 'colcon_pkg'
[0.445s] [34mcolcon.colcon_core.package_identification[0m [1;30mLevel 1[0m _identify(logs) by extensions ['colcon_meta']
[0.445s] [34mcolcon.colcon_core.package_identification[0m [1;30mLevel 1[0m _identify(logs) by extension 'colcon_meta'
[0.445s] [34mcolcon.colcon_core.package_identification[0m [1;30mLevel 1[0m _identify(logs) by extensions ['ros']
[0.445s] [34mcolcon.colcon_core.package_identification[0m [1;30mLevel 1[0m _identify(logs) by extension 'ros'
[0.446s] [34mcolcon.colcon_core.package_identification[0m [1;30mLevel 1[0m _identify(logs) by extensions ['cmake', 'python']
[0.446s] [34mcolcon.colcon_core.package_identification[0m [1;30mLevel 1[0m _identify(logs) by extension 'cmake'
[0.446s] [34mcolcon.colcon_core.package_identification[0m [1;30mLevel 1[0m _identify(logs) by extension 'python'
[0.446s] [34mcolcon.colcon_core.package_identification[0m [1;30mLevel 1[0m _identify(logs) by extensions ['python_setup_py']
[0.446s] [34mcolcon.colcon_core.package_identification[0m [1;30mLevel 1[0m _identify(logs) by extension 'python_setup_py'
[0.446s] [34mcolcon.colcon_core.package_identification[0m [1;30mLevel 1[0m _identify(src) by extensions ['ignore', 'ignore_ament_install']
[0.446s] [34mcolcon.colcon_core.package_identification[0m [1;30mLevel 1[0m _identify(src) by extension 'ignore'
[0.446s] [34mcolcon.colcon_core.package_identification[0m [1;30mLevel 1[0m _identify(src) by extension 'ignore_ament_install'
[0.446s] [34mcolcon.colcon_core.package_identification[0m [1;30mLevel 1[0m _identify(src) by extensions ['colcon_pkg']
[0.446s] [34mcolcon.colcon_core.package_identification[0m [1;30mLevel 1[0m _identify(src) by extension 'colcon_pkg'
[0.446s] [34mcolcon.colcon_core.package_identification[0m [1;30mLevel 1[0m _identify(src) by extensions ['colcon_meta']
[0.446s] [34mcolcon.colcon_core.package_identification[0m [1;30mLevel 1[0m _identify(src) by extension 'colcon_meta'
[0.446s] [34mcolcon.colcon_core.package_identification[0m [1;30mLevel 1[0m _identify(src) by extensions ['ros']
[0.446s] [34mcolcon.colcon_core.package_identification[0m [1;30mLevel 1[0m _identify(src) by extension 'ros'
[0.446s] [34mcolcon.colcon_core.package_identification[0m [1;30mLevel 1[0m _identify(src) by extensions ['cmake', 'python']
[0.447s] [34mcolcon.colcon_core.package_identification[0m [1;30mLevel 1[0m _identify(src) by extension 'cmake'
[0.447s] [34mcolcon.colcon_core.package_identification[0m [1;30mLevel 1[0m _identify(src) by extension 'python'
[0.447s] [34mcolcon.colcon_core.package_identification[0m [1;30mLevel 1[0m _identify(src) by extensions ['python_setup_py']
[0.447s] [34mcolcon.colcon_core.package_identification[0m [1;30mLevel 1[0m _identify(src) by extension 'python_setup_py'
[0.447s] [34mcolcon.colcon_core.package_identification[0m [1;30mLevel 1[0m _identify(src/build) by extensions ['ignore', 'ignore_ament_install']
[0.447s] [34mcolcon.colcon_core.package_identification[0m [1;30mLevel 1[0m _identify(src/build) by extension 'ignore'
[0.447s] [34mcolcon.colcon_core.package_identification[0m [1;30mLevel 1[0m _identify(src/build) ignored
[0.447s] [34mcolcon.colcon_core.package_identification[0m [1;30mLevel 1[0m _identify(src/edgevision_msgs) by extensions ['ignore', 'ignore_ament_install']
[0.447s] [34mcolcon.colcon_core.package_identification[0m [1;30mLevel 1[0m _identify(src/edgevision_msgs) by extension 'ignore'
[0.447s] [34mcolcon.colcon_core.package_identification[0m [1;30mLevel 1[0m _identify(src/edgevision_msgs) by extension 'ignore_ament_install'
[0.447s] [34mcolcon.colcon_core.package_identification[0m [1;30mLevel 1[0m _identify(src/edgevision_msgs) by extensions ['colcon_pkg']
[0.447s] [34mcolcon.colcon_core.package_identification[0m [1;30mLevel 1[0m _identify(src/edgevision_msgs) by extension 'colcon_pkg'
[0.447s] [34mcolcon.colcon_core.package_identification[0m [1;30mLevel 1[0m _identify(src/edgevision_msgs) by extensions ['colcon_meta']
[0.447s] [34mcolcon.colcon_core.package_identification[0m [1;30mLevel 1[0m _identify(src/edgevision_msgs) by extension 'colcon_meta'
[0.448s] [34mcolcon.colcon_core.package_identification[0m [1;30mLevel 1[0m _identify(src/edgevision_msgs) by extensions ['ros']
[0.448s] [34mcolcon.colcon_core.package_identification[0m [1;30mLevel 1[0m _identify(src/edgevision_msgs) by extension 'ros'
[0.464s] [34mcolcon.colcon_core.package_identification[0m [1;30mDEBUG[0m [32mPackage 'src/edgevision_msgs' with type 'ros.ament_cmake' and name 'edgevision_msgs'[0m
[0.464s] [34mcolcon.colcon_core.package_identification[0m [1;30mLevel 1[0m _identify(src/edgevision_ros) by extensions ['ignore', 'ignore_ament_install']
[0.465s] [34mcolcon.colcon_core.package_identification[0m [1;30mLevel 1[0m _identify(src/edgevision_ros) by extension 'ignore'
[0.465s] [34mcolcon.colcon_core.package_identification[0m [1;30mLevel 1[0m _identify(src/edgevision_ros) by extension 'ignore_ament_install'
[0.465s] [34mcolcon.colcon_core.package_identification[0m [1;30mLevel 1[0m _identify(src/edgevision_ros) by extensions ['colcon_pkg']
[0.465s] [34mcolcon.colcon_core.package_identification[0m [1;30mLevel 1[0m _identify(src/edgevision_ros) by extension 'colcon_pkg'
[0.465s] [34mcolcon.colcon_core.package_identification[0m [1;30mLevel 1[0m _identify(src/edgevision_ros) by extensions ['colcon_meta']
[0.465s] [34mcolcon.colcon_core.package_identification[0m [1;30mLevel 1[0m _identify(src/edgevision_ros) by extension 'colcon_meta'
[0.465s] [34mcolcon.colcon_core.package_identification[0m [1;30mLevel 1[0m _identify(src/edgevision_ros) by extensions ['ros']
[0.465s] [34mcolcon.colcon_core.package_identification[0m [1;30mLevel 1[0m _identify(src/edgevision_ros) by extension 'ros'
[0.466s] [34mcolcon.colcon_core.package_identification[0m [1;30mDEBUG[0m [32mPackage 'src/edgevision_ros' with type 'ros.ament_python' and name 'edgevision_ros'[0m
[0.466s] [34mcolcon.colcon_core.package_identification[0m [1;30mLevel 1[0m _identify(src/install) by extensions ['ignore', 'ignore_ament_install']
[0.466s] [34mcolcon.colcon_core.package_identification[0m [1;30mLevel 1[0m _identify(src/install) by extension 'ignore'
[0.466s] [34mcolcon.colcon_core.package_identification[0m [1;30mLevel 1[0m _identify(src/install) ignored
[0.467s] [34mcolcon.colcon_core.package_identification[0m [1;30mLevel 1[0m _identify(src/log) by extensions ['ignore', 'ignore_ament_install']
[0.467s] [34mcolcon.colcon_core.package_identification[0m [1;30mLevel 1[0m _identify(src/log) by extension 'ignore'
[0.467s] [34mcolcon.colcon_core.package_identification[0m [1;30mLevel 1[0m _identify(src/log) ignored
[0.467s] [34mcolcon.colcon_core.package_discovery[0m [1;30mLevel 1[0m discover_packages(recursive) using defaults
[0.467s] [34mcolcon.colcon_core.package_discovery[0m [1;30mLevel 1[0m discover_packages(ignore) discover
[0.467s] [34mcolcon.colcon_core.package_discovery[0m [1;30mLevel 1[0m discover_packages(ignore) using defaults
[0.467s] [34mcolcon.colcon_core.package_discovery[0m [1;30mLevel 1[0m discover_packages(path) discover
[0.467s] [34mcolcon.colcon_core.package_discovery[0m [1;30mLevel 1[0m discover_packages(path) using defaults
[0.485s] [34mcolcon.colcon_core.package_discovery[0m [1;30mLevel 1[0m discover_packages(prefix_path) check parameters
[0.485s] [34mcolcon.colcon_core.package_discovery[0m [1;30mLevel 1[0m discover_packages(prefix_path) discover
[0.487s] [34mcolcon.colcon_installed_package_information.package_discovery[0m [1;30mDEBUG[0m [32mFound 2 installed packages in /home/tarun/surveillance_bot/ros2/ws/install[0m
[0.488s] [34mcolcon.colcon_installed_package_information.package_discovery[0m [1;30mDEBUG[0m [32mFound 273 installed packages in /opt/ros/humble[0m
[0.490s] [34mcolcon.colcon_core.package_discovery[0m [1;30mLevel 1[0m discover_packages(prefix_path) using defaults
[0.528s] [34mcolcon.colcon_core.verb[0m [1;30mLevel 5[0m set package 'edgevision_msgs' build argument 'cmake_args' from command line to 'None'
[0.528s] [34mcolcon.colcon_core.verb[0m [1;30mLevel 5[0m set package 'edgevision_msgs' build argument 'cmake_target' from command line to 'None'
[0.528s] [34mcolcon.colcon_core.verb[0m [1;30mLevel 5[0m set package 'edgevision_msgs' build argument 'cmake_target_skip_unavailable' from command line to 'False'
[0.528s] [34mcolcon.colcon_core.verb[0m [1;30mLevel 5[0m set package 'edgevision_msgs' build argument 'cmake_clean_cache' from command line to 'False'
[0.528s] [34mcolcon.colcon_core.verb[0m [1;30mLevel 5[0m set package 'edgevision_msgs' build argument 'cmake_clean_first' from command line to 'False'
[0.528s] [34mcolcon.colcon_core.verb[0m [1;30mLevel 5[0m set package 'edgevision_msgs' build argument 'cmake_force_configure' from command line to 'False'
[0.528s] [34mcolcon.colcon_core.verb[0m [1;30mLevel 5[0m set package 'edgevision_msgs' build argument 'ament_cmake_args' from command line to 'None'
[0.528s] [34mcolcon.colcon_core.verb[0m [1;30mLevel 5[0m set package 'edgevision_msgs' build argument 'catkin_cmake_args' from command line to 'None'
[0.528s] [34mcolcon.colcon_core.verb[0m [1;30mLevel 5[0m set package 'edgevision_msgs' build argument 'catkin_skip_building_tests' from command line to 'False'
[0.529s] [34mcolcon.colcon_core.verb[0m [1;30mDEBUG[0m [32mBuilding package 'edgevision_msgs' with the following arguments: {'ament_cmake_args': None, 'build_base': '/home/tarun/surveillance_bot/ros2/ws/build/edgevision_msgs', 'catkin_cmake_args': None, 'catkin_skip_building_tests': False, 'cmake_args': None, 'cmake_clean_cache': False, 'cmake_clean_first': False, 'cmake_force_configure': False, 'cmake_target': None, 'cmake_target_skip_unavailable': False, 'install_base': '/home/tarun/surveillance_bot/ros2/ws/install/edgevision_msgs', 'merge_install': False, 'path': '/home/tarun/surveillance_bot/ros2/ws/src/edgevision_msgs', 'symlink_install': True, 'test_result_base': None}[0m
[0.529s] [34mcolcon.colcon_core.verb[0m [1;30mLevel 5[0m set package 'edgevision_ros' build argument 'cmake_args' from command line to 'None'
[0.529s] [34mcolcon.colcon_core.verb[0m [1;30mLevel 5[0m set package 'edgevision_ros' build argument 'cmake_target' from command line to 'None'
[0.529s] [34mcolcon.colcon_core.verb[0m [1;30mLevel 5[0m set package 'edgevision_ros' build argument 'cmake_target_skip_unavailable' from command line to 'False'
[0.529s] [34mcolcon.colcon_core.verb[0m [1;30mLevel 5[0m set package 'edgevision_ros' build argument 'cmake_clean_cache' from command line to 'False'
[0.529s] [34mcolcon.colcon_core.verb[0m [1;30mLevel 5[0m set package 'edgevision_ros' build argument 'cmake_clean_first' from command line to 'False'
[0.529s] [34mcolcon.colcon_core.verb[0m [1;30mLevel 5[0m set package 'edgevision_ros' build argument 'cmake_force_configure' from command line to 'False'
[0.529s] [34mcolcon.colcon_core.verb[0m [1;30mLevel 5[0m set package 'edgevision_ros' build argument 'ament_cmake_args' from command line to 'None'
[0.529s] [34mcolcon.colcon_core.verb[0m [1;30mLevel 5[0m set package 'edgevision_ros' build argument 'catkin_cmake_args' from command line to 'None'
[0.529s] [34mcolcon.colcon_core.verb[0m [1;30mLevel 5[0m set package 'edgevision_ros' build argument 'catkin_skip_building_tests' from command line to 'False'
[0.529s] [34mcolcon.colcon_core.verb[0m [1;30mDEBUG[0m [32mBuilding package 'edgevision_ros' with the following arguments: {'ament_cmake_args': None, 'build_base': '/home/tarun/surveillance_bot/ros2/ws/build/edgevision_ros', 'catkin_cmake_args': None, 'catkin_skip_building_tests': False, 'cmake_args': None, 'cmake_clean_cache': False, 'cmake_clean_first': False, 'cmake_force_configure': False, 'cmake_target': None, 'cmake_target_skip_unavailable': False, 'install_base': '/home/tarun/surveillance_bot/ros2/ws/install/edgevision_ros', 'merge_install': False, 'path': '/home/tarun/surveillance_bot/ros2/ws/src/edgevision_ros', 'symlink_install': True, 'test_result_base': None}[0m
[0.530s] [34mcolcon.colcon_core.executor[0m [1;30mINFO[0m Executing jobs using 'parallel' executor
[0.531s] [34mcolcon.colcon_parallel_executor.executor.parallel[0m [1;30mDEBUG[0m [32mrun_until_complete[0m
[0.531s] [34mcolcon.colcon_ros.task.ament_cmake.build[0m [1;30mINFO[0m Building ROS package in '/home/tarun/surveillance_bot/ros2/ws/src/edgevision_msgs' with build type 'ament_cmake'
[0.531s] [34mcolcon.colcon_cmake.task.cmake.build[0m [1;30mINFO[0m Building CMake package in '/home/tarun/surveillance_bot/ros2/ws/src/edgevision_msgs'
[0.534s] [34mcolcon.colcon_core.plugin_system[0m [1;30mINFO[0m Skipping extension 'colcon_core.shell.bat': Not used on non-Windows systems
[0.534s] [34mcolcon.colcon_core.shell[0m [1;30mINFO[0m Skip shell extension 'powershell' for command environment: Not usable outside of PowerShell
[0.534s] [34mcolcon.colcon_core.shell[0m [1;30mDEBUG[0m [32mSkip shell extension 'dsv' for command environment[0m
[0.549s] [34mcolcon.colcon_core.event_handler.log_command[0m [1;30mDEBUG[0m [32mInvoking command in '/home/tarun/surveillance_bot/ros2/ws/build/edgevision_msgs': CMAKE_PREFIX_PATH=${CMAKE_PREFIX_PATH}:/home/tarun/surveillance_bot/ros2/ws/install/edgevision_ros:/opt/ros/humble VIRTUAL_ENV_PROMPT=(.venv) /usr/bin/cmake --build /home/tarun/surveillance_bot/ros2/ws/build/edgevision_msgs -- -j8 -l8[0m
[1.026s] [34mcolcon.colcon_core.event_handler.log_command[0m [1;30mDEBUG[0m [32mInvoked command in '/home/tarun/surveillance_bot/ros2/ws/build/edgevision_msgs' returned '0': CMAKE_PREFIX_PATH=${CMAKE_PREFIX_PATH}:/home/tarun/surveillance_bot/ros2/ws/install/edgevision_ros:/opt/ros/humble VIRTUAL_ENV_PROMPT=(.venv) /usr/bin/cmake --build /home/tarun/surveillance_bot/ros2/ws/build/edgevision_msgs -- -j8 -l8[0m
[1.041s] [34mcolcon.colcon_core.event_handler.log_command[0m [1;30mDEBUG[0m [32mInvoking command in '/home/tarun/surveillance_bot/ros2/ws/build/edgevision_msgs': CMAKE_PREFIX_PATH=${CMAKE_PREFIX_PATH}:/home/tarun/surveillance_bot/ros2/ws/install/edgevision_ros:/opt/ros/humble VIRTUAL_ENV_PROMPT=(.venv) /usr/bin/cmake --install /home/tarun/surveillance_bot/ros2/ws/build/edgevision_msgs[0m
[1.170s] [34mcolcon.colcon_core.environment[0m [1;30mLevel 1[0m create_environment_scripts_only(edgevision_msgs)
[1.172s] [34mcolcon.colcon_core.event_handler.log_command[0m [1;30mDEBUG[0m [32mInvoked command in '/home/tarun/surveillance_bot/ros2/ws/build/edgevision_msgs' returned '0': CMAKE_PREFIX_PATH=${CMAKE_PREFIX_PATH}:/home/tarun/surveillance_bot/ros2/ws/install/edgevision_ros:/opt/ros/humble VIRTUAL_ENV_PROMPT=(.venv) /usr/bin/cmake --install /home/tarun/surveillance_bot/ros2/ws/build/edgevision_msgs[0m
[1.174s] [34mcolcon.colcon_core.environment[0m [1;30mLevel 1[0m checking '/home/tarun/surveillance_bot/ros2/ws/install/edgevision_msgs' for CMake module files
[1.174s] [34mcolcon.colcon_core.environment[0m [1;30mLevel 1[0m checking '/home/tarun/surveillance_bot/ros2/ws/install/edgevision_msgs' for CMake config files
[1.176s] [34mcolcon.colcon_core.shell[0m [1;30mLevel 1[0m create_environment_hook('edgevision_msgs', 'cmake_prefix_path')
[1.176s] [34mcolcon.colcon_core.shell[0m [1;30mINFO[0m Creating environment hook '/home/tarun/surveillance_bot/ros2/ws/install/edgevision_msgs/share/edgevision_msgs/hook/cmake_prefix_path.ps1'
[1.177s] [34mcolcon.colcon_core.shell[0m [1;30mINFO[0m Creating environment descriptor '/home/tarun/surveillance_bot/ros2/ws/install/edgevision_msgs/share/edgevision_msgs/hook/cmake_prefix_path.dsv'
[1.178s] [34mcolcon.colcon_core.shell[0m [1;30mINFO[0m Creating environment hook '/home/tarun/surveillance_bot/ros2/ws/install/edgevision_msgs/share/edgevision_msgs/hook/cmake_prefix_path.sh'
[1.179s] [34mcolcon.colcon_core.environment[0m [1;30mLevel 1[0m checking '/home/tarun/surveillance_bot/ros2/ws/install/edgevision_msgs/lib'
[1.179s] [34mcolcon.colcon_core.shell[0m [1;30mLevel 1[0m create_environment_hook('edgevision_msgs', 'ld_library_path_lib')
[1.179s] [34mcolcon.colcon_core.shell[0m [1;30mINFO[0m Creating environment hook '/home/tarun/surveillance_bot/ros2/ws/install/edgevision_msgs/share/edgevision_msgs/hook/ld_library_path_lib.ps1'
[1.180s] [34mcolcon.colcon_core.shell[0m [1;30mINFO[0m Creating environment descriptor '/home/tarun/surveillance_bot/ros2/ws/install/edgevision_msgs/share/edgevision_msgs/hook/ld_library_path_lib.dsv'
[1.181s] [34mcolcon.colcon_core.shell[0m [1;30mINFO[0m Creating environment hook '/home/tarun/surveillance_bot/ros2/ws/install/edgevision_msgs/share/edgevision_msgs/hook/ld_library_path_lib.sh'
[1.181s] [34mcolcon.colcon_core.environment[0m [1;30mLevel 1[0m checking '/home/tarun/surveillance_bot/ros2/ws/install/edgevision_msgs/bin'
[1.181s] [34mcolcon.colcon_core.environment[0m [1;30mLevel 1[0m checking '/home/tarun/surveillance_bot/ros2/ws/install/edgevision_msgs/lib/pkgconfig/edgevision_msgs.pc'
[1.182s] [34mcolcon.colcon_core.environment[0m [1;30mLevel 1[0m checking '/home/tarun/surveillance_bot/ros2/ws/install/edgevision_msgs/lib/python3.10/site-packages'
[1.182s] [34mcolcon.colcon_core.shell[0m [1;30mLevel 1[0m create_environment_hook('edgevision_msgs', 'pythonpath')
[1.182s] [34mcolcon.colcon_core.shell[0m [1;30mINFO[0m Creating environment hook '/home/tarun/surveillance_bot/ros2/ws/install/edgevision_msgs/share/edgevision_msgs/hook/pythonpath.ps1'
[1.183s] [34mcolcon.colcon_core.shell[0m [1;30mINFO[0m Creating environment descriptor '/home/tarun/surveillance_bot/ros2/ws/install/edgevision_msgs/share/edgevision_msgs/hook/pythonpath.dsv'
[1.183s] [34mcolcon.colcon_core.shell[0m [1;30mINFO[0m Creating environment hook '/home/tarun/surveillance_bot/ros2/ws/install/edgevision_msgs/share/edgevision_msgs/hook/pythonpath.sh'
[1.184s] [34mcolcon.colcon_core.environment[0m [1;30mLevel 1[0m checking '/home/tarun/surveillance_bot/ros2/ws/install/edgevision_msgs/bin'
[1.185s] [34mcolcon.colcon_core.shell[0m [1;30mINFO[0m Creating package script '/home/tarun/surveillance_bot/ros2/ws/install/edgevision_msgs/share/edgevision_msgs/package.ps1'
[1.187s] [34mcolcon.colcon_core.shell[0m [1;30mINFO[0m Creating package descriptor '/home/tarun/surveillance_bot/ros2/ws/install/edgevision_msgs/share/edgevision_msgs/package.dsv'
[1.188s] [34mcolcon.colcon_core.shell[0m [1;30mINFO[0m Creating package script '/home/tarun/surveillance_bot/ros2/ws/install/edgevision_msgs/share/edgevision_msgs/package.sh'
[1.189s] [34mcolcon.colcon_core.shell[0m [1;30mINFO[0m Creating package script '/home/tarun/surveillance_bot/ros2/ws/install/edgevision_msgs/share/edgevision_msgs/package.bash'
[1.190s] [34mcolcon.colcon_core.shell[0m [1;30mINFO[0m Creating package script '/home/tarun/surveillance_bot/ros2/ws/install/edgevision_msgs/share/edgevision_msgs/package.zsh'
[1.191s] [34mcolcon.colcon_core.environment[0m [1;30mLevel 1[0m create_file_with_runtime_dependencies(/home/tarun/surveillance_bot/ros2/ws/install/edgevision_msgs/share/colcon-core/packages/edgevision_msgs)
[1.192s] [34mcolcon.colcon_core.environment[0m [1;30mLevel 1[0m create_environment_scripts_only(edgevision_msgs)
[1.193s] [34mcolcon.colcon_core.environment[0m [1;30mLevel 1[0m checking '/home/tarun/surveillance_bot/ros2/ws/install/edgevision_msgs' for CMake module files
[1.195s] [34mcolcon.colcon_core.environment[0m [1;30mLevel 1[0m checking '/home/tarun/surveillance_bot/ros2/ws/install/edgevision_msgs' for CMake config files
[1.198s] [34mcolcon.colcon_core.shell[0m [1;30mLevel 1[0m create_environment_hook('edgevision_msgs', 'cmake_prefix_path')
[1.198s] [34mcolcon.colcon_core.shell[0m [1;30mINFO[0m Creating environment hook '/home/tarun/surveillance_bot/ros2/ws/install/edgevision_msgs/share/edgevision_msgs/hook/cmake_prefix_path.ps1'
[1.199s] [34mcolcon.colcon_core.shell[0m [1;30mINFO[0m Creating environment descriptor '/home/tarun/surveillance_bot/ros2/ws/install/edgevision_msgs/share/edgevision_msgs/hook/cmake_prefix_path.dsv'
[1.200s] [34mcolcon.colcon_core.shell[0m [1;30mINFO[0m Creating environment hook '/home/tarun/surveillance_bot/ros2/ws/install/edgevision_msgs/share/edgevision_msgs/hook/cmake_prefix_path.sh'
[1.202s] [34mcolcon.colcon_core.environment[0m [1;30mLevel 1[0m checking '/home/tarun/surveillance_bot/ros2/ws/install/edgevision_msgs/lib'
[1.202s] [34mcolcon.colcon_core.shell[0m [1;30mLevel 1[0m create_environment_hook('edgevision_msgs', 'ld_library_path_lib')
[1.202s] [34mcolcon.colcon_core.shell[0m [1;30mINFO[0m Creating environment hook '/home/tarun/surveillance_bot/ros2/ws/install/edgevision_msgs/share/edgevision_msgs/hook/ld_library_path_lib.ps1'
[1.203s] [34mcolcon.colcon_core.shell[0m [1;30mINFO[0m Creating environment descriptor '/home/tarun/surveillance_bot/ros2/ws/install/edgevision_msgs/share/edgevision_msgs/hook/ld_library_path_lib.dsv'
[1.204s] [34mcolcon.colcon_core.shell[0m [1;30mINFO[0m Creating environment hook '/home/tarun/surveillance_bot/ros2/ws/install/edgevision_msgs/share/edgevision_msgs/hook/ld_library_path_lib.sh'
[1.205s] [34mcolcon.colcon_core.environment[0m [1;30mLevel 1[0m checking '/home/tarun/surveillance_bot/ros2/ws/install/edgevision_msgs/bin'
[1.205s] [34mcolcon.colcon_core.environment[0m [1;30mLevel 1[0m checking '/home/tarun/surveillance_bot/ros2/ws/install/edgevision_msgs/lib/pkgconfig/edgevision_msgs.pc'
[1.206s] [34mcolcon.colcon_core.environment[0m [1;30mLevel 1[0m checking '/home/tarun/surveillance_bot/ros2/ws/install/edgevision_msgs/lib/python3.10/site-packages'
[1.206s] [34mcolcon.colcon_core.shell[0m [1;30mLevel 1[0m create_environment_hook('edgevision_msgs', 'pythonpath')
[1.207s] [34mcolcon.colcon_core.shell[0m [1;30mINFO[0m Creating environment hook '/home/tarun/surveillance_bot/ros2/ws/install/edgevision_msgs/share/edgevision_msgs/hook/pythonpath.ps1'
[1.208s] [34mcolcon.colcon_core.shell[0m [1;30mINFO[0m Creating environment descriptor '/home/tarun/surveillance_bot/ros2/ws/install/edgevision_msgs/share/edgevision_msgs/hook/pythonpath.dsv'
[1.209s] [34mcolcon.colcon_core.shell[0m [1;30mINFO[0m Creating environment hook '/home/tarun/surveillance_bot/ros2/ws/install/edgevision_msgs/share/edgevision_msgs/hook/pythonpath.sh'
[1.211s] [34mcolcon.colcon_core.environment[0m [1;30mLevel 1[0m checking '/home/tarun/surveillance_bot/ros2/ws/install/edgevision_msgs/bin'
[1.212s] [34mcolcon.colcon_core.shell[0m [1;30mINFO[0m Creating package script '/home/tarun/surveillance_bot/ros2/ws/install/edgevision_msgs/share/edgevision_msgs/package.ps1'
[1.214s] [34mcolcon.colcon_core.shell[0m [1;30mINFO[0m Creating package descriptor '/home/tarun/surveillance_bot/ros2/ws/install/edgevision_msgs/share/edgevision_msgs/package.dsv'
[1.216s] [34mcolcon.colcon_core.shell[0m [1;30mINFO[0m Creating package script '/home/tarun/surveillance_bot/ros2/ws/install/edgevision_msgs/share/edgevision_msgs/package.sh'
[1.217s] [34mcolcon.colcon_core.shell[0m [1;30mINFO[0m Creating package script '/home/tarun/surveillance_bot/ros2/ws/install/edgevision_msgs/share/edgevision_msgs/package.bash'
[1.218s] [34mcolcon.colcon_core.shell[0m [1;30mINFO[0m Creating package script '/home/tarun/surveillance_bot/ros2/ws/install/edgevision_msgs/share/edgevision_msgs/package.zsh'
[1.218s] [34mcolcon.colcon_core.environment[0m [1;30mLevel 1[0m create_file_with_runtime_dependencies(/home/tarun/surveillance_bot/ros2/ws/install/edgevision_msgs/share/colcon-core/packages/edgevision_msgs)
[1.218s] [34mcolcon.colcon_ros.task.ament_python.build[0m [1;30mINFO[0m Building ROS package in '/home/tarun/surveillance_bot/ros2/ws/src/edgevision_ros' with build type 'ament_python'
[1.219s] [34mcolcon.colcon_core.shell[0m [1;30mLevel 1[0m create_environment_hook('edgevision_ros', 'ament_prefix_path')
[1.219s] [34mcolcon.colcon_core.shell[0m [1;30mINFO[0m Creating environment hook '/home/tarun/surveillance_bot/ros2/ws/install/edgevision_ros/share/edgevision_ros/hook/ament_prefix_path.ps1'
[1.220s] [34mcolcon.colcon_core.shell[0m [1;30mINFO[0m Creating environment descriptor '/home/tarun/surveillance_bot/ros2/ws/install/edgevision_ros/share/edgevision_ros/hook/ament_prefix_path.dsv'
[1.221s] [34mcolcon.colcon_core.shell[0m [1;30mINFO[0m Creating environment hook '/home/tarun/surveillance_bot/ros2/ws/install/edgevision_ros/share/edgevision_ros/hook/ament_prefix_path.sh'
[1.222s] [34mcolcon.colcon_core.shell[0m [1;30mINFO[0m Skip shell extension 'powershell' for command environment: Not usable outside of PowerShell
[1.222s] [34mcolcon.colcon_core.shell[0m [1;30mDEBUG[0m [32mSkip shell extension 'dsv' for command environment[0m
[1.611s] [34mcolcon.colcon_core.task.python.build[0m [1;30mINFO[0m Building Python package in '/home/tarun/surveillance_bot/ros2/ws/src/edgevision_ros'
[1.612s] [34mcolcon.colcon_core.shell[0m [1;30mINFO[0m Skip shell extension 'powershell' for command environment: Not usable outside of PowerShell
[1.612s] [34mcolcon.colcon_core.shell[0m [1;30mDEBUG[0m [32mSkip shell extension 'dsv' for command environment[0m
[2.077s] [34mcolcon.colcon_core.task.python.build[0m [1;30mDEBUG[0m [32mAvailable setuptools commands: install_lib, bdist_egg, sdist, bdist_rpm, upload, develop, clean, install_data, rotate, alias, install_scripts, register, check, build_ext, install_egg_info, saveopts, bdist_dumb, test, install_headers, symlink_data, install, setopt, build_clib, easy_install, egg_info, dist_info, build, upload_docs, build_py, build_scripts, bdist_wheel, bdist[0m
[2.444s] [34mcolcon.colcon_core.task.python.build[0m [1;30mDEBUG[0m [32mAvailable setuptools 'develop' options: --multi-version, --editable, --no-deps, --egg-path, --build-directory, --force-installation-into-system-dir, --always-unzip, --install-dir, --script-dir, --record, --site-dirs, --index-url, --install-layout, --quiet, --no-find-links, --uninstall, --always-copy, --no-user-cfg, --prefix, --exclude-scripts, --find-links, --local-snapshots-ok, --allow-hosts, --user, --dry-run, --version, --optimize, --verbose, --zip-ok, --upgrade, --help[0m
[2.448s] [34mcolcon.colcon_core.event_handler.log_command[0m [1;30mDEBUG[0m [32mInvoking command in '/home/tarun/surveillance_bot/ros2/ws/build/edgevision_ros': PYTHONPATH=/home/tarun/surveillance_bot/ros2/ws/build/edgevision_ros/prefix_override:/usr/lib/python3/dist-packages/colcon_core/task/python/colcon_distutils_commands:/home/tarun/surveillance_bot/ros2/ws/install/edgevision_ros/lib/python3.10/site-packages:/home/tarun/surveillance_bot/ros2/ws/install/edgevision_msgs/lib/python3.10/site-packages:/home/tarun/surveillance_bot/ros2/ws/build/edgevision_ros:/home/tarun/surveillance_bot/ros2/ws/install/edgevision_ros/lib/python3.10/site-packages:/opt/ros/humble/lib/python3.10/site-packages:/opt/ros/humble/local/lib/python3.10/dist-packages:/home/tarun/surveillance_bot:/home/tarun/surveillance_bot VIRTUAL_ENV_PROMPT=(.venv) /usr/bin/python3 -W ignore:setup.py install is deprecated -W ignore:easy_install command is deprecated setup.py develop --editable --build-directory /home/tarun/surveillance_bot/ros2/ws/build/edgevision_ros/build --no-deps symlink_data[0m
[3.055s] [34mcolcon.colcon_core.shell[0m [1;30mLevel 1[0m create_environment_hook('edgevision_ros', 'pythonpath_develop')
[3.056s] [34mcolcon.colcon_core.shell[0m [1;30mINFO[0m Creating environment hook '/home/tarun/surveillance_bot/ros2/ws/build/edgevision_ros/share/edgevision_ros/hook/pythonpath_develop.ps1'
[3.057s] [34mcolcon.colcon_core.event_handler.log_command[0m [1;30mDEBUG[0m [32mInvoked command in '/home/tarun/surveillance_bot/ros2/ws/build/edgevision_ros' returned '0': PYTHONPATH=/home/tarun/surveillance_bot/ros2/ws/build/edgevision_ros/prefix_override:/usr/lib/python3/dist-packages/colcon_core/task/python/colcon_distutils_commands:/home/tarun/surveillance_bot/ros2/ws/install/edgevision_ros/lib/python3.10/site-packages:/home/tarun/surveillance_bot/ros2/ws/install/edgevision_msgs/lib/python3.10/site-packages:/home/tarun/surveillance_bot/ros2/ws/build/edgevision_ros:/home/tarun/surveillance_bot/ros2/ws/install/edgevision_ros/lib/python3.10/site-packages:/opt/ros/humble/lib/python3.10/site-packages:/opt/ros/humble/local/lib/python3.10/dist-packages:/home/tarun/surveillance_bot:/home/tarun/surveillance_bot VIRTUAL_ENV_PROMPT=(.venv) /usr/bin/python3 -W ignore:setup.py install is deprecated -W ignore:easy_install command is deprecated setup.py develop --editable --build-directory /home/tarun/surveillance_bot/ros2/ws/build/edgevision_ros/build --no-deps symlink_data[0m
[3.058s] [34mcolcon.colcon_core.shell[0m [1;30mINFO[0m Creating environment descriptor '/home/tarun/surveillance_bot/ros2/ws/build/edgevision_ros/share/edgevision_ros/hook/pythonpath_develop.dsv'
[3.059s] [34mcolcon.colcon_core.shell[0m [1;30mINFO[0m Creating environment hook '/home/tarun/surveillance_bot/ros2/ws/build/edgevision_ros/share/edgevision_ros/hook/pythonpath_develop.sh'
[3.060s] [34mcolcon.colcon_core.environment[0m [1;30mLevel 1[0m checking '/home/tarun/surveillance_bot/ros2/ws/install/edgevision_ros' for CMake module files
[3.062s] [34mcolcon.colcon_core.environment[0m [1;30mLevel 1[0m checking '/home/tarun/surveillance_bot/ros2/ws/install/edgevision_ros' for CMake config files
[3.063s] [34mcolcon.colcon_core.environment[0m [1;30mLevel 1[0m checking '/home/tarun/surveillance_bot/ros2/ws/install/edgevision_ros/lib'
[3.063s] [34mcolcon.colcon_core.environment[0m [1;30mLevel 1[0m checking '/home/tarun/surveillance_bot/ros2/ws/install/edgevision_ros/bin'
[3.064s] [34mcolcon.colcon_core.environment[0m [1;30mLevel 1[0m checking '/home/tarun/surveillance_bot/ros2/ws/install/edgevision_ros/lib/pkgconfig/edgevision_ros.pc'
[3.064s] [34mcolcon.colcon_core.environment[0m [1;30mLevel 1[0m checking '/home/tarun/surveillance_bot/ros2/ws/install/edgevision_ros/lib/python3.10/site-packages'
[3.064s] [34mcolcon.colcon_core.shell[0m [1;30mLevel 1[0m create_environment_hook('edgevision_ros', 'pythonpath')
[3.065s] [34mcolcon.colcon_core.shell[0m [1;30mINFO[0m Creating environment hook '/home/tarun/surveillance_bot/ros2/ws/install/edgevision_ros/share/edgevision_ros/hook/pythonpath.ps1'
[3.067s] [34mcolcon.colcon_core.shell[0m [1;30mINFO[0m Creating environment descriptor '/home/tarun/surveillance_bot/ros2/ws/install/edgevision_ros/share/edgevision_ros/hook/pythonpath.dsv'
[3.068s] [34mcolcon.colcon_core.shell[0m [1;30mINFO[0m Creating environment hook '/home/tarun/surveillance_bot/ros2/ws/install/edgevision_ros/share/edgevision_ros/hook/pythonpath.sh'
[3.070s] [34mcolcon.colcon_core.environment[0m [1;30mLevel 1[0m checking '/home/tarun/surveillance_bot/ros2/ws/install/edgevision_ros/bin'
[3.070s] [34mcolcon.colcon_core.environment[0m [1;30mLevel 1[0m create_environment_scripts_only(edgevision_ros)
[3.071s] [34mcolcon.colcon_core.shell[0m [1;30mINFO[0m Creating package script '/home/tarun/surveillance_bot/ros2/ws/install/edgevision_ros/share/edgevision_ros/package.ps1'
[3.073s] [34mcolcon.colcon_core.shell[0m [1;30mINFO[0m Creating package descriptor '/home/tarun/surveillance_bot/ros2/ws/install/edgevision_ros/share/edgevision_ros/package.dsv'
[3.075s] [34mcolcon.colcon_core.shell[0m [1;30mINFO[0m Creating package script '/home/tarun/surveillance_bot/ros2/ws/install/edgevision_ros/share/edgevision_ros/package.sh'
[3.076s] [34mcolcon.colcon_core.shell[0m [1;30mINFO[0m Creating package script '/home/tarun/surveillance_bot/ros2/ws/install/edgevision_ros/share/edgevision_ros/package.bash'
[3.078s] [34mcolcon.colcon_core.shell[0m [1;30mINFO[0m Creating package script '/home/tarun/surveillance_bot/ros2/ws/install/edgevision_ros/share/edgevision_ros/package.zsh'
[3.079s] [34mcolcon.colcon_core.environment[0m [1;30mLevel 1[0m create_file_with_runtime_dependencies(/home/tarun/surveillance_bot/ros2/ws/install/edgevision_ros/share/colcon-core/packages/edgevision_ros)
[3.079s] [34mcolcon.colcon_parallel_executor.executor.parallel[0m [1;30mDEBUG[0m [32mclosing loop[0m
[3.080s] [34mcolcon.colcon_parallel_executor.executor.parallel[0m [1;30mDEBUG[0m [32mloop closed[0m
[3.080s] [34mcolcon.colcon_parallel_executor.executor.parallel[0m [1;30mDEBUG[0m [32mrun_until_complete finished with '0'[0m
[3.081s] [34mcolcon.colcon_core.event_reactor[0m [1;30mDEBUG[0m [32mjoining thread[0m
[3.095s] [34mcolcon.colcon_core.plugin_system[0m [1;30mINFO[0m Skipping extension 'colcon_notification.desktop_notification.terminal_notifier': Not used on non-Darwin systems
[3.095s] [34mcolcon.colcon_core.plugin_system[0m [1;30mINFO[0m Skipping extension 'colcon_notification.desktop_notification.win32': Not used on non-Windows systems
[3.095s] [34mcolcon.colcon_notification.desktop_notification[0m [1;30mINFO[0m Sending desktop notification using 'notify2'
[3.124s] [34mcolcon.colcon_core.event_reactor[0m [1;30mDEBUG[0m [32mjoined thread[0m
[3.124s] [34mcolcon.colcon_core.shell[0m [1;30mINFO[0m Creating prefix script '/home/tarun/surveillance_bot/ros2/ws/install/local_setup.ps1'
[3.125s] [34mcolcon.colcon_core.shell[0m [1;30mINFO[0m Creating prefix util module '/home/tarun/surveillance_bot/ros2/ws/install/_local_setup_util_ps1.py'
[3.127s] [34mcolcon.colcon_core.shell[0m [1;30mINFO[0m Creating prefix chain script '/home/tarun/surveillance_bot/ros2/ws/install/setup.ps1'
[3.128s] [34mcolcon.colcon_core.shell[0m [1;30mINFO[0m Creating prefix script '/home/tarun/surveillance_bot/ros2/ws/install/local_setup.sh'
[3.129s] [34mcolcon.colcon_core.shell[0m [1;30mINFO[0m Creating prefix util module '/home/tarun/surveillance_bot/ros2/ws/install/_local_setup_util_sh.py'
[3.130s] [34mcolcon.colcon_core.shell[0m [1;30mINFO[0m Creating prefix chain script '/home/tarun/surveillance_bot/ros2/ws/install/setup.sh'
[3.132s] [34mcolcon.colcon_core.shell[0m [1;30mINFO[0m Creating prefix script '/home/tarun/surveillance_bot/ros2/ws/install/local_setup.bash'
[3.133s] [34mcolcon.colcon_core.shell[0m [1;30mINFO[0m Creating prefix chain script '/home/tarun/surveillance_bot/ros2/ws/install/setup.bash'
[3.134s] [34mcolcon.colcon_core.shell[0m [1;30mINFO[0m Creating prefix script '/home/tarun/surveillance_bot/ros2/ws/install/local_setup.zsh'
[3.135s] [34mcolcon.colcon_core.shell[0m [1;30mINFO[0m Creating prefix chain script '/home/tarun/surveillance_bot/ros2/ws/install/setup.zsh'
