[1.145s] Invoking command in '/home/tarun/surveillance_bot/ros2/ws/build/edgevision_ros': PYTHONPATH=/home/tarun/surveillance_bot/ros2/ws/build/edgevision_ros/prefix_override:/usr/lib/python3/dist-packages/colcon_core/task/python/colcon_distutils_commands:/home/tarun/surveillance_bot/ros2/ws/install/edgevision_ros/lib/python3.10/site-packages:${PYTHONPATH} VIRTUAL_ENV_PROMPT=(.venv) /usr/bin/python3 -W ignore:setup.py install is deprecated -W ignore:easy_install command is deprecated setup.py develop --editable --build-directory /home/tarun/surveillance_bot/ros2/ws/build/edgevision_ros/build --no-deps symlink_data
[1.550s] running develop
[1.752s] running egg_info
[1.752s] creating edgevision_ros.egg-info
[1.753s] writing edgevision_ros.egg-info/PKG-INFO
[1.753s] writing dependency_links to edgevision_ros.egg-info/dependency_links.txt
[1.753s] writing entry points to edgevision_ros.egg-info/entry_points.txt
[1.753s] writing requirements to edgevision_ros.egg-info/requires.txt
[1.754s] writing top-level names to edgevision_ros.egg-info/top_level.txt
[1.754s] writing manifest file 'edgevision_ros.egg-info/SOURCES.txt'
[1.756s] reading manifest file 'edgevision_ros.egg-info/SOURCES.txt'
[1.757s] writing manifest file 'edgevision_ros.egg-info/SOURCES.txt'
[1.759s] running build_ext
[1.759s] Creating /home/tarun/surveillance_bot/ros2/ws/install/edgevision_ros/lib/python3.10/site-packages/edgevision-ros.egg-link (link to .)
[1.760s] Installing camera_node script to /home/tarun/surveillance_bot/ros2/ws/install/edgevision_ros/lib/edgevision_ros
[1.761s] 
[1.761s] Installed /home/tarun/surveillance_bot/ros2/ws/build/edgevision_ros
[1.761s] running symlink_data
[1.761s] creating /home/tarun/surveillance_bot/ros2/ws/install/edgevision_ros/share/ament_index
[1.761s] creating /home/tarun/surveillance_bot/ros2/ws/install/edgevision_ros/share/ament_index/resource_index
[1.762s] creating /home/tarun/surveillance_bot/ros2/ws/install/edgevision_ros/share/ament_index/resource_index/packages
[1.762s] symbolically linking /home/tarun/surveillance_bot/ros2/ws/build/edgevision_ros/resource/edgevision_ros -> /home/tarun/surveillance_bot/ros2/ws/install/edgevision_ros/share/ament_index/resource_index/packages
[1.762s] symbolically linking /home/tarun/surveillance_bot/ros2/ws/build/edgevision_ros/package.xml -> /home/tarun/surveillance_bot/ros2/ws/install/edgevision_ros/share/edgevision_ros
[1.820s] Invoked command in '/home/tarun/surveillance_bot/ros2/ws/build/edgevision_ros' returned '0': PYTHONPATH=/home/tarun/surveillance_bot/ros2/ws/build/edgevision_ros/prefix_override:/usr/lib/python3/dist-packages/colcon_core/task/python/colcon_distutils_commands:/home/tarun/surveillance_bot/ros2/ws/install/edgevision_ros/lib/python3.10/site-packages:${PYTHONPATH} VIRTUAL_ENV_PROMPT=(.venv) /usr/bin/python3 -W ignore:setup.py install is deprecated -W ignore:easy_install command is deprecated setup.py develop --editable --build-directory /home/tarun/surveillance_bot/ros2/ws/build/edgevision_ros/build --no-deps symlink_data
