[1.382s] Invoking command in '/home/tarun/surveillance_bot/ros2/ws/src/edgevision_ros': PYTHONPATH=/home/tarun/surveillance_bot/ros2/ws/build/edgevision_ros/prefix_override:/usr/lib/python3/dist-packages/colcon_core/task/python/colcon_distutils_commands:/home/tarun/surveillance_bot/ros2/ws/install/edgevision_ros/lib/python3.10/site-packages:/home/tarun/surveillance_bot/ros2/ws/install/edgevision_msgs/lib/python3.10/site-packages:/home/tarun/surveillance_bot/ros2/ws/install/edgevision_ros/lib/python3.10/site-packages:/opt/ros/humble/lib/python3.10/site-packages:/opt/ros/humble/local/lib/python3.10/dist-packages:/home/tarun/surveillance_bot VIRTUAL_ENV_PROMPT=(.venv) /usr/bin/python3 -W ignore:setup.py install is deprecated -W ignore:easy_install command is deprecated setup.py egg_info --egg-base ../../build/edgevision_ros build --build-base /home/tarun/surveillance_bot/ros2/ws/build/edgevision_ros/build install --record /home/tarun/surveillance_bot/ros2/ws/build/edgevision_ros/install.log --install-scripts $base/lib/edgevision_ros --single-version-externally-managed install_data
[1.997s] running egg_info
[1.998s] writing ../../build/edgevision_ros/edgevision_ros.egg-info/PKG-INFO
[1.998s] writing dependency_links to ../../build/edgevision_ros/edgevision_ros.egg-info/dependency_links.txt
[1.999s] writing entry points to ../../build/edgevision_ros/edgevision_ros.egg-info/entry_points.txt
[1.999s] writing requirements to ../../build/edgevision_ros/edgevision_ros.egg-info/requires.txt
[2.000s] writing top-level names to ../../build/edgevision_ros/edgevision_ros.egg-info/top_level.txt
[2.004s] reading manifest file '../../build/edgevision_ros/edgevision_ros.egg-info/SOURCES.txt'
[2.005s] adding license file 'LICENSE'
[2.006s] writing manifest file '../../build/edgevision_ros/edgevision_ros.egg-info/SOURCES.txt'
[2.007s] running build
[2.007s] running build_py
[2.008s] running install
[2.009s] running install_lib
[2.013s] running install_data
[2.013s] running install_egg_info
[2.016s] removing '/home/tarun/surveillance_bot/ros2/ws/install/edgevision_ros/lib/python3.10/site-packages/edgevision_ros-0.0.0-py3.10.egg-info' (and everything under it)
[2.017s] Copying ../../build/edgevision_ros/edgevision_ros.egg-info to /home/tarun/surveillance_bot/ros2/ws/install/edgevision_ros/lib/python3.10/site-packages/edgevision_ros-0.0.0-py3.10.egg-info
[2.019s] running install_scripts
[2.073s] Installing camera_node script to /home/tarun/surveillance_bot/ros2/ws/install/edgevision_ros/lib/edgevision_ros
[2.074s] Installing detector_node script to /home/tarun/surveillance_bot/ros2/ws/install/edgevision_ros/lib/edgevision_ros
[2.074s] Installing event_logger_node script to /home/tarun/surveillance_bot/ros2/ws/install/edgevision_ros/lib/edgevision_ros
[2.075s] Installing face_node script to /home/tarun/surveillance_bot/ros2/ws/install/edgevision_ros/lib/edgevision_ros
[2.075s] Installing perception_node script to /home/tarun/surveillance_bot/ros2/ws/install/edgevision_ros/lib/edgevision_ros
[2.076s] Installing tracker_node script to /home/tarun/surveillance_bot/ros2/ws/install/edgevision_ros/lib/edgevision_ros
[2.077s] writing list of installed files to '/home/tarun/surveillance_bot/ros2/ws/build/edgevision_ros/install.log'
[2.172s] Invoked command in '/home/tarun/surveillance_bot/ros2/ws/src/edgevision_ros' returned '0': PYTHONPATH=/home/tarun/surveillance_bot/ros2/ws/build/edgevision_ros/prefix_override:/usr/lib/python3/dist-packages/colcon_core/task/python/colcon_distutils_commands:/home/tarun/surveillance_bot/ros2/ws/install/edgevision_ros/lib/python3.10/site-packages:/home/tarun/surveillance_bot/ros2/ws/install/edgevision_msgs/lib/python3.10/site-packages:/home/tarun/surveillance_bot/ros2/ws/install/edgevision_ros/lib/python3.10/site-packages:/opt/ros/humble/lib/python3.10/site-packages:/opt/ros/humble/local/lib/python3.10/dist-packages:/home/tarun/surveillance_bot VIRTUAL_ENV_PROMPT=(.venv) /usr/bin/python3 -W ignore:setup.py install is deprecated -W ignore:easy_install command is deprecated setup.py egg_info --egg-base ../../build/edgevision_ros build --build-base /home/tarun/surveillance_bot/ros2/ws/build/edgevision_ros/build install --record /home/tarun/surveillance_bot/ros2/ws/build/edgevision_ros/install.log --install-scripts $base/lib/edgevision_ros --single-version-externally-managed install_data
