[1.854s] Invoking command in '/home/tarun/surveillance_bot/ros2/ws/build/edgevision_ros': PYTHONPATH=/home/tarun/surveillance_bot/ros2/ws/build/edgevision_ros/prefix_override:/usr/lib/python3/dist-packages/colcon_core/task/python/colcon_distutils_commands:/home/tarun/surveillance_bot/ros2/ws/install/edgevision_ros/lib/python3.10/site-packages:${PYTHONPATH} /usr/bin/python3 -W ignore:setup.py install is deprecated -W ignore:easy_install command is deprecated setup.py develop --editable --build-directory /home/tarun/surveillance_bot/ros2/ws/build/edgevision_ros/build --no-deps symlink_data
[2.399s] running develop
[2.819s] running egg_info
[2.819s] creating edgevision_ros.egg-info
[2.820s] writing edgevision_ros.egg-info/PKG-INFO
[2.820s] writing dependency_links to edgevision_ros.egg-info/dependency_links.txt
[2.821s] writing entry points to edgevision_ros.egg-info/entry_points.txt
[2.821s] writing requirements to edgevision_ros.egg-info/requires.txt
[2.821s] writing top-level names to edgevision_ros.egg-info/top_level.txt
[2.822s] writing manifest file 'edgevision_ros.egg-info/SOURCES.txt'
[2.826s] reading manifest file 'edgevision_ros.egg-info/SOURCES.txt'
[2.828s] writing manifest file 'edgevision_ros.egg-info/SOURCES.txt'
[2.832s] running build_ext
[2.833s] Creating /home/tarun/surveillance_bot/ros2/ws/install/edgevision_ros/lib/python3.10/site-packages/edgevision-ros.egg-link (link to .)
[2.835s] Installing camera_node script to /home/tarun/surveillance_bot/ros2/ws/install/edgevision_ros/lib/edgevision_ros
[2.836s] Installing detector_node script to /home/tarun/surveillance_bot/ros2/ws/install/edgevision_ros/lib/edgevision_ros
[2.837s] 
[2.837s] Installed /home/tarun/surveillance_bot/ros2/ws/build/edgevision_ros
[2.837s] running symlink_data
[2.838s] creating /home/tarun/surveillance_bot/ros2/ws/install/edgevision_ros/share/ament_index
[2.838s] creating /home/tarun/surveillance_bot/ros2/ws/install/edgevision_ros/share/ament_index/resource_index
[2.838s] creating /home/tarun/surveillance_bot/ros2/ws/install/edgevision_ros/share/ament_index/resource_index/packages
[2.839s] symbolically linking /home/tarun/surveillance_bot/ros2/ws/build/edgevision_ros/resource/edgevision_ros -> /home/tarun/surveillance_bot/ros2/ws/install/edgevision_ros/share/ament_index/resource_index/packages
[2.839s] symbolically linking /home/tarun/surveillance_bot/ros2/ws/build/edgevision_ros/package.xml -> /home/tarun/surveillance_bot/ros2/ws/install/edgevision_ros/share/edgevision_ros
[2.938s] Invoked command in '/home/tarun/surveillance_bot/ros2/ws/build/edgevision_ros' returned '0': PYTHONPATH=/home/tarun/surveillance_bot/ros2/ws/build/edgevision_ros/prefix_override:/usr/lib/python3/dist-packages/colcon_core/task/python/colcon_distutils_commands:/home/tarun/surveillance_bot/ros2/ws/install/edgevision_ros/lib/python3.10/site-packages:${PYTHONPATH} /usr/bin/python3 -W ignore:setup.py install is deprecated -W ignore:easy_install command is deprecated setup.py develop --editable --build-directory /home/tarun/surveillance_bot/ros2/ws/build/edgevision_ros/build --no-deps symlink_data
