[0.014s] Invoking command in '/home/tarun/surveillance_bot/ros2/ws/build/edgevision_msgs': CMAKE_PREFIX_PATH=${CMAKE_PREFIX_PATH}:/home/tarun/surveillance_bot/ros2/ws/install/edgevision_ros:/opt/ros/humble VIRTUAL_ENV_PROMPT=(.venv) /usr/bin/cmake /home/tarun/surveillance_bot/ros2/ws/src/edgevision_msgs -DAMENT_CMAKE_SYMLINK_INSTALL=1 -DCMAKE_INSTALL_PREFIX=/home/tarun/surveillance_bot/ros2/ws/install/edgevision_msgs
[0.168s] -- The C compiler identification is GNU 11.4.0
[0.314s] -- The CXX compiler identification is GNU 11.4.0
[0.331s] -- Detecting C compiler ABI info
[0.432s] -- Detecting C compiler ABI info - done
[0.450s] -- Check for working C compiler: /usr/bin/cc - skipped
[0.451s] -- Detecting C compile features
[0.452s] -- Detecting C compile features - done
[0.457s] -- Detecting CXX compiler ABI info
[0.566s] -- Detecting CXX compiler ABI info - done
[0.595s] -- Check for working CXX compiler: /usr/bin/c++ - skipped
[0.596s] -- Detecting CXX compile features
[0.597s] -- Detecting CXX compile features - done
[0.604s] -- Found ament_cmake: 1.3.14 (/opt/ros/humble/share/ament_cmake/cmake)
[1.218s] -- Found Python3: /home/tarun/surveillance_bot/.venv/bin/python3 (found version "3.10.12") found components: Interpreter 
[1.334s] -- Override CMake install command with custom implementation using symlinks instead of copying resources
[1.412s] -- Found rosidl_default_generators: 1.2.1 (/opt/ros/humble/share/rosidl_default_generators/cmake)
[1.416s] -- Using all available rosidl_typesupport_c: rosidl_typesupport_fastrtps_c;rosidl_typesupport_introspection_c
[1.426s] -- Found rosidl_adapter: 3.1.9 (/opt/ros/humble/share/rosidl_adapter/cmake)
[1.501s] -- Using all available rosidl_typesupport_cpp: rosidl_typesupport_fastrtps_cpp;rosidl_typesupport_introspection_cpp
[1.564s] -- Found std_msgs: 4.9.1 (/opt/ros/humble/share/std_msgs/cmake)
[2.152s] -- Found ament_cmake_ros: 0.10.0 (/opt/ros/humble/share/ament_cmake_ros/cmake)
[2.518s] -- Using all available rosidl_typesupport_c: rosidl_typesupport_fastrtps_c;rosidl_typesupport_introspection_c
[3.072s] -- Using all available rosidl_typesupport_cpp: rosidl_typesupport_fastrtps_cpp;rosidl_typesupport_introspection_cpp
[3.140s] -- Found PythonInterp: /home/tarun/surveillance_bot/.venv/bin/python3 (found suitable version "3.10.12", minimum required is "3.6") 
[3.145s] -- Found python_cmake_module: 0.10.0 (/opt/ros/humble/share/python_cmake_module/cmake)
[3.203s] -- Found PythonLibs: /usr/lib/x86_64-linux-gnu/libpython3.10.so (found suitable version "3.10.12", minimum required is "3.5") 
[3.203s] -- Using PYTHON_EXECUTABLE: /home/tarun/surveillance_bot/.venv/bin/python3
[3.204s] -- Using PYTHON_INCLUDE_DIRS: /usr/include/python3.10
[3.204s] -- Using PYTHON_LIBRARIES: /usr/lib/x86_64-linux-gnu/libpython3.10.so
[3.251s] -- Found PythonExtra: .so  
[3.554s] -- Configuring done
[3.623s] -- Generating done
[3.642s] -- Build files have been written to: /home/tarun/surveillance_bot/ros2/ws/build/edgevision_msgs
[3.652s] Invoked command in '/home/tarun/surveillance_bot/ros2/ws/build/edgevision_msgs' returned '0': CMAKE_PREFIX_PATH=${CMAKE_PREFIX_PATH}:/home/tarun/surveillance_bot/ros2/ws/install/edgevision_ros:/opt/ros/humble VIRTUAL_ENV_PROMPT=(.venv) /usr/bin/cmake /home/tarun/surveillance_bot/ros2/ws/src/edgevision_msgs -DAMENT_CMAKE_SYMLINK_INSTALL=1 -DCMAKE_INSTALL_PREFIX=/home/tarun/surveillance_bot/ros2/ws/install/edgevision_msgs
[3.657s] Invoking command in '/home/tarun/surveillance_bot/ros2/ws/build/edgevision_msgs': CMAKE_PREFIX_PATH=${CMAKE_PREFIX_PATH}:/home/tarun/surveillance_bot/ros2/ws/install/edgevision_ros:/opt/ros/humble VIRTUAL_ENV_PROMPT=(.venv) /usr/bin/cmake --build /home/tarun/surveillance_bot/ros2/ws/build/edgevision_msgs -- -j8 -l8
[3.721s] [  1%] [34m[1mGenerating C code for ROS interfaces[0m
[3.738s] [  2%] [34m[1mGenerating Rust code for ROS interfaces[0m
[3.744s] [  4%] [34m[1mGenerating C++ code for ROS interfaces[0m
[3.755s] [  4%] Built target ament_cmake_python_symlink_edgevision_msgs
[4.066s] running egg_info
[4.080s] creating edgevision_msgs.egg-info
[4.081s] writing edgevision_msgs.egg-info/PKG-INFO
[4.081s] writing dependency_links to edgevision_msgs.egg-info/dependency_links.txt
[4.081s] writing top-level names to edgevision_msgs.egg-info/top_level.txt
[4.082s] writing manifest file 'edgevision_msgs.egg-info/SOURCES.txt'
[4.125s] reading manifest file 'edgevision_msgs.egg-info/SOURCES.txt'
[4.126s] writing manifest file 'edgevision_msgs.egg-info/SOURCES.txt'
[4.174s] [  4%] Built target ament_cmake_python_build_edgevision_msgs_egg
[4.306s] [  4%] Built target edgevision_msgs__rs
[4.559s] [  4%] Built target edgevision_msgs__cpp
[4.575s] [  5%] [34m[1mGenerating C++ type support for eProsima Fast-RTPS[0m
[4.575s] [  6%] [34m[1mGenerating C++ introspection for ROS interfaces[0m
[4.575s] [  8%] [34m[1mGenerating C++ type support dispatch for ROS interfaces[0m
[4.652s] [  9%] [32mBuilding C object CMakeFiles/edgevision_msgs__rosidl_generator_c.dir/rosidl_generator_c/edgevision_msgs/msg/detail/tracked_detection__functions.c.o[0m
[4.652s] [ 11%] [32mBuilding C object CMakeFiles/edgevision_msgs__rosidl_generator_c.dir/rosidl_generator_c/edgevision_msgs/msg/detail/tracked_detection_array__functions.c.o[0m
[4.652s] [ 12%] [32mBuilding C object CMakeFiles/edgevision_msgs__rosidl_generator_c.dir/rosidl_generator_c/edgevision_msgs/msg/detail/detection_array__functions.c.o[0m
[4.658s] [ 13%] [32mBuilding C object CMakeFiles/edgevision_msgs__rosidl_generator_c.dir/rosidl_generator_c/edgevision_msgs/msg/detail/face_detection__functions.c.o[0m
[4.666s] [ 15%] [32mBuilding C object CMakeFiles/edgevision_msgs__rosidl_generator_c.dir/rosidl_generator_c/edgevision_msgs/msg/detail/detection__functions.c.o[0m
[4.760s] [ 16%] [32mBuilding C object CMakeFiles/edgevision_msgs__rosidl_generator_c.dir/rosidl_generator_c/edgevision_msgs/msg/detail/face_detection_array__functions.c.o[0m
[4.836s] [ 18%] [32m[1mLinking C shared library libedgevision_msgs__rosidl_generator_c.so[0m
[4.897s] [ 18%] Built target edgevision_msgs__rosidl_generator_c
[4.914s] [ 19%] [34m[1mGenerating C introspection for ROS interfaces[0m
[4.916s] [ 20%] [34m[1mGenerating C type support dispatch for ROS interfaces[0m
[4.919s] [ 22%] [34m[1mGenerating C type support for eProsima Fast-RTPS[0m
[5.288s] [ 25%] [32mBuilding CXX object CMakeFiles/edgevision_msgs__rosidl_typesupport_introspection_cpp.dir/rosidl_typesupport_introspection_cpp/edgevision_msgs/msg/detail/detection__type_support.cpp.o[0m
[5.289s] [ 25%] [32mBuilding CXX object CMakeFiles/edgevision_msgs__rosidl_typesupport_introspection_cpp.dir/rosidl_typesupport_introspection_cpp/edgevision_msgs/msg/detail/tracked_detection__type_support.cpp.o[0m
[5.289s] [ 26%] [32mBuilding CXX object CMakeFiles/edgevision_msgs__rosidl_typesupport_introspection_cpp.dir/rosidl_typesupport_introspection_cpp/edgevision_msgs/msg/detail/detection_array__type_support.cpp.o[0m
[5.410s] [ 27%] [32mBuilding CXX object CMakeFiles/edgevision_msgs__rosidl_typesupport_cpp.dir/rosidl_typesupport_cpp/edgevision_msgs/msg/detection__type_support.cpp.o[0m
[5.696s] [ 29%] [32mBuilding CXX object CMakeFiles/edgevision_msgs__rosidl_typesupport_fastrtps_cpp.dir/rosidl_typesupport_fastrtps_cpp/edgevision_msgs/msg/detail/dds_fastrtps/detection__type_support.cpp.o[0m
[5.787s] [ 30%] [32mBuilding CXX object CMakeFiles/edgevision_msgs__rosidl_typesupport_c.dir/rosidl_typesupport_c/edgevision_msgs/msg/detection__type_support.cpp.o[0m
[5.860s] [ 31%] [32mBuilding CXX object CMakeFiles/edgevision_msgs__rosidl_typesupport_c.dir/rosidl_typesupport_c/edgevision_msgs/msg/detection_array__type_support.cpp.o[0m
[5.920s] [ 33%] [32mBuilding CXX object CMakeFiles/edgevision_msgs__rosidl_typesupport_c.dir/rosidl_typesupport_c/edgevision_msgs/msg/tracked_detection__type_support.cpp.o[0m
[5.923s] [ 34%] [32mBuilding CXX object CMakeFiles/edgevision_msgs__rosidl_typesupport_cpp.dir/rosidl_typesupport_cpp/edgevision_msgs/msg/detection_array__type_support.cpp.o[0m
[5.989s] [ 36%] [32mBuilding CXX object CMakeFiles/edgevision_msgs__rosidl_typesupport_c.dir/rosidl_typesupport_c/edgevision_msgs/msg/tracked_detection_array__type_support.cpp.o[0m
[6.041s] [ 37%] [32mBuilding CXX object CMakeFiles/edgevision_msgs__rosidl_typesupport_c.dir/rosidl_typesupport_c/edgevision_msgs/msg/face_detection__type_support.cpp.o[0m
[6.056s] [ 38%] [32mBuilding C object CMakeFiles/edgevision_msgs__rosidl_typesupport_introspection_c.dir/rosidl_typesupport_introspection_c/edgevision_msgs/msg/detail/detection__type_support.c.o[0m
[6.096s] [ 40%] [32mBuilding CXX object CMakeFiles/edgevision_msgs__rosidl_typesupport_c.dir/rosidl_typesupport_c/edgevision_msgs/msg/face_detection_array__type_support.cpp.o[0m
[6.118s] [ 41%] [32mBuilding CXX object CMakeFiles/edgevision_msgs__rosidl_typesupport_fastrtps_cpp.dir/rosidl_typesupport_fastrtps_cpp/edgevision_msgs/msg/detail/dds_fastrtps/detection_array__type_support.cpp.o[0m
[6.128s] [ 43%] [32mBuilding C object CMakeFiles/edgevision_msgs__rosidl_typesupport_introspection_c.dir/rosidl_typesupport_introspection_c/edgevision_msgs/msg/detail/detection_array__type_support.c.o[0m
[6.145s] [ 44%] [32mBuilding CXX object CMakeFiles/edgevision_msgs__rosidl_typesupport_cpp.dir/rosidl_typesupport_cpp/edgevision_msgs/msg/tracked_detection__type_support.cpp.o[0m
[6.148s] [ 45%] [32m[1mLinking CXX shared library libedgevision_msgs__rosidl_typesupport_c.so[0m
[6.185s] [ 47%] [32mBuilding CXX object CMakeFiles/edgevision_msgs__rosidl_typesupport_fastrtps_c.dir/rosidl_typesupport_fastrtps_c/edgevision_msgs/msg/detail/detection__type_support_c.cpp.o[0m
[6.211s] [ 48%] [32mBuilding C object CMakeFiles/edgevision_msgs__rosidl_typesupport_introspection_c.dir/rosidl_typesupport_introspection_c/edgevision_msgs/msg/detail/tracked_detection__type_support.c.o[0m
[6.225s] [ 50%] [32mBuilding CXX object CMakeFiles/edgevision_msgs__rosidl_typesupport_introspection_cpp.dir/rosidl_typesupport_introspection_cpp/edgevision_msgs/msg/detail/tracked_detection_array__type_support.cpp.o[0m
[6.242s] [ 50%] Built target edgevision_msgs__rosidl_typesupport_c
[6.261s] [ 51%] [32mBuilding CXX object CMakeFiles/edgevision_msgs__rosidl_typesupport_fastrtps_c.dir/rosidl_typesupport_fastrtps_c/edgevision_msgs/msg/detail/detection_array__type_support_c.cpp.o[0m
[6.282s] [ 52%] [32mBuilding C object CMakeFiles/edgevision_msgs__rosidl_typesupport_introspection_c.dir/rosidl_typesupport_introspection_c/edgevision_msgs/msg/detail/tracked_detection_array__type_support.c.o[0m
[6.357s] [ 54%] [32mBuilding C object CMakeFiles/edgevision_msgs__rosidl_typesupport_introspection_c.dir/rosidl_typesupport_introspection_c/edgevision_msgs/msg/detail/face_detection__type_support.c.o[0m
[6.397s] [ 55%] [32mBuilding CXX object CMakeFiles/edgevision_msgs__rosidl_typesupport_fastrtps_cpp.dir/rosidl_typesupport_fastrtps_cpp/edgevision_msgs/msg/detail/dds_fastrtps/tracked_detection__type_support.cpp.o[0m
[6.416s] [ 56%] [32mBuilding C object CMakeFiles/edgevision_msgs__rosidl_typesupport_introspection_c.dir/rosidl_typesupport_introspection_c/edgevision_msgs/msg/detail/face_detection_array__type_support.c.o[0m
[6.486s] [ 58%] [32m[1mLinking C shared library libedgevision_msgs__rosidl_typesupport_introspection_c.so[0m
[6.509s] [ 59%] [32mBuilding CXX object CMakeFiles/edgevision_msgs__rosidl_typesupport_introspection_cpp.dir/rosidl_typesupport_introspection_cpp/edgevision_msgs/msg/detail/face_detection__type_support.cpp.o[0m
[6.574s] [ 59%] Built target edgevision_msgs__rosidl_typesupport_introspection_c
[6.606s] [ 61%] [32mBuilding CXX object CMakeFiles/edgevision_msgs__rosidl_typesupport_introspection_cpp.dir/rosidl_typesupport_introspection_cpp/edgevision_msgs/msg/detail/face_detection_array__type_support.cpp.o[0m
[6.647s] [ 62%] [32mBuilding CXX object CMakeFiles/edgevision_msgs__rosidl_typesupport_cpp.dir/rosidl_typesupport_cpp/edgevision_msgs/msg/tracked_detection_array__type_support.cpp.o[0m
[6.888s] [ 63%] [32mBuilding CXX object CMakeFiles/edgevision_msgs__rosidl_typesupport_fastrtps_c.dir/rosidl_typesupport_fastrtps_c/edgevision_msgs/msg/detail/tracked_detection__type_support_c.cpp.o[0m
[6.898s] [ 65%] [32mBuilding CXX object CMakeFiles/edgevision_msgs__rosidl_typesupport_fastrtps_cpp.dir/rosidl_typesupport_fastrtps_cpp/edgevision_msgs/msg/detail/dds_fastrtps/tracked_detection_array__type_support.cpp.o[0m
[6.944s] [ 66%] [32mBuilding CXX object CMakeFiles/edgevision_msgs__rosidl_typesupport_fastrtps_c.dir/rosidl_typesupport_fastrtps_c/edgevision_msgs/msg/detail/tracked_detection_array__type_support_c.cpp.o[0m
[7.111s] [ 68%] [32mBuilding CXX object CMakeFiles/edgevision_msgs__rosidl_typesupport_fastrtps_cpp.dir/rosidl_typesupport_fastrtps_cpp/edgevision_msgs/msg/detail/dds_fastrtps/face_detection__type_support.cpp.o[0m
[7.159s] [ 69%] [32mBuilding CXX object CMakeFiles/edgevision_msgs__rosidl_typesupport_cpp.dir/rosidl_typesupport_cpp/edgevision_msgs/msg/face_detection__type_support.cpp.o[0m
[7.208s] [ 70%] [32mBuilding CXX object CMakeFiles/edgevision_msgs__rosidl_typesupport_cpp.dir/rosidl_typesupport_cpp/edgevision_msgs/msg/face_detection_array__type_support.cpp.o[0m
[7.246s] [ 72%] [32mBuilding CXX object CMakeFiles/edgevision_msgs__rosidl_typesupport_fastrtps_c.dir/rosidl_typesupport_fastrtps_c/edgevision_msgs/msg/detail/face_detection__type_support_c.cpp.o[0m
[7.469s] [ 73%] [32m[1mLinking CXX shared library libedgevision_msgs__rosidl_typesupport_introspection_cpp.so[0m
[7.581s] [ 75%] [32mBuilding CXX object CMakeFiles/edgevision_msgs__rosidl_typesupport_fastrtps_c.dir/rosidl_typesupport_fastrtps_c/edgevision_msgs/msg/detail/face_detection_array__type_support_c.cpp.o[0m
[7.585s] [ 76%] [32mBuilding CXX object CMakeFiles/edgevision_msgs__rosidl_typesupport_fastrtps_cpp.dir/rosidl_typesupport_fastrtps_cpp/edgevision_msgs/msg/detail/dds_fastrtps/face_detection_array__type_support.cpp.o[0m
[7.678s] [ 76%] Built target edgevision_msgs__rosidl_typesupport_introspection_cpp
[7.720s] [ 77%] [32m[1mLinking CXX shared library libedgevision_msgs__rosidl_typesupport_cpp.so[0m
[7.806s] [ 77%] Built target edgevision_msgs__rosidl_typesupport_cpp
[8.007s] [ 79%] [32m[1mLinking CXX shared library libedgevision_msgs__rosidl_typesupport_fastrtps_c.so[0m
[8.139s] [ 79%] Built target edgevision_msgs__rosidl_typesupport_fastrtps_c
[8.148s] [ 80%] [32m[1mLinking CXX shared library libedgevision_msgs__rosidl_typesupport_fastrtps_cpp.so[0m
[8.273s] [ 80%] Built target edgevision_msgs__rosidl_typesupport_fastrtps_cpp
[8.319s] [ 80%] Built target edgevision_msgs
[8.359s] [ 81%] [34m[1mGenerating Python code for ROS interfaces[0m
[9.333s] [ 81%] Built target edgevision_msgs__py
[9.359s] [ 83%] [32mBuilding C object CMakeFiles/edgevision_msgs__rosidl_generator_py.dir/rosidl_generator_py/edgevision_msgs/msg/_tracked_detection_array_s.c.o[0m
[9.359s] [ 84%] [32mBuilding C object CMakeFiles/edgevision_msgs__rosidl_generator_py.dir/rosidl_generator_py/edgevision_msgs/msg/_detection_s.c.o[0m
[9.359s] [ 86%] [32mBuilding C object CMakeFiles/edgevision_msgs__rosidl_generator_py.dir/rosidl_generator_py/edgevision_msgs/msg/_detection_array_s.c.o[0m
[9.361s] [ 88%] [32mBuilding C object CMakeFiles/edgevision_msgs__rosidl_generator_py.dir/rosidl_generator_py/edgevision_msgs/msg/_tracked_detection_s.c.o[0m
[9.361s] [ 88%] [32mBuilding C object CMakeFiles/edgevision_msgs__rosidl_generator_py.dir/rosidl_generator_py/edgevision_msgs/msg/_face_detection_s.c.o[0m
[9.361s] [ 90%] [32mBuilding C object CMakeFiles/edgevision_msgs__rosidl_generator_py.dir/rosidl_generator_py/edgevision_msgs/msg/_face_detection_array_s.c.o[0m
[9.573s] [ 91%] [32m[1mLinking C shared library rosidl_generator_py/edgevision_msgs/libedgevision_msgs__rosidl_generator_py.so[0m
[9.654s] [ 91%] Built target edgevision_msgs__rosidl_generator_py
[9.683s] [ 93%] [32mBuilding C object CMakeFiles/edgevision_msgs__rosidl_typesupport_c__pyext.dir/rosidl_generator_py/edgevision_msgs/_edgevision_msgs_s.ep.rosidl_typesupport_c.c.o[0m
[9.683s] [ 94%] [32mBuilding C object CMakeFiles/edgevision_msgs__rosidl_typesupport_fastrtps_c__pyext.dir/rosidl_generator_py/edgevision_msgs/_edgevision_msgs_s.ep.rosidl_typesupport_fastrtps_c.c.o[0m
[9.692s] [ 95%] [32mBuilding C object CMakeFiles/edgevision_msgs__rosidl_typesupport_introspection_c__pyext.dir/rosidl_generator_py/edgevision_msgs/_edgevision_msgs_s.ep.rosidl_typesupport_introspection_c.c.o[0m
[9.836s] [ 98%] [32m[1mLinking C shared library rosidl_generator_py/edgevision_msgs/edgevision_msgs_s__rosidl_typesupport_fastrtps_c.cpython-310-x86_64-linux-gnu.so[0m
[9.837s] [ 98%] [32m[1mLinking C shared library rosidl_generator_py/edgevision_msgs/edgevision_msgs_s__rosidl_typesupport_introspection_c.cpython-310-x86_64-linux-gnu.so[0m
[9.847s] [100%] [32m[1mLinking C shared library rosidl_generator_py/edgevision_msgs/edgevision_msgs_s__rosidl_typesupport_c.cpython-310-x86_64-linux-gnu.so[0m
[9.907s] [100%] Built target edgevision_msgs__rosidl_typesupport_fastrtps_c__pyext
[9.908s] [100%] Built target edgevision_msgs__rosidl_typesupport_introspection_c__pyext
[9.915s] [100%] Built target edgevision_msgs__rosidl_typesupport_c__pyext
[9.935s] Invoked command in '/home/tarun/surveillance_bot/ros2/ws/build/edgevision_msgs' returned '0': CMAKE_PREFIX_PATH=${CMAKE_PREFIX_PATH}:/home/tarun/surveillance_bot/ros2/ws/install/edgevision_ros:/opt/ros/humble VIRTUAL_ENV_PROMPT=(.venv) /usr/bin/cmake --build /home/tarun/surveillance_bot/ros2/ws/build/edgevision_msgs -- -j8 -l8
[9.948s] Invoking command in '/home/tarun/surveillance_bot/ros2/ws/build/edgevision_msgs': CMAKE_PREFIX_PATH=${CMAKE_PREFIX_PATH}:/home/tarun/surveillance_bot/ros2/ws/install/edgevision_ros:/opt/ros/humble VIRTUAL_ENV_PROMPT=(.venv) /usr/bin/cmake --install /home/tarun/surveillance_bot/ros2/ws/build/edgevision_msgs
[9.958s] -- Install configuration: ""
[9.959s] -- Execute custom install script
[9.960s] -- Symlinking: /home/tarun/surveillance_bot/ros2/ws/install/edgevision_msgs/share/ament_index/resource_index/rosidl_interfaces/edgevision_msgs
[9.974s] -- Symlinking: /home/tarun/surveillance_bot/ros2/ws/install/edgevision_msgs/include/edgevision_msgs/edgevision_msgs/msg/detail/detection__functions.h
[9.986s] -- Symlinking: /home/tarun/surveillance_bot/ros2/ws/install/edgevision_msgs/include/edgevision_msgs/edgevision_msgs/msg/detail/detection__struct.h
[9.998s] -- Symlinking: /home/tarun/surveillance_bot/ros2/ws/install/edgevision_msgs/include/edgevision_msgs/edgevision_msgs/msg/detail/detection__type_support.h
[10.009s] -- Symlinking: /home/tarun/surveillance_bot/ros2/ws/install/edgevision_msgs/include/edgevision_msgs/edgevision_msgs/msg/detail/detection_array__functions.h
[10.022s] -- Symlinking: /home/tarun/surveillance_bot/ros2/ws/install/edgevision_msgs/include/edgevision_msgs/edgevision_msgs/msg/detail/detection_array__struct.h
[10.034s] -- Symlinking: /home/tarun/surveillance_bot/ros2/ws/install/edgevision_msgs/include/edgevision_msgs/edgevision_msgs/msg/detail/detection_array__type_support.h
[10.051s] -- Symlinking: /home/tarun/surveillance_bot/ros2/ws/install/edgevision_msgs/include/edgevision_msgs/edgevision_msgs/msg/detail/face_detection__functions.h
[10.067s] -- Symlinking: /home/tarun/surveillance_bot/ros2/ws/install/edgevision_msgs/include/edgevision_msgs/edgevision_msgs/msg/detail/face_detection__struct.h
[10.079s] -- Symlinking: /home/tarun/surveillance_bot/ros2/ws/install/edgevision_msgs/include/edgevision_msgs/edgevision_msgs/msg/detail/face_detection__type_support.h
[10.090s] -- Symlinking: /home/tarun/surveillance_bot/ros2/ws/install/edgevision_msgs/include/edgevision_msgs/edgevision_msgs/msg/detail/face_detection_array__functions.h
[10.110s] -- Symlinking: /home/tarun/surveillance_bot/ros2/ws/install/edgevision_msgs/include/edgevision_msgs/edgevision_msgs/msg/detail/face_detection_array__struct.h
[10.125s] -- Symlinking: /home/tarun/surveillance_bot/ros2/ws/install/edgevision_msgs/include/edgevision_msgs/edgevision_msgs/msg/detail/face_detection_array__type_support.h
[10.136s] -- Symlinking: /home/tarun/surveillance_bot/ros2/ws/install/edgevision_msgs/include/edgevision_msgs/edgevision_msgs/msg/detail/tracked_detection__functions.h
[10.147s] -- Symlinking: /home/tarun/surveillance_bot/ros2/ws/install/edgevision_msgs/include/edgevision_msgs/edgevision_msgs/msg/detail/tracked_detection__struct.h
[10.158s] -- Symlinking: /home/tarun/surveillance_bot/ros2/ws/install/edgevision_msgs/include/edgevision_msgs/edgevision_msgs/msg/detail/tracked_detection__type_support.h
[10.171s] -- Symlinking: /home/tarun/surveillance_bot/ros2/ws/install/edgevision_msgs/include/edgevision_msgs/edgevision_msgs/msg/detail/tracked_detection_array__functions.h
[10.183s] -- Symlinking: /home/tarun/surveillance_bot/ros2/ws/install/edgevision_msgs/include/edgevision_msgs/edgevision_msgs/msg/detail/tracked_detection_array__struct.h
[10.203s] -- Symlinking: /home/tarun/surveillance_bot/ros2/ws/install/edgevision_msgs/include/edgevision_msgs/edgevision_msgs/msg/detail/tracked_detection_array__type_support.h
[10.214s] -- Symlinking: /home/tarun/surveillance_bot/ros2/ws/install/edgevision_msgs/include/edgevision_msgs/edgevision_msgs/msg/detection.h
[10.225s] -- Symlinking: /home/tarun/surveillance_bot/ros2/ws/install/edgevision_msgs/include/edgevision_msgs/edgevision_msgs/msg/detection_array.h
[10.236s] -- Symlinking: /home/tarun/surveillance_bot/ros2/ws/install/edgevision_msgs/include/edgevision_msgs/edgevision_msgs/msg/face_detection.h
[10.247s] -- Symlinking: /home/tarun/surveillance_bot/ros2/ws/install/edgevision_msgs/include/edgevision_msgs/edgevision_msgs/msg/face_detection_array.h
[10.259s] -- Symlinking: /home/tarun/surveillance_bot/ros2/ws/install/edgevision_msgs/include/edgevision_msgs/edgevision_msgs/msg/rosidl_generator_c__visibility_control.h
[10.270s] -- Symlinking: /home/tarun/surveillance_bot/ros2/ws/install/edgevision_msgs/include/edgevision_msgs/edgevision_msgs/msg/tracked_detection.h
[10.283s] -- Symlinking: /home/tarun/surveillance_bot/ros2/ws/install/edgevision_msgs/include/edgevision_msgs/edgevision_msgs/msg/tracked_detection_array.h
[10.295s] -- Symlinking: /home/tarun/surveillance_bot/ros2/ws/install/edgevision_msgs/share/edgevision_msgs/environment/library_path.sh
[10.306s] -- Symlinking: /home/tarun/surveillance_bot/ros2/ws/install/edgevision_msgs/share/edgevision_msgs/environment/library_path.dsv
[10.322s] -- Symlinking: /home/tarun/surveillance_bot/ros2/ws/install/edgevision_msgs/include/edgevision_msgs/edgevision_msgs/msg/detail/detection__rosidl_typesupport_fastrtps_c.h
[10.342s] -- Symlinking: /home/tarun/surveillance_bot/ros2/ws/install/edgevision_msgs/include/edgevision_msgs/edgevision_msgs/msg/detail/detection_array__rosidl_typesupport_fastrtps_c.h
[10.353s] -- Symlinking: /home/tarun/surveillance_bot/ros2/ws/install/edgevision_msgs/include/edgevision_msgs/edgevision_msgs/msg/detail/face_detection__rosidl_typesupport_fastrtps_c.h
[10.365s] -- Symlinking: /home/tarun/surveillance_bot/ros2/ws/install/edgevision_msgs/include/edgevision_msgs/edgevision_msgs/msg/detail/face_detection_array__rosidl_typesupport_fastrtps_c.h
[10.379s] -- Symlinking: /home/tarun/surveillance_bot/ros2/ws/install/edgevision_msgs/include/edgevision_msgs/edgevision_msgs/msg/detail/tracked_detection__rosidl_typesupport_fastrtps_c.h
[10.391s] -- Symlinking: /home/tarun/surveillance_bot/ros2/ws/install/edgevision_msgs/include/edgevision_msgs/edgevision_msgs/msg/detail/tracked_detection_array__rosidl_typesupport_fastrtps_c.h
[10.401s] -- Symlinking: /home/tarun/surveillance_bot/ros2/ws/install/edgevision_msgs/include/edgevision_msgs/edgevision_msgs/msg/rosidl_typesupport_fastrtps_c__visibility_control.h
[10.414s] -- Symlinking: /home/tarun/surveillance_bot/ros2/ws/install/edgevision_msgs/include/edgevision_msgs/edgevision_msgs/msg/detail/detection__rosidl_typesupport_introspection_c.h
[10.431s] -- Symlinking: /home/tarun/surveillance_bot/ros2/ws/install/edgevision_msgs/include/edgevision_msgs/edgevision_msgs/msg/detail/detection_array__rosidl_typesupport_introspection_c.h
[10.443s] -- Symlinking: /home/tarun/surveillance_bot/ros2/ws/install/edgevision_msgs/include/edgevision_msgs/edgevision_msgs/msg/detail/face_detection__rosidl_typesupport_introspection_c.h
[10.459s] -- Symlinking: /home/tarun/surveillance_bot/ros2/ws/install/edgevision_msgs/include/edgevision_msgs/edgevision_msgs/msg/detail/face_detection_array__rosidl_typesupport_introspection_c.h
[10.479s] -- Symlinking: /home/tarun/surveillance_bot/ros2/ws/install/edgevision_msgs/include/edgevision_msgs/edgevision_msgs/msg/detail/tracked_detection__rosidl_typesupport_introspection_c.h
[10.492s] -- Symlinking: /home/tarun/surveillance_bot/ros2/ws/install/edgevision_msgs/include/edgevision_msgs/edgevision_msgs/msg/detail/tracked_detection_array__rosidl_typesupport_introspection_c.h
[10.504s] -- Symlinking: /home/tarun/surveillance_bot/ros2/ws/install/edgevision_msgs/include/edgevision_msgs/edgevision_msgs/msg/rosidl_typesupport_introspection_c__visibility_control.h
[10.518s] -- Symlinking: /home/tarun/surveillance_bot/ros2/ws/install/edgevision_msgs/include/edgevision_msgs/edgevision_msgs/msg/detail/detection__builder.hpp
[10.529s] -- Symlinking: /home/tarun/surveillance_bot/ros2/ws/install/edgevision_msgs/include/edgevision_msgs/edgevision_msgs/msg/detail/detection__struct.hpp
[10.540s] -- Symlinking: /home/tarun/surveillance_bot/ros2/ws/install/edgevision_msgs/include/edgevision_msgs/edgevision_msgs/msg/detail/detection__traits.hpp
[10.551s] -- Symlinking: /home/tarun/surveillance_bot/ros2/ws/install/edgevision_msgs/include/edgevision_msgs/edgevision_msgs/msg/detail/detection__type_support.hpp
[10.562s] -- Symlinking: /home/tarun/surveillance_bot/ros2/ws/install/edgevision_msgs/include/edgevision_msgs/edgevision_msgs/msg/detail/detection_array__builder.hpp
[10.574s] -- Symlinking: /home/tarun/surveillance_bot/ros2/ws/install/edgevision_msgs/include/edgevision_msgs/edgevision_msgs/msg/detail/detection_array__struct.hpp
[10.586s] -- Symlinking: /home/tarun/surveillance_bot/ros2/ws/install/edgevision_msgs/include/edgevision_msgs/edgevision_msgs/msg/detail/detection_array__traits.hpp
[10.597s] -- Symlinking: /home/tarun/surveillance_bot/ros2/ws/install/edgevision_msgs/include/edgevision_msgs/edgevision_msgs/msg/detail/detection_array__type_support.hpp
[10.608s] -- Symlinking: /home/tarun/surveillance_bot/ros2/ws/install/edgevision_msgs/include/edgevision_msgs/edgevision_msgs/msg/detail/face_detection__builder.hpp
[10.619s] -- Symlinking: /home/tarun/surveillance_bot/ros2/ws/install/edgevision_msgs/include/edgevision_msgs/edgevision_msgs/msg/detail/face_detection__struct.hpp
[10.639s] -- Symlinking: /home/tarun/surveillance_bot/ros2/ws/install/edgevision_msgs/include/edgevision_msgs/edgevision_msgs/msg/detail/face_detection__traits.hpp
[10.649s] -- Symlinking: /home/tarun/surveillance_bot/ros2/ws/install/edgevision_msgs/include/edgevision_msgs/edgevision_msgs/msg/detail/face_detection__type_support.hpp
[10.670s] -- Symlinking: /home/tarun/surveillance_bot/ros2/ws/install/edgevision_msgs/include/edgevision_msgs/edgevision_msgs/msg/detail/face_detection_array__builder.hpp
[10.682s] -- Symlinking: /home/tarun/surveillance_bot/ros2/ws/install/edgevision_msgs/include/edgevision_msgs/edgevision_msgs/msg/detail/face_detection_array__struct.hpp
[10.696s] -- Symlinking: /home/tarun/surveillance_bot/ros2/ws/install/edgevision_msgs/include/edgevision_msgs/edgevision_msgs/msg/detail/face_detection_array__traits.hpp
[10.709s] -- Symlinking: /home/tarun/surveillance_bot/ros2/ws/install/edgevision_msgs/include/edgevision_msgs/edgevision_msgs/msg/detail/face_detection_array__type_support.hpp
[10.728s] -- Symlinking: /home/tarun/surveillance_bot/ros2/ws/install/edgevision_msgs/include/edgevision_msgs/edgevision_msgs/msg/detail/tracked_detection__builder.hpp
[10.741s] -- Symlinking: /home/tarun/surveillance_bot/ros2/ws/install/edgevision_msgs/include/edgevision_msgs/edgevision_msgs/msg/detail/tracked_detection__struct.hpp
[10.753s] -- Symlinking: /home/tarun/surveillance_bot/ros2/ws/install/edgevision_msgs/include/edgevision_msgs/edgevision_msgs/msg/detail/tracked_detection__traits.hpp
[10.765s] -- Symlinking: /home/tarun/surveillance_bot/ros2/ws/install/edgevision_msgs/include/edgevision_msgs/edgevision_msgs/msg/detail/tracked_detection__type_support.hpp
[10.780s] -- Symlinking: /home/tarun/surveillance_bot/ros2/ws/install/edgevision_msgs/include/edgevision_msgs/edgevision_msgs/msg/detail/tracked_detection_array__builder.hpp
[10.793s] -- Symlinking: /home/tarun/surveillance_bot/ros2/ws/install/edgevision_msgs/include/edgevision_msgs/edgevision_msgs/msg/detail/tracked_detection_array__struct.hpp
[10.807s] -- Symlinking: /home/tarun/surveillance_bot/ros2/ws/install/edgevision_msgs/include/edgevision_msgs/edgevision_msgs/msg/detail/tracked_detection_array__traits.hpp
[10.821s] -- Symlinking: /home/tarun/surveillance_bot/ros2/ws/install/edgevision_msgs/include/edgevision_msgs/edgevision_msgs/msg/detail/tracked_detection_array__type_support.hpp
[10.833s] -- Symlinking: /home/tarun/surveillance_bot/ros2/ws/install/edgevision_msgs/include/edgevision_msgs/edgevision_msgs/msg/detection.hpp
[10.847s] -- Symlinking: /home/tarun/surveillance_bot/ros2/ws/install/edgevision_msgs/include/edgevision_msgs/edgevision_msgs/msg/detection_array.hpp
[10.865s] -- Symlinking: /home/tarun/surveillance_bot/ros2/ws/install/edgevision_msgs/include/edgevision_msgs/edgevision_msgs/msg/face_detection.hpp
[10.877s] -- Symlinking: /home/tarun/surveillance_bot/ros2/ws/install/edgevision_msgs/include/edgevision_msgs/edgevision_msgs/msg/face_detection_array.hpp
[10.891s] -- Symlinking: /home/tarun/surveillance_bot/ros2/ws/install/edgevision_msgs/include/edgevision_msgs/edgevision_msgs/msg/rosidl_generator_cpp__visibility_control.hpp
[10.903s] -- Symlinking: /home/tarun/surveillance_bot/ros2/ws/install/edgevision_msgs/include/edgevision_msgs/edgevision_msgs/msg/tracked_detection.hpp
[10.913s] -- Symlinking: /home/tarun/surveillance_bot/ros2/ws/install/edgevision_msgs/include/edgevision_msgs/edgevision_msgs/msg/tracked_detection_array.hpp
[10.925s] -- Symlinking: /home/tarun/surveillance_bot/ros2/ws/install/edgevision_msgs/include/edgevision_msgs/edgevision_msgs/msg/detail/detection__rosidl_typesupport_fastrtps_cpp.hpp
[10.936s] -- Symlinking: /home/tarun/surveillance_bot/ros2/ws/install/edgevision_msgs/include/edgevision_msgs/edgevision_msgs/msg/detail/detection_array__rosidl_typesupport_fastrtps_cpp.hpp
[10.946s] -- Symlinking: /home/tarun/surveillance_bot/ros2/ws/install/edgevision_msgs/include/edgevision_msgs/edgevision_msgs/msg/detail/face_detection__rosidl_typesupport_fastrtps_cpp.hpp
[10.956s] -- Symlinking: /home/tarun/surveillance_bot/ros2/ws/install/edgevision_msgs/include/edgevision_msgs/edgevision_msgs/msg/detail/face_detection_array__rosidl_typesupport_fastrtps_cpp.hpp
[10.967s] -- Symlinking: /home/tarun/surveillance_bot/ros2/ws/install/edgevision_msgs/include/edgevision_msgs/edgevision_msgs/msg/detail/tracked_detection__rosidl_typesupport_fastrtps_cpp.hpp
[10.978s] -- Symlinking: /home/tarun/surveillance_bot/ros2/ws/install/edgevision_msgs/include/edgevision_msgs/edgevision_msgs/msg/detail/tracked_detection_array__rosidl_typesupport_fastrtps_cpp.hpp
[10.996s] -- Symlinking: /home/tarun/surveillance_bot/ros2/ws/install/edgevision_msgs/include/edgevision_msgs/edgevision_msgs/msg/rosidl_typesupport_fastrtps_cpp__visibility_control.h
[11.009s] -- Symlinking: /home/tarun/surveillance_bot/ros2/ws/install/edgevision_msgs/include/edgevision_msgs/edgevision_msgs/msg/detail/detection__rosidl_typesupport_introspection_cpp.hpp
[11.023s] -- Symlinking: /home/tarun/surveillance_bot/ros2/ws/install/edgevision_msgs/include/edgevision_msgs/edgevision_msgs/msg/detail/detection_array__rosidl_typesupport_introspection_cpp.hpp
[11.036s] -- Symlinking: /home/tarun/surveillance_bot/ros2/ws/install/edgevision_msgs/include/edgevision_msgs/edgevision_msgs/msg/detail/face_detection__rosidl_typesupport_introspection_cpp.hpp
[11.050s] -- Symlinking: /home/tarun/surveillance_bot/ros2/ws/install/edgevision_msgs/include/edgevision_msgs/edgevision_msgs/msg/detail/face_detection_array__rosidl_typesupport_introspection_cpp.hpp
[11.064s] -- Symlinking: /home/tarun/surveillance_bot/ros2/ws/install/edgevision_msgs/include/edgevision_msgs/edgevision_msgs/msg/detail/tracked_detection__rosidl_typesupport_introspection_cpp.hpp
[11.077s] -- Symlinking: /home/tarun/surveillance_bot/ros2/ws/install/edgevision_msgs/include/edgevision_msgs/edgevision_msgs/msg/detail/tracked_detection_array__rosidl_typesupport_introspection_cpp.hpp
[11.089s] -- Symlinking: /home/tarun/surveillance_bot/ros2/ws/install/edgevision_msgs/share/edgevision_msgs/environment/pythonpath.sh
[11.100s] -- Symlinking: /home/tarun/surveillance_bot/ros2/ws/install/edgevision_msgs/share/edgevision_msgs/environment/pythonpath.dsv
[11.111s] -- Symlinking: /home/tarun/surveillance_bot/ros2/ws/install/edgevision_msgs/lib/python3.10/site-packages/edgevision_msgs-0.0.0-py3.10.egg-info/PKG-INFO
[11.125s] -- Symlinking: /home/tarun/surveillance_bot/ros2/ws/install/edgevision_msgs/lib/python3.10/site-packages/edgevision_msgs-0.0.0-py3.10.egg-info/SOURCES.txt
[11.137s] -- Symlinking: /home/tarun/surveillance_bot/ros2/ws/install/edgevision_msgs/lib/python3.10/site-packages/edgevision_msgs-0.0.0-py3.10.egg-info/dependency_links.txt
[11.149s] -- Symlinking: /home/tarun/surveillance_bot/ros2/ws/install/edgevision_msgs/lib/python3.10/site-packages/edgevision_msgs-0.0.0-py3.10.egg-info/top_level.txt
[11.164s] -- Symlinking: /home/tarun/surveillance_bot/ros2/ws/install/edgevision_msgs/lib/python3.10/site-packages/edgevision_msgs/__init__.py
[11.178s] -- Symlinking: /home/tarun/surveillance_bot/ros2/ws/install/edgevision_msgs/lib/python3.10/site-packages/edgevision_msgs/_edgevision_msgs_s.ep.rosidl_typesupport_c.c
[11.197s] -- Symlinking: /home/tarun/surveillance_bot/ros2/ws/install/edgevision_msgs/lib/python3.10/site-packages/edgevision_msgs/_edgevision_msgs_s.ep.rosidl_typesupport_fastrtps_c.c
[11.209s] -- Symlinking: /home/tarun/surveillance_bot/ros2/ws/install/edgevision_msgs/lib/python3.10/site-packages/edgevision_msgs/_edgevision_msgs_s.ep.rosidl_typesupport_introspection_c.c
[11.219s] -- Symlinking: /home/tarun/surveillance_bot/ros2/ws/install/edgevision_msgs/lib/python3.10/site-packages/edgevision_msgs/edgevision_msgs_s__rosidl_typesupport_c.cpython-310-x86_64-linux-gnu.so
[11.230s] -- Symlinking: /home/tarun/surveillance_bot/ros2/ws/install/edgevision_msgs/lib/python3.10/site-packages/edgevision_msgs/edgevision_msgs_s__rosidl_typesupport_fastrtps_c.cpython-310-x86_64-linux-gnu.so
[11.242s] -- Symlinking: /home/tarun/surveillance_bot/ros2/ws/install/edgevision_msgs/lib/python3.10/site-packages/edgevision_msgs/edgevision_msgs_s__rosidl_typesupport_introspection_c.cpython-310-x86_64-linux-gnu.so
[11.253s] -- Symlinking: /home/tarun/surveillance_bot/ros2/ws/install/edgevision_msgs/lib/python3.10/site-packages/edgevision_msgs/libedgevision_msgs__rosidl_generator_py.so
[11.265s] -- Symlinking: /home/tarun/surveillance_bot/ros2/ws/install/edgevision_msgs/lib/python3.10/site-packages/edgevision_msgs/msg/__init__.py
[11.278s] -- Symlinking: /home/tarun/surveillance_bot/ros2/ws/install/edgevision_msgs/lib/python3.10/site-packages/edgevision_msgs/msg/_detection.py
[11.290s] -- Symlinking: /home/tarun/surveillance_bot/ros2/ws/install/edgevision_msgs/lib/python3.10/site-packages/edgevision_msgs/msg/_detection_array.py
[11.302s] -- Symlinking: /home/tarun/surveillance_bot/ros2/ws/install/edgevision_msgs/lib/python3.10/site-packages/edgevision_msgs/msg/_detection_array_s.c
[11.313s] -- Symlinking: /home/tarun/surveillance_bot/ros2/ws/install/edgevision_msgs/lib/python3.10/site-packages/edgevision_msgs/msg/_detection_s.c
[11.324s] -- Symlinking: /home/tarun/surveillance_bot/ros2/ws/install/edgevision_msgs/lib/python3.10/site-packages/edgevision_msgs/msg/_face_detection.py
[11.335s] -- Symlinking: /home/tarun/surveillance_bot/ros2/ws/install/edgevision_msgs/lib/python3.10/site-packages/edgevision_msgs/msg/_face_detection_array.py
[11.346s] -- Symlinking: /home/tarun/surveillance_bot/ros2/ws/install/edgevision_msgs/lib/python3.10/site-packages/edgevision_msgs/msg/_face_detection_array_s.c
[11.367s] -- Symlinking: /home/tarun/surveillance_bot/ros2/ws/install/edgevision_msgs/lib/python3.10/site-packages/edgevision_msgs/msg/_face_detection_s.c
[11.379s] -- Symlinking: /home/tarun/surveillance_bot/ros2/ws/install/edgevision_msgs/lib/python3.10/site-packages/edgevision_msgs/msg/_tracked_detection.py
[11.398s] -- Symlinking: /home/tarun/surveillance_bot/ros2/ws/install/edgevision_msgs/lib/python3.10/site-packages/edgevision_msgs/msg/_tracked_detection_array.py
[11.418s] -- Symlinking: /home/tarun/surveillance_bot/ros2/ws/install/edgevision_msgs/lib/python3.10/site-packages/edgevision_msgs/msg/_tracked_detection_array_s.c
[11.430s] -- Symlinking: /home/tarun/surveillance_bot/ros2/ws/install/edgevision_msgs/lib/python3.10/site-packages/edgevision_msgs/msg/_tracked_detection_s.c
[11.450s] -- Up-to-date symlink: /home/tarun/surveillance_bot/ros2/ws/install/edgevision_msgs/lib/python3.10/site-packages/edgevision_msgs/edgevision_msgs_s__rosidl_typesupport_fastrtps_c.cpython-310-x86_64-linux-gnu.so
[11.451s] -- Up-to-date symlink: /home/tarun/surveillance_bot/ros2/ws/install/edgevision_msgs/lib/python3.10/site-packages/edgevision_msgs/edgevision_msgs_s__rosidl_typesupport_introspection_c.cpython-310-x86_64-linux-gnu.so
[11.452s] -- Up-to-date symlink: /home/tarun/surveillance_bot/ros2/ws/install/edgevision_msgs/lib/python3.10/site-packages/edgevision_msgs/edgevision_msgs_s__rosidl_typesupport_c.cpython-310-x86_64-linux-gnu.so
[11.452s] -- Symlinking: /home/tarun/surveillance_bot/ros2/ws/install/edgevision_msgs/share/ament_index/resource_index/rust_packages/edgevision_msgs
[11.476s] -- Symlinking: /home/tarun/surveillance_bot/ros2/ws/install/edgevision_msgs/share/edgevision_msgs/rust/Cargo.toml
[11.498s] -- Symlinking: /home/tarun/surveillance_bot/ros2/ws/install/edgevision_msgs/share/edgevision_msgs/rust/build.rs
[11.511s] -- Symlinking: /home/tarun/surveillance_bot/ros2/ws/install/edgevision_msgs/share/edgevision_msgs/rust/src/lib.rs
[11.524s] -- Symlinking: /home/tarun/surveillance_bot/ros2/ws/install/edgevision_msgs/share/edgevision_msgs/rust/src/msg.rs
[11.536s] -- Symlinking: /home/tarun/surveillance_bot/ros2/ws/install/edgevision_msgs/share/edgevision_msgs/rust/src/msg/rmw.rs
[11.549s] -- Symlinking: /home/tarun/surveillance_bot/ros2/ws/install/edgevision_msgs/share/edgevision_msgs/msg/Detection.idl
[11.560s] -- Symlinking: /home/tarun/surveillance_bot/ros2/ws/install/edgevision_msgs/share/edgevision_msgs/msg/DetectionArray.idl
[11.574s] -- Symlinking: /home/tarun/surveillance_bot/ros2/ws/install/edgevision_msgs/share/edgevision_msgs/msg/TrackedDetection.idl
[11.587s] -- Symlinking: /home/tarun/surveillance_bot/ros2/ws/install/edgevision_msgs/share/edgevision_msgs/msg/TrackedDetectionArray.idl
[11.599s] -- Symlinking: /home/tarun/surveillance_bot/ros2/ws/install/edgevision_msgs/share/edgevision_msgs/msg/FaceDetection.idl
[11.610s] -- Symlinking: /home/tarun/surveillance_bot/ros2/ws/install/edgevision_msgs/share/edgevision_msgs/msg/FaceDetectionArray.idl
[11.624s] -- Symlinking: /home/tarun/surveillance_bot/ros2/ws/install/edgevision_msgs/share/edgevision_msgs/msg/Detection.msg
[11.642s] -- Symlinking: /home/tarun/surveillance_bot/ros2/ws/install/edgevision_msgs/share/edgevision_msgs/msg/DetectionArray.msg
[11.654s] -- Symlinking: /home/tarun/surveillance_bot/ros2/ws/install/edgevision_msgs/share/edgevision_msgs/msg/TrackedDetection.msg
[11.668s] -- Symlinking: /home/tarun/surveillance_bot/ros2/ws/install/edgevision_msgs/share/edgevision_msgs/msg/TrackedDetectionArray.msg
[11.680s] -- Symlinking: /home/tarun/surveillance_bot/ros2/ws/install/edgevision_msgs/share/edgevision_msgs/msg/FaceDetection.msg
[11.695s] -- Symlinking: /home/tarun/surveillance_bot/ros2/ws/install/edgevision_msgs/share/edgevision_msgs/msg/FaceDetectionArray.msg
[11.706s] -- Symlinking: /home/tarun/surveillance_bot/ros2/ws/install/edgevision_msgs/share/ament_index/resource_index/package_run_dependencies/edgevision_msgs
[11.718s] -- Symlinking: /home/tarun/surveillance_bot/ros2/ws/install/edgevision_msgs/share/ament_index/resource_index/parent_prefix_path/edgevision_msgs
[11.731s] -- Symlinking: /home/tarun/surveillance_bot/ros2/ws/install/edgevision_msgs/share/edgevision_msgs/environment/ament_prefix_path.sh
[11.750s] -- Symlinking: /home/tarun/surveillance_bot/ros2/ws/install/edgevision_msgs/share/edgevision_msgs/environment/ament_prefix_path.dsv
[11.761s] -- Symlinking: /home/tarun/surveillance_bot/ros2/ws/install/edgevision_msgs/share/edgevision_msgs/environment/path.sh
[11.772s] -- Symlinking: /home/tarun/surveillance_bot/ros2/ws/install/edgevision_msgs/share/edgevision_msgs/environment/path.dsv
[11.788s] -- Symlinking: /home/tarun/surveillance_bot/ros2/ws/install/edgevision_msgs/share/edgevision_msgs/local_setup.bash
[11.799s] -- Symlinking: /home/tarun/surveillance_bot/ros2/ws/install/edgevision_msgs/share/edgevision_msgs/local_setup.sh
[11.811s] -- Symlinking: /home/tarun/surveillance_bot/ros2/ws/install/edgevision_msgs/share/edgevision_msgs/local_setup.zsh
[11.822s] -- Symlinking: /home/tarun/surveillance_bot/ros2/ws/install/edgevision_msgs/share/edgevision_msgs/local_setup.dsv
[11.832s] -- Symlinking: /home/tarun/surveillance_bot/ros2/ws/install/edgevision_msgs/share/edgevision_msgs/package.dsv
[11.844s] -- Symlinking: /home/tarun/surveillance_bot/ros2/ws/install/edgevision_msgs/share/ament_index/resource_index/packages/edgevision_msgs
[11.857s] -- Symlinking: /home/tarun/surveillance_bot/ros2/ws/install/edgevision_msgs/share/edgevision_msgs/cmake/rosidl_cmake-extras.cmake
[11.868s] -- Symlinking: /home/tarun/surveillance_bot/ros2/ws/install/edgevision_msgs/share/edgevision_msgs/cmake/ament_cmake_export_dependencies-extras.cmake
[11.881s] -- Symlinking: /home/tarun/surveillance_bot/ros2/ws/install/edgevision_msgs/share/edgevision_msgs/cmake/ament_cmake_export_include_directories-extras.cmake
[11.893s] -- Symlinking: /home/tarun/surveillance_bot/ros2/ws/install/edgevision_msgs/share/edgevision_msgs/cmake/ament_cmake_export_libraries-extras.cmake
[11.919s] -- Symlinking: /home/tarun/surveillance_bot/ros2/ws/install/edgevision_msgs/share/edgevision_msgs/cmake/ament_cmake_export_targets-extras.cmake
[11.932s] -- Symlinking: /home/tarun/surveillance_bot/ros2/ws/install/edgevision_msgs/share/edgevision_msgs/cmake/rosidl_cmake_export_typesupport_targets-extras.cmake
[11.944s] -- Symlinking: /home/tarun/surveillance_bot/ros2/ws/install/edgevision_msgs/share/edgevision_msgs/cmake/rosidl_cmake_export_typesupport_libraries-extras.cmake
[11.955s] -- Symlinking: /home/tarun/surveillance_bot/ros2/ws/install/edgevision_msgs/share/edgevision_msgs/cmake/rosidl_cmake_aggregate_target-extras.cmake
[11.966s] -- Symlinking: /home/tarun/surveillance_bot/ros2/ws/install/edgevision_msgs/share/edgevision_msgs/cmake/edgevision_msgsConfig.cmake
[11.979s] -- Symlinking: /home/tarun/surveillance_bot/ros2/ws/install/edgevision_msgs/share/edgevision_msgs/cmake/edgevision_msgsConfig-version.cmake
[11.991s] -- Symlinking: /home/tarun/surveillance_bot/ros2/ws/install/edgevision_msgs/share/edgevision_msgs/package.xml
[12.004s] -- Installing: /home/tarun/surveillance_bot/ros2/ws/install/edgevision_msgs/lib/libedgevision_msgs__rosidl_generator_c.so
[12.005s] -- Set runtime path of "/home/tarun/surveillance_bot/ros2/ws/install/edgevision_msgs/lib/libedgevision_msgs__rosidl_generator_c.so" to ""
[12.005s] -- Installing: /home/tarun/surveillance_bot/ros2/ws/install/edgevision_msgs/lib/libedgevision_msgs__rosidl_typesupport_fastrtps_c.so
[12.006s] -- Set runtime path of "/home/tarun/surveillance_bot/ros2/ws/install/edgevision_msgs/lib/libedgevision_msgs__rosidl_typesupport_fastrtps_c.so" to ""
[12.007s] -- Installing: /home/tarun/surveillance_bot/ros2/ws/install/edgevision_msgs/lib/libedgevision_msgs__rosidl_typesupport_introspection_c.so
[12.008s] -- Set runtime path of "/home/tarun/surveillance_bot/ros2/ws/install/edgevision_msgs/lib/libedgevision_msgs__rosidl_typesupport_introspection_c.so" to ""
[12.008s] -- Installing: /home/tarun/surveillance_bot/ros2/ws/install/edgevision_msgs/lib/libedgevision_msgs__rosidl_typesupport_c.so
[12.009s] -- Set runtime path of "/home/tarun/surveillance_bot/ros2/ws/install/edgevision_msgs/lib/libedgevision_msgs__rosidl_typesupport_c.so" to ""
[12.009s] -- Installing: /home/tarun/surveillance_bot/ros2/ws/install/edgevision_msgs/lib/libedgevision_msgs__rosidl_typesupport_fastrtps_cpp.so
[12.011s] -- Set runtime path of "/home/tarun/surveillance_bot/ros2/ws/install/edgevision_msgs/lib/libedgevision_msgs__rosidl_typesupport_fastrtps_cpp.so" to ""
[12.011s] -- Installing: /home/tarun/surveillance_bot/ros2/ws/install/edgevision_msgs/lib/libedgevision_msgs__rosidl_typesupport_introspection_cpp.so
[12.013s] -- Set runtime path of "/home/tarun/surveillance_bot/ros2/ws/install/edgevision_msgs/lib/libedgevision_msgs__rosidl_typesupport_introspection_cpp.so" to ""
[12.013s] -- Installing: /home/tarun/surveillance_bot/ros2/ws/install/edgevision_msgs/lib/libedgevision_msgs__rosidl_typesupport_cpp.so
[12.014s] -- Set runtime path of "/home/tarun/surveillance_bot/ros2/ws/install/edgevision_msgs/lib/libedgevision_msgs__rosidl_typesupport_cpp.so" to ""
[12.068s] Listing '/home/tarun/surveillance_bot/ros2/ws/install/edgevision_msgs/lib/python3.10/site-packages/edgevision_msgs'...
[12.068s] Compiling '/home/tarun/surveillance_bot/ros2/ws/install/edgevision_msgs/lib/python3.10/site-packages/edgevision_msgs/__init__.py'...
[12.069s] Listing '/home/tarun/surveillance_bot/ros2/ws/install/edgevision_msgs/lib/python3.10/site-packages/edgevision_msgs/msg'...
[12.069s] Compiling '/home/tarun/surveillance_bot/ros2/ws/install/edgevision_msgs/lib/python3.10/site-packages/edgevision_msgs/msg/__init__.py'...
[12.069s] Compiling '/home/tarun/surveillance_bot/ros2/ws/install/edgevision_msgs/lib/python3.10/site-packages/edgevision_msgs/msg/_detection.py'...
[12.069s] Compiling '/home/tarun/surveillance_bot/ros2/ws/install/edgevision_msgs/lib/python3.10/site-packages/edgevision_msgs/msg/_detection_array.py'...
[12.069s] Compiling '/home/tarun/surveillance_bot/ros2/ws/install/edgevision_msgs/lib/python3.10/site-packages/edgevision_msgs/msg/_face_detection.py'...
[12.069s] Compiling '/home/tarun/surveillance_bot/ros2/ws/install/edgevision_msgs/lib/python3.10/site-packages/edgevision_msgs/msg/_face_detection_array.py'...
[12.069s] Compiling '/home/tarun/surveillance_bot/ros2/ws/install/edgevision_msgs/lib/python3.10/site-packages/edgevision_msgs/msg/_tracked_detection.py'...
[12.069s] Compiling '/home/tarun/surveillance_bot/ros2/ws/install/edgevision_msgs/lib/python3.10/site-packages/edgevision_msgs/msg/_tracked_detection_array.py'...
[12.075s] -- Installing: /home/tarun/surveillance_bot/ros2/ws/install/edgevision_msgs/lib/libedgevision_msgs__rosidl_generator_py.so
[12.077s] -- Set runtime path of "/home/tarun/surveillance_bot/ros2/ws/install/edgevision_msgs/lib/libedgevision_msgs__rosidl_generator_py.so" to ""
[12.077s] -- Installing: /home/tarun/surveillance_bot/ros2/ws/install/edgevision_msgs/share/edgevision_msgs/cmake/export_edgevision_msgs__rosidl_generator_cExport.cmake
[12.078s] -- Installing: /home/tarun/surveillance_bot/ros2/ws/install/edgevision_msgs/share/edgevision_msgs/cmake/export_edgevision_msgs__rosidl_generator_cExport-noconfig.cmake
[12.078s] -- Installing: /home/tarun/surveillance_bot/ros2/ws/install/edgevision_msgs/share/edgevision_msgs/cmake/export_edgevision_msgs__rosidl_typesupport_fastrtps_cExport.cmake
[12.079s] -- Installing: /home/tarun/surveillance_bot/ros2/ws/install/edgevision_msgs/share/edgevision_msgs/cmake/export_edgevision_msgs__rosidl_typesupport_fastrtps_cExport-noconfig.cmake
[12.079s] -- Installing: /home/tarun/surveillance_bot/ros2/ws/install/edgevision_msgs/share/edgevision_msgs/cmake/edgevision_msgs__rosidl_typesupport_introspection_cExport.cmake
[12.080s] -- Installing: /home/tarun/surveillance_bot/ros2/ws/install/edgevision_msgs/share/edgevision_msgs/cmake/edgevision_msgs__rosidl_typesupport_introspection_cExport-noconfig.cmake
[12.080s] -- Installing: /home/tarun/surveillance_bot/ros2/ws/install/edgevision_msgs/share/edgevision_msgs/cmake/edgevision_msgs__rosidl_typesupport_cExport.cmake
[12.081s] -- Installing: /home/tarun/surveillance_bot/ros2/ws/install/edgevision_msgs/share/edgevision_msgs/cmake/edgevision_msgs__rosidl_typesupport_cExport-noconfig.cmake
[12.081s] -- Installing: /home/tarun/surveillance_bot/ros2/ws/install/edgevision_msgs/share/edgevision_msgs/cmake/export_edgevision_msgs__rosidl_generator_cppExport.cmake
[12.082s] -- Installing: /home/tarun/surveillance_bot/ros2/ws/install/edgevision_msgs/share/edgevision_msgs/cmake/export_edgevision_msgs__rosidl_typesupport_fastrtps_cppExport.cmake
[12.082s] -- Installing: /home/tarun/surveillance_bot/ros2/ws/install/edgevision_msgs/share/edgevision_msgs/cmake/export_edgevision_msgs__rosidl_typesupport_fastrtps_cppExport-noconfig.cmake
[12.083s] -- Installing: /home/tarun/surveillance_bot/ros2/ws/install/edgevision_msgs/share/edgevision_msgs/cmake/edgevision_msgs__rosidl_typesupport_introspection_cppExport.cmake
[12.083s] -- Installing: /home/tarun/surveillance_bot/ros2/ws/install/edgevision_msgs/share/edgevision_msgs/cmake/edgevision_msgs__rosidl_typesupport_introspection_cppExport-noconfig.cmake
[12.084s] -- Installing: /home/tarun/surveillance_bot/ros2/ws/install/edgevision_msgs/share/edgevision_msgs/cmake/edgevision_msgs__rosidl_typesupport_cppExport.cmake
[12.084s] -- Installing: /home/tarun/surveillance_bot/ros2/ws/install/edgevision_msgs/share/edgevision_msgs/cmake/edgevision_msgs__rosidl_typesupport_cppExport-noconfig.cmake
[12.085s] -- Installing: /home/tarun/surveillance_bot/ros2/ws/install/edgevision_msgs/share/edgevision_msgs/cmake/export_edgevision_msgs__rosidl_generator_pyExport.cmake
[12.085s] -- Installing: /home/tarun/surveillance_bot/ros2/ws/install/edgevision_msgs/share/edgevision_msgs/cmake/export_edgevision_msgs__rosidl_generator_pyExport-noconfig.cmake
[12.092s] Invoked command in '/home/tarun/surveillance_bot/ros2/ws/build/edgevision_msgs' returned '0': CMAKE_PREFIX_PATH=${CMAKE_PREFIX_PATH}:/home/tarun/surveillance_bot/ros2/ws/install/edgevision_ros:/opt/ros/humble VIRTUAL_ENV_PROMPT=(.venv) /usr/bin/cmake --install /home/tarun/surveillance_bot/ros2/ws/build/edgevision_msgs
