running develop
running egg_info
creating edgevision_ros.egg-info
writing edgevision_ros.egg-info/PKG-INFO
writing dependency_links to edgevision_ros.egg-info/dependency_links.txt
writing entry points to edgevision_ros.egg-info/entry_points.txt
writing requirements to edgevision_ros.egg-info/requires.txt
writing top-level names to edgevision_ros.egg-info/top_level.txt
writing manifest file 'edgevision_ros.egg-info/SOURCES.txt'
reading manifest file 'edgevision_ros.egg-info/SOURCES.txt'
writing manifest file 'edgevision_ros.egg-info/SOURCES.txt'
running build_ext
Creating /home/tarun/surveillance_bot/ros2/ws/install/edgevision_ros/lib/python3.10/site-packages/edgevision-ros.egg-link (link to .)
Installing camera_node script to /home/tarun/surveillance_bot/ros2/ws/install/edgevision_ros/lib/edgevision_ros
Installing detector_node script to /home/tarun/surveillance_bot/ros2/ws/install/edgevision_ros/lib/edgevision_ros
Installing perception_node script to /home/tarun/surveillance_bot/ros2/ws/install/edgevision_ros/lib/edgevision_ros
Installing tracker_node script to /home/tarun/surveillance_bot/ros2/ws/install/edgevision_ros/lib/edgevision_ros

Installed /home/tarun/surveillance_bot/ros2/ws/build/edgevision_ros
running symlink_data
creating /home/tarun/surveillance_bot/ros2/ws/install/edgevision_ros/share/ament_index
creating /home/tarun/surveillance_bot/ros2/ws/install/edgevision_ros/share/ament_index/resource_index
creating /home/tarun/surveillance_bot/ros2/ws/install/edgevision_ros/share/ament_index/resource_index/packages
symbolically linking /home/tarun/surveillance_bot/ros2/ws/build/edgevision_ros/resource/edgevision_ros -> /home/tarun/surveillance_bot/ros2/ws/install/edgevision_ros/share/ament_index/resource_index/packages
symbolically linking /home/tarun/surveillance_bot/ros2/ws/build/edgevision_ros/package.xml -> /home/tarun/surveillance_bot/ros2/ws/install/edgevision_ros/share/edgevision_ros
