[1.068s] Invoking command in '/home/tarun/surveillance_bot/ros2/ws/build/edgevision_ros': PYTHONPATH=/home/tarun/surveillance_bot/ros2/ws/build/edgevision_ros/prefix_override:/usr/lib/python3/dist-packages/colcon_core/task/python/colcon_distutils_commands:/home/tarun/surveillance_bot/ros2/ws/install/edgevision_ros/lib/python3.10/site-packages:${PYTHONPATH} /usr/bin/python3 -W ignore:setup.py install is deprecated -W ignore:easy_install command is deprecated setup.py develop --editable --build-directory /home/tarun/surveillance_bot/ros2/ws/build/edgevision_ros/build --no-deps symlink_data
[1.360s] running develop
[1.535s] running egg_info
[1.535s] creating edgevision_ros.egg-info
[1.536s] writing edgevision_ros.egg-info/PKG-INFO
[1.536s] writing dependency_links to edgevision_ros.egg-info/dependency_links.txt
[1.536s] writing entry points to edgevision_ros.egg-info/entry_points.txt
[1.537s] writing requirements to edgevision_ros.egg-info/requires.txt
[1.537s] writing top-level names to edgevision_ros.egg-info/top_level.txt
[1.537s] writing manifest file 'edgevision_ros.egg-info/SOURCES.txt'
[1.538s] reading manifest file 'edgevision_ros.egg-info/SOURCES.txt'
[1.539s] writing manifest file 'edgevision_ros.egg-info/SOURCES.txt'
[1.540s] running build_ext
[1.541s] Creating /home/tarun/surveillance_bot/ros2/ws/install/edgevision_ros/lib/python3.10/site-packages/edgevision-ros.egg-link (link to .)
[1.542s] Installing camera_node script to /home/tarun/surveillance_bot/ros2/ws/install/edgevision_ros/lib/edgevision_ros
[1.542s] Installing detector_node script to /home/tarun/surveillance_bot/ros2/ws/install/edgevision_ros/lib/edgevision_ros
[1.542s] Installing perception_node script to /home/tarun/surveillance_bot/ros2/ws/install/edgevision_ros/lib/edgevision_ros
[1.543s] Installing tracker_node script to /home/tarun/surveillance_bot/ros2/ws/install/edgevision_ros/lib/edgevision_ros
[1.543s] 
[1.543s] Installed /home/tarun/surveillance_bot/ros2/ws/build/edgevision_ros
[1.543s] running symlink_data
[1.543s] creating /home/tarun/surveillance_bot/ros2/ws/install/edgevision_ros/share/ament_index
[1.543s] creating /home/tarun/surveillance_bot/ros2/ws/install/edgevision_ros/share/ament_index/resource_index
[1.543s] creating /home/tarun/surveillance_bot/ros2/ws/install/edgevision_ros/share/ament_index/resource_index/packages
[1.544s] symbolically linking /home/tarun/surveillance_bot/ros2/ws/build/edgevision_ros/resource/edgevision_ros -> /home/tarun/surveillance_bot/ros2/ws/install/edgevision_ros/share/ament_index/resource_index/packages
[1.544s] symbolically linking /home/tarun/surveillance_bot/ros2/ws/build/edgevision_ros/package.xml -> /home/tarun/surveillance_bot/ros2/ws/install/edgevision_ros/share/edgevision_ros
[1.585s] Invoked command in '/home/tarun/surveillance_bot/ros2/ws/build/edgevision_ros' returned '0': PYTHONPATH=/home/tarun/surveillance_bot/ros2/ws/build/edgevision_ros/prefix_override:/usr/lib/python3/dist-packages/colcon_core/task/python/colcon_distutils_commands:/home/tarun/surveillance_bot/ros2/ws/install/edgevision_ros/lib/python3.10/site-packages:${PYTHONPATH} /usr/bin/python3 -W ignore:setup.py install is deprecated -W ignore:easy_install command is deprecated setup.py develop --editable --build-directory /home/tarun/surveillance_bot/ros2/ws/build/edgevision_ros/build --no-deps symlink_data
