[0.172s] DEBUG:colcon:Command line arguments: ['/usr/bin/colcon', 'build']
[0.172s] DEBUG:colcon:Parsed command line arguments: Namespace(log_base=None, log_level=None, verb_name='build', build_base='build', install_base='install', merge_install=False, symlink_install=False, test_result_base=None, continue_on_error=False, executor='parallel', parallel_workers=8, event_handlers=None, ignore_user_meta=False, metas=['./colcon.meta'], base_paths=['.'], packages_ignore=None, packages_ignore_regex=None, paths=None, packages_up_to=None, packages_up_to_regex=None, packages_above=None, packages_above_and_dependencies=None, packages_above_depth=None, packages_select_by_dep=None, packages_skip_by_dep=None, packages_skip_up_to=None, packages_select_build_failed=False, packages_skip_build_finished=False, packages_select_test_failures=False, packages_skip_test_passed=False, packages_select=None, packages_skip=None, packages_select_regex=None, packages_skip_regex=None, packages_start=None, packages_end=None, allow_overriding=[], cmake_args=None, cmake_target=None, cmake_target_skip_unavailable=False, cmake_clean_cache=False, cmake_clean_first=False, cmake_force_configure=False, ament_cmake_args=None, catkin_cmake_args=None, catkin_skip_building_tests=False, mixin_files=None, mixin=None, verb_parser=<colcon_mixin.mixin.mixin_argument.MixinArgumentDecorator object at 0x7e3602641ae0>, verb_extension=<colcon_core.verb.build.BuildVerb object at 0x7e36027b7580>, main=<bound method BuildVerb.main of <colcon_core.verb.build.BuildVerb object at 0x7e36027b7580>>, mixin_verb=('build',))
[0.390s] Level 1:colcon.colcon_core.package_discovery:discover_packages(colcon_meta) check parameters
[0.390s] Level 1:colcon.colcon_core.package_discovery:discover_packages(recursive) check parameters
[0.390s] Level 1:colcon.colcon_core.package_discovery:discover_packages(ignore) check parameters
[0.390s] Level 1:colcon.colcon_core.package_discovery:discover_packages(path) check parameters
[0.391s] Level 1:colcon.colcon_core.package_discovery:discover_packages(colcon_meta) discover
[0.391s] Level 1:colcon.colcon_core.package_discovery:discover_packages(recursive) discover
[0.391s] INFO:colcon.colcon_core.package_discovery:Crawling recursively for packages in '/home/tarun/surveillance_bot/ros2/ws/src'
[0.391s] Level 1:colcon.colcon_core.package_identification:_identify(.) by extensions ['ignore', 'ignore_ament_install']
[0.391s] Level 1:colcon.colcon_core.package_identification:_identify(.) by extension 'ignore'
[0.391s] Level 1:colcon.colcon_core.package_identification:_identify(.) by extension 'ignore_ament_install'
[0.391s] Level 1:colcon.colcon_core.package_identification:_identify(.) by extensions ['colcon_pkg']
[0.391s] Level 1:colcon.colcon_core.package_identification:_identify(.) by extension 'colcon_pkg'
[0.391s] Level 1:colcon.colcon_core.package_identification:_identify(.) by extensions ['colcon_meta']
[0.391s] Level 1:colcon.colcon_core.package_identification:_identify(.) by extension 'colcon_meta'
[0.391s] Level 1:colcon.colcon_core.package_identification:_identify(.) by extensions ['ros']
[0.391s] Level 1:colcon.colcon_core.package_identification:_identify(.) by extension 'ros'
[0.402s] Level 1:colcon.colcon_core.package_identification:_identify(.) by extensions ['cmake', 'python']
[0.402s] Level 1:colcon.colcon_core.package_identification:_identify(.) by extension 'cmake'
[0.402s] Level 1:colcon.colcon_core.package_identification:_identify(.) by extension 'python'
[0.402s] Level 1:colcon.colcon_core.package_identification:_identify(.) by extensions ['python_setup_py']
[0.402s] Level 1:colcon.colcon_core.package_identification:_identify(.) by extension 'python_setup_py'
[0.403s] Level 1:colcon.colcon_core.package_identification:_identify(build) by extensions ['ignore', 'ignore_ament_install']
[0.403s] Level 1:colcon.colcon_core.package_identification:_identify(build) by extension 'ignore'
[0.403s] Level 1:colcon.colcon_core.package_identification:_identify(build) ignored
[0.403s] Level 1:colcon.colcon_core.package_identification:_identify(edgevision_ros) by extensions ['ignore', 'ignore_ament_install']
[0.403s] Level 1:colcon.colcon_core.package_identification:_identify(edgevision_ros) by extension 'ignore'
[0.403s] Level 1:colcon.colcon_core.package_identification:_identify(edgevision_ros) by extension 'ignore_ament_install'
[0.403s] Level 1:colcon.colcon_core.package_identification:_identify(edgevision_ros) by extensions ['colcon_pkg']
[0.403s] Level 1:colcon.colcon_core.package_identification:_identify(edgevision_ros) by extension 'colcon_pkg'
[0.403s] Level 1:colcon.colcon_core.package_identification:_identify(edgevision_ros) by extensions ['colcon_meta']
[0.403s] Level 1:colcon.colcon_core.package_identification:_identify(edgevision_ros) by extension 'colcon_meta'
[0.403s] Level 1:colcon.colcon_core.package_identification:_identify(edgevision_ros) by extensions ['ros']
[0.403s] Level 1:colcon.colcon_core.package_identification:_identify(edgevision_ros) by extension 'ros'
[0.406s] DEBUG:colcon.colcon_core.package_identification:Package 'edgevision_ros' with type 'ros.ament_python' and name 'edgevision_ros'
[0.407s] Level 1:colcon.colcon_core.package_identification:_identify(install) by extensions ['ignore', 'ignore_ament_install']
[0.407s] Level 1:colcon.colcon_core.package_identification:_identify(install) by extension 'ignore'
[0.407s] Level 1:colcon.colcon_core.package_identification:_identify(install) ignored
[0.407s] Level 1:colcon.colcon_core.package_identification:_identify(log) by extensions ['ignore', 'ignore_ament_install']
[0.407s] Level 1:colcon.colcon_core.package_identification:_identify(log) by extension 'ignore'
[0.407s] Level 1:colcon.colcon_core.package_identification:_identify(log) ignored
[0.407s] Level 1:colcon.colcon_core.package_discovery:discover_packages(recursive) using defaults
[0.407s] Level 1:colcon.colcon_core.package_discovery:discover_packages(ignore) discover
[0.407s] Level 1:colcon.colcon_core.package_discovery:discover_packages(ignore) using defaults
[0.407s] Level 1:colcon.colcon_core.package_discovery:discover_packages(path) discover
[0.407s] Level 1:colcon.colcon_core.package_discovery:discover_packages(path) using defaults
[0.447s] Level 1:colcon.colcon_core.package_discovery:discover_packages(prefix_path) check parameters
[0.448s] Level 1:colcon.colcon_core.package_discovery:discover_packages(prefix_path) discover
[0.452s] DEBUG:colcon.colcon_installed_package_information.package_discovery:Found 273 installed packages in /opt/ros/humble
[0.453s] Level 1:colcon.colcon_core.package_discovery:discover_packages(prefix_path) using defaults
[0.493s] Level 5:colcon.colcon_core.verb:set package 'edgevision_ros' build argument 'cmake_args' from command line to 'None'
[0.493s] Level 5:colcon.colcon_core.verb:set package 'edgevision_ros' build argument 'cmake_target' from command line to 'None'
[0.494s] Level 5:colcon.colcon_core.verb:set package 'edgevision_ros' build argument 'cmake_target_skip_unavailable' from command line to 'False'
[0.494s] Level 5:colcon.colcon_core.verb:set package 'edgevision_ros' build argument 'cmake_clean_cache' from command line to 'False'
[0.494s] Level 5:colcon.colcon_core.verb:set package 'edgevision_ros' build argument 'cmake_clean_first' from command line to 'False'
[0.494s] Level 5:colcon.colcon_core.verb:set package 'edgevision_ros' build argument 'cmake_force_configure' from command line to 'False'
[0.494s] Level 5:colcon.colcon_core.verb:set package 'edgevision_ros' build argument 'ament_cmake_args' from command line to 'None'
[0.494s] Level 5:colcon.colcon_core.verb:set package 'edgevision_ros' build argument 'catkin_cmake_args' from command line to 'None'
[0.494s] Level 5:colcon.colcon_core.verb:set package 'edgevision_ros' build argument 'catkin_skip_building_tests' from command line to 'False'
[0.494s] DEBUG:colcon.colcon_core.verb:Building package 'edgevision_ros' with the following arguments: {'ament_cmake_args': None, 'build_base': '/home/tarun/surveillance_bot/ros2/ws/src/build/edgevision_ros', 'catkin_cmake_args': None, 'catkin_skip_building_tests': False, 'cmake_args': None, 'cmake_clean_cache': False, 'cmake_clean_first': False, 'cmake_force_configure': False, 'cmake_target': None, 'cmake_target_skip_unavailable': False, 'install_base': '/home/tarun/surveillance_bot/ros2/ws/src/install/edgevision_ros', 'merge_install': False, 'path': '/home/tarun/surveillance_bot/ros2/ws/src/edgevision_ros', 'symlink_install': False, 'test_result_base': None}
[0.494s] INFO:colcon.colcon_core.executor:Executing jobs using 'parallel' executor
[0.495s] DEBUG:colcon.colcon_parallel_executor.executor.parallel:run_until_complete
[0.495s] INFO:colcon.colcon_ros.task.ament_python.build:Building ROS package in '/home/tarun/surveillance_bot/ros2/ws/src/edgevision_ros' with build type 'ament_python'
[0.495s] Level 1:colcon.colcon_core.shell:create_environment_hook('edgevision_ros', 'ament_prefix_path')
[0.500s] INFO:colcon.colcon_core.plugin_system:Skipping extension 'colcon_core.shell.bat': Not used on non-Windows systems
[0.500s] INFO:colcon.colcon_core.shell:Creating environment hook '/home/tarun/surveillance_bot/ros2/ws/src/install/edgevision_ros/share/edgevision_ros/hook/ament_prefix_path.ps1'
[0.502s] INFO:colcon.colcon_core.shell:Creating environment descriptor '/home/tarun/surveillance_bot/ros2/ws/src/install/edgevision_ros/share/edgevision_ros/hook/ament_prefix_path.dsv'
[0.502s] INFO:colcon.colcon_core.shell:Creating environment hook '/home/tarun/surveillance_bot/ros2/ws/src/install/edgevision_ros/share/edgevision_ros/hook/ament_prefix_path.sh'
[0.503s] INFO:colcon.colcon_core.shell:Skip shell extension 'powershell' for command environment: Not usable outside of PowerShell
[0.503s] DEBUG:colcon.colcon_core.shell:Skip shell extension 'dsv' for command environment
[0.795s] INFO:colcon.colcon_core.task.python.build:Building Python package in '/home/tarun/surveillance_bot/ros2/ws/src/edgevision_ros'
[0.796s] INFO:colcon.colcon_core.shell:Skip shell extension 'powershell' for command environment: Not usable outside of PowerShell
[0.796s] DEBUG:colcon.colcon_core.shell:Skip shell extension 'dsv' for command environment
[1.206s] DEBUG:colcon.colcon_core.task.python.build:Available setuptools commands: dist_info, bdist, bdist_rpm, rotate, install_data, symlink_data, test, install_egg_info, bdist_wheel, upload_docs, build, develop, bdist_egg, setopt, build_scripts, register, bdist_dumb, build_ext, install_lib, install_headers, build_clib, build_py, egg_info, clean, install, alias, install_scripts, saveopts, check, sdist, easy_install, upload
[1.213s] DEBUG:colcon.colcon_core.event_handler.log_command:Invoking command in '/home/tarun/surveillance_bot/ros2/ws/src/edgevision_ros': PYTHONPATH=/home/tarun/surveillance_bot/ros2/ws/src/build/edgevision_ros/prefix_override:/usr/lib/python3/dist-packages/colcon_core/task/python/colcon_distutils_commands:/home/tarun/surveillance_bot/ros2/ws/src/install/edgevision_ros/lib/python3.10/site-packages:${PYTHONPATH} /usr/bin/python3 -W ignore:setup.py install is deprecated -W ignore:easy_install command is deprecated setup.py egg_info --egg-base ../build/edgevision_ros build --build-base /home/tarun/surveillance_bot/ros2/ws/src/build/edgevision_ros/build install --record /home/tarun/surveillance_bot/ros2/ws/src/build/edgevision_ros/install.log --install-scripts $base/lib/edgevision_ros --single-version-externally-managed install_data
[1.530s] DEBUG:colcon.colcon_core.event_handler.log_command:Invoked command in '/home/tarun/surveillance_bot/ros2/ws/src/edgevision_ros' returned '0': PYTHONPATH=/home/tarun/surveillance_bot/ros2/ws/src/build/edgevision_ros/prefix_override:/usr/lib/python3/dist-packages/colcon_core/task/python/colcon_distutils_commands:/home/tarun/surveillance_bot/ros2/ws/src/install/edgevision_ros/lib/python3.10/site-packages:${PYTHONPATH} /usr/bin/python3 -W ignore:setup.py install is deprecated -W ignore:easy_install command is deprecated setup.py egg_info --egg-base ../build/edgevision_ros build --build-base /home/tarun/surveillance_bot/ros2/ws/src/build/edgevision_ros/build install --record /home/tarun/surveillance_bot/ros2/ws/src/build/edgevision_ros/install.log --install-scripts $base/lib/edgevision_ros --single-version-externally-managed install_data
[1.537s] Level 1:colcon.colcon_core.environment:checking '/home/tarun/surveillance_bot/ros2/ws/src/install/edgevision_ros' for CMake module files
[1.538s] Level 1:colcon.colcon_core.environment:checking '/home/tarun/surveillance_bot/ros2/ws/src/install/edgevision_ros' for CMake config files
[1.539s] Level 1:colcon.colcon_core.environment:checking '/home/tarun/surveillance_bot/ros2/ws/src/install/edgevision_ros/lib'
[1.539s] Level 1:colcon.colcon_core.environment:checking '/home/tarun/surveillance_bot/ros2/ws/src/install/edgevision_ros/bin'
[1.539s] Level 1:colcon.colcon_core.environment:checking '/home/tarun/surveillance_bot/ros2/ws/src/install/edgevision_ros/lib/pkgconfig/edgevision_ros.pc'
[1.539s] Level 1:colcon.colcon_core.environment:checking '/home/tarun/surveillance_bot/ros2/ws/src/install/edgevision_ros/lib/python3.10/site-packages'
[1.539s] Level 1:colcon.colcon_core.shell:create_environment_hook('edgevision_ros', 'pythonpath')
[1.540s] INFO:colcon.colcon_core.shell:Creating environment hook '/home/tarun/surveillance_bot/ros2/ws/src/install/edgevision_ros/share/edgevision_ros/hook/pythonpath.ps1'
[1.540s] INFO:colcon.colcon_core.shell:Creating environment descriptor '/home/tarun/surveillance_bot/ros2/ws/src/install/edgevision_ros/share/edgevision_ros/hook/pythonpath.dsv'
[1.540s] INFO:colcon.colcon_core.shell:Creating environment hook '/home/tarun/surveillance_bot/ros2/ws/src/install/edgevision_ros/share/edgevision_ros/hook/pythonpath.sh'
[1.541s] Level 1:colcon.colcon_core.environment:checking '/home/tarun/surveillance_bot/ros2/ws/src/install/edgevision_ros/bin'
[1.541s] Level 1:colcon.colcon_core.environment:create_environment_scripts_only(edgevision_ros)
[1.541s] INFO:colcon.colcon_core.shell:Creating package script '/home/tarun/surveillance_bot/ros2/ws/src/install/edgevision_ros/share/edgevision_ros/package.ps1'
[1.543s] INFO:colcon.colcon_core.shell:Creating package descriptor '/home/tarun/surveillance_bot/ros2/ws/src/install/edgevision_ros/share/edgevision_ros/package.dsv'
[1.543s] INFO:colcon.colcon_core.shell:Creating package script '/home/tarun/surveillance_bot/ros2/ws/src/install/edgevision_ros/share/edgevision_ros/package.sh'
[1.544s] INFO:colcon.colcon_core.shell:Creating package script '/home/tarun/surveillance_bot/ros2/ws/src/install/edgevision_ros/share/edgevision_ros/package.bash'
[1.546s] INFO:colcon.colcon_core.shell:Creating package script '/home/tarun/surveillance_bot/ros2/ws/src/install/edgevision_ros/share/edgevision_ros/package.zsh'
[1.547s] Level 1:colcon.colcon_core.environment:create_file_with_runtime_dependencies(/home/tarun/surveillance_bot/ros2/ws/src/install/edgevision_ros/share/colcon-core/packages/edgevision_ros)
[1.547s] DEBUG:colcon.colcon_parallel_executor.executor.parallel:closing loop
[1.547s] DEBUG:colcon.colcon_parallel_executor.executor.parallel:loop closed
[1.547s] DEBUG:colcon.colcon_parallel_executor.executor.parallel:run_until_complete finished with '0'
[1.547s] DEBUG:colcon.colcon_core.event_reactor:joining thread
[1.560s] INFO:colcon.colcon_core.plugin_system:Skipping extension 'colcon_notification.desktop_notification.terminal_notifier': Not used on non-Darwin systems
[1.560s] INFO:colcon.colcon_core.plugin_system:Skipping extension 'colcon_notification.desktop_notification.win32': Not used on non-Windows systems
[1.560s] INFO:colcon.colcon_notification.desktop_notification:Sending desktop notification using 'notify2'
[1.602s] DEBUG:colcon.colcon_core.event_reactor:joined thread
[1.603s] INFO:colcon.colcon_core.shell:Creating prefix script '/home/tarun/surveillance_bot/ros2/ws/src/install/local_setup.ps1'
[1.606s] INFO:colcon.colcon_core.shell:Creating prefix util module '/home/tarun/surveillance_bot/ros2/ws/src/install/_local_setup_util_ps1.py'
[1.611s] INFO:colcon.colcon_core.shell:Creating prefix chain script '/home/tarun/surveillance_bot/ros2/ws/src/install/setup.ps1'
[1.614s] INFO:colcon.colcon_core.shell:Creating prefix script '/home/tarun/surveillance_bot/ros2/ws/src/install/local_setup.sh'
[1.616s] INFO:colcon.colcon_core.shell:Creating prefix util module '/home/tarun/surveillance_bot/ros2/ws/src/install/_local_setup_util_sh.py'
[1.618s] INFO:colcon.colcon_core.shell:Creating prefix chain script '/home/tarun/surveillance_bot/ros2/ws/src/install/setup.sh'
[1.620s] INFO:colcon.colcon_core.shell:Creating prefix script '/home/tarun/surveillance_bot/ros2/ws/src/install/local_setup.bash'
[1.621s] INFO:colcon.colcon_core.shell:Creating prefix chain script '/home/tarun/surveillance_bot/ros2/ws/src/install/setup.bash'
[1.624s] INFO:colcon.colcon_core.shell:Creating prefix script '/home/tarun/surveillance_bot/ros2/ws/src/install/local_setup.zsh'
[1.625s] INFO:colcon.colcon_core.shell:Creating prefix chain script '/home/tarun/surveillance_bot/ros2/ws/src/install/setup.zsh'
