running egg_info
creating ../build/edgevision_ros/edgevision_ros.egg-info
writing ../build/edgevision_ros/edgevision_ros.egg-info/PKG-INFO
writing dependency_links to ../build/edgevision_ros/edgevision_ros.egg-info/dependency_links.txt
writing entry points to ../build/edgevision_ros/edgevision_ros.egg-info/entry_points.txt
writing requirements to ../build/edgevision_ros/edgevision_ros.egg-info/requires.txt
writing top-level names to ../build/edgevision_ros/edgevision_ros.egg-info/top_level.txt
writing manifest file '../build/edgevision_ros/edgevision_ros.egg-info/SOURCES.txt'
reading manifest file '../build/edgevision_ros/edgevision_ros.egg-info/SOURCES.txt'
adding license file 'LICENSE'
writing manifest file '../build/edgevision_ros/edgevision_ros.egg-info/SOURCES.txt'
running build
running build_py
creating /home/tarun/surveillance_bot/ros2/ws/src/build/edgevision_ros/build
creating /home/tarun/surveillance_bot/ros2/ws/src/build/edgevision_ros/build/lib
creating /home/tarun/surveillance_bot/ros2/ws/src/build/edgevision_ros/build/lib/edgevision_ros
copying edgevision_ros/__init__.py -> /home/tarun/surveillance_bot/ros2/ws/src/build/edgevision_ros/build/lib/edgevision_ros
running install
running install_lib
creating /home/tarun/surveillance_bot/ros2/ws/src/install/edgevision_ros/lib/python3.10/site-packages/edgevision_ros
copying /home/tarun/surveillance_bot/ros2/ws/src/build/edgevision_ros/build/lib/edgevision_ros/__init__.py -> /home/tarun/surveillance_bot/ros2/ws/src/install/edgevision_ros/lib/python3.10/site-packages/edgevision_ros
byte-compiling /home/tarun/surveillance_bot/ros2/ws/src/install/edgevision_ros/lib/python3.10/site-packages/edgevision_ros/__init__.py to __init__.cpython-310.pyc
running install_data
creating /home/tarun/surveillance_bot/ros2/ws/src/install/edgevision_ros/share/ament_index
creating /home/tarun/surveillance_bot/ros2/ws/src/install/edgevision_ros/share/ament_index/resource_index
creating /home/tarun/surveillance_bot/ros2/ws/src/install/edgevision_ros/share/ament_index/resource_index/packages
copying resource/edgevision_ros -> /home/tarun/surveillance_bot/ros2/ws/src/install/edgevision_ros/share/ament_index/resource_index/packages
copying package.xml -> /home/tarun/surveillance_bot/ros2/ws/src/install/edgevision_ros/share/edgevision_ros
running install_egg_info
Copying ../build/edgevision_ros/edgevision_ros.egg-info to /home/tarun/surveillance_bot/ros2/ws/src/install/edgevision_ros/lib/python3.10/site-packages/edgevision_ros-0.0.0-py3.10.egg-info
running install_scripts
writing list of installed files to '/home/tarun/surveillance_bot/ros2/ws/src/build/edgevision_ros/install.log'
