[0.015s] Invoking command in '/home/tarun/surveillance_bot/ros2/ws/build/edgevision_msgs': CMAKE_PREFIX_PATH=${CMAKE_PREFIX_PATH}:/home/tarun/surveillance_bot/ros2/ws/install/edgevision_ros:/opt/ros/humble VIRTUAL_ENV_PROMPT=(.venv) /usr/bin/cmake --build /home/tarun/surveillance_bot/ros2/ws/build/edgevision_msgs -- -j8 -l8
[0.089s] [  1%] Built target edgevision_msgs__cpp
[0.091s] [ 12%] Built target edgevision_msgs__rosidl_generator_c
[0.097s] [ 13%] Built target edgevision_msgs__rs
[0.098s] [ 13%] Built target ament_cmake_python_symlink_edgevision_msgs
[0.135s] [ 37%] Built target edgevision_msgs__rosidl_typesupport_c
[0.136s] [ 37%] Built target edgevision_msgs__rosidl_typesupport_introspection_c
[0.136s] [ 47%] Built target edgevision_msgs__rosidl_typesupport_fastrtps_cpp
[0.136s] [ 58%] Built target edgevision_msgs__rosidl_typesupport_cpp
[0.138s] [ 75%] Built target edgevision_msgs__rosidl_typesupport_fastrtps_c
[0.140s] [ 80%] Built target edgevision_msgs__rosidl_typesupport_introspection_cpp
[0.171s] [ 80%] Built target edgevision_msgs
[0.201s] [ 81%] Built target edgevision_msgs__py
[0.237s] [ 91%] Built target edgevision_msgs__rosidl_generator_py
[0.269s] [ 97%] Built target edgevision_msgs__rosidl_typesupport_fastrtps_c__pyext
[0.269s] [ 97%] Built target edgevision_msgs__rosidl_typesupport_c__pyext
[0.271s] [100%] Built target edgevision_msgs__rosidl_typesupport_introspection_c__pyext
[0.383s] running egg_info
[0.399s] writing edgevision_msgs.egg-info/PKG-INFO
[0.400s] writing dependency_links to edgevision_msgs.egg-info/dependency_links.txt
[0.400s] writing top-level names to edgevision_msgs.egg-info/top_level.txt
[0.452s] reading manifest file 'edgevision_msgs.egg-info/SOURCES.txt'
[0.454s] writing manifest file 'edgevision_msgs.egg-info/SOURCES.txt'
[0.504s] [100%] Built target ament_cmake_python_build_edgevision_msgs_egg
[0.522s] Invoked command in '/home/tarun/surveillance_bot/ros2/ws/build/edgevision_msgs' returned '0': CMAKE_PREFIX_PATH=${CMAKE_PREFIX_PATH}:/home/tarun/surveillance_bot/ros2/ws/install/edgevision_ros:/opt/ros/humble VIRTUAL_ENV_PROMPT=(.venv) /usr/bin/cmake --build /home/tarun/surveillance_bot/ros2/ws/build/edgevision_msgs -- -j8 -l8
[0.538s] Invoking command in '/home/tarun/surveillance_bot/ros2/ws/build/edgevision_msgs': CMAKE_PREFIX_PATH=${CMAKE_PREFIX_PATH}:/home/tarun/surveillance_bot/ros2/ws/install/edgevision_ros:/opt/ros/humble VIRTUAL_ENV_PROMPT=(.venv) /usr/bin/cmake --install /home/tarun/surveillance_bot/ros2/ws/build/edgevision_msgs
[0.548s] -- Install configuration: ""
[0.549s] -- Execute custom install script
[0.549s] -- Up-to-date symlink: /home/tarun/surveillance_bot/ros2/ws/install/edgevision_msgs/share/ament_index/resource_index/rosidl_interfaces/edgevision_msgs
[0.550s] -- Up-to-date symlink: /home/tarun/surveillance_bot/ros2/ws/install/edgevision_msgs/include/edgevision_msgs/edgevision_msgs/msg/detail/detection__functions.h
[0.550s] -- Up-to-date symlink: /home/tarun/surveillance_bot/ros2/ws/install/edgevision_msgs/include/edgevision_msgs/edgevision_msgs/msg/detail/detection__struct.h
[0.550s] -- Up-to-date symlink: /home/tarun/surveillance_bot/ros2/ws/install/edgevision_msgs/include/edgevision_msgs/edgevision_msgs/msg/detail/detection__type_support.h
[0.550s] -- Up-to-date symlink: /home/tarun/surveillance_bot/ros2/ws/install/edgevision_msgs/include/edgevision_msgs/edgevision_msgs/msg/detail/detection_array__functions.h
[0.550s] -- Up-to-date symlink: /home/tarun/surveillance_bot/ros2/ws/install/edgevision_msgs/include/edgevision_msgs/edgevision_msgs/msg/detail/detection_array__struct.h
[0.550s] -- Up-to-date symlink: /home/tarun/surveillance_bot/ros2/ws/install/edgevision_msgs/include/edgevision_msgs/edgevision_msgs/msg/detail/detection_array__type_support.h
[0.551s] -- Up-to-date symlink: /home/tarun/surveillance_bot/ros2/ws/install/edgevision_msgs/include/edgevision_msgs/edgevision_msgs/msg/detail/face_detection__functions.h
[0.551s] -- Up-to-date symlink: /home/tarun/surveillance_bot/ros2/ws/install/edgevision_msgs/include/edgevision_msgs/edgevision_msgs/msg/detail/face_detection__struct.h
[0.551s] -- Up-to-date symlink: /home/tarun/surveillance_bot/ros2/ws/install/edgevision_msgs/include/edgevision_msgs/edgevision_msgs/msg/detail/face_detection__type_support.h
[0.551s] -- Up-to-date symlink: /home/tarun/surveillance_bot/ros2/ws/install/edgevision_msgs/include/edgevision_msgs/edgevision_msgs/msg/detail/face_detection_array__functions.h
[0.551s] -- Up-to-date symlink: /home/tarun/surveillance_bot/ros2/ws/install/edgevision_msgs/include/edgevision_msgs/edgevision_msgs/msg/detail/face_detection_array__struct.h
[0.551s] -- Up-to-date symlink: /home/tarun/surveillance_bot/ros2/ws/install/edgevision_msgs/include/edgevision_msgs/edgevision_msgs/msg/detail/face_detection_array__type_support.h
[0.552s] -- Up-to-date symlink: /home/tarun/surveillance_bot/ros2/ws/install/edgevision_msgs/include/edgevision_msgs/edgevision_msgs/msg/detail/tracked_detection__functions.h
[0.552s] -- Up-to-date symlink: /home/tarun/surveillance_bot/ros2/ws/install/edgevision_msgs/include/edgevision_msgs/edgevision_msgs/msg/detail/tracked_detection__struct.h
[0.552s] -- Up-to-date symlink: /home/tarun/surveillance_bot/ros2/ws/install/edgevision_msgs/include/edgevision_msgs/edgevision_msgs/msg/detail/tracked_detection__type_support.h
[0.552s] -- Up-to-date symlink: /home/tarun/surveillance_bot/ros2/ws/install/edgevision_msgs/include/edgevision_msgs/edgevision_msgs/msg/detail/tracked_detection_array__functions.h
[0.552s] -- Up-to-date symlink: /home/tarun/surveillance_bot/ros2/ws/install/edgevision_msgs/include/edgevision_msgs/edgevision_msgs/msg/detail/tracked_detection_array__struct.h
[0.552s] -- Up-to-date symlink: /home/tarun/surveillance_bot/ros2/ws/install/edgevision_msgs/include/edgevision_msgs/edgevision_msgs/msg/detail/tracked_detection_array__type_support.h
[0.553s] -- Up-to-date symlink: /home/tarun/surveillance_bot/ros2/ws/install/edgevision_msgs/include/edgevision_msgs/edgevision_msgs/msg/detection.h
[0.553s] -- Up-to-date symlink: /home/tarun/surveillance_bot/ros2/ws/install/edgevision_msgs/include/edgevision_msgs/edgevision_msgs/msg/detection_array.h
[0.553s] -- Up-to-date symlink: /home/tarun/surveillance_bot/ros2/ws/install/edgevision_msgs/include/edgevision_msgs/edgevision_msgs/msg/face_detection.h
[0.553s] -- Up-to-date symlink: /home/tarun/surveillance_bot/ros2/ws/install/edgevision_msgs/include/edgevision_msgs/edgevision_msgs/msg/face_detection_array.h
[0.553s] -- Up-to-date symlink: /home/tarun/surveillance_bot/ros2/ws/install/edgevision_msgs/include/edgevision_msgs/edgevision_msgs/msg/rosidl_generator_c__visibility_control.h
[0.554s] -- Up-to-date symlink: /home/tarun/surveillance_bot/ros2/ws/install/edgevision_msgs/include/edgevision_msgs/edgevision_msgs/msg/tracked_detection.h
[0.554s] -- Up-to-date symlink: /home/tarun/surveillance_bot/ros2/ws/install/edgevision_msgs/include/edgevision_msgs/edgevision_msgs/msg/tracked_detection_array.h
[0.554s] -- Up-to-date symlink: /home/tarun/surveillance_bot/ros2/ws/install/edgevision_msgs/share/edgevision_msgs/environment/library_path.sh
[0.554s] -- Up-to-date symlink: /home/tarun/surveillance_bot/ros2/ws/install/edgevision_msgs/share/edgevision_msgs/environment/library_path.dsv
[0.555s] -- Up-to-date symlink: /home/tarun/surveillance_bot/ros2/ws/install/edgevision_msgs/include/edgevision_msgs/edgevision_msgs/msg/detail/detection__rosidl_typesupport_fastrtps_c.h
[0.555s] -- Up-to-date symlink: /home/tarun/surveillance_bot/ros2/ws/install/edgevision_msgs/include/edgevision_msgs/edgevision_msgs/msg/detail/detection_array__rosidl_typesupport_fastrtps_c.h
[0.556s] -- Up-to-date symlink: /home/tarun/surveillance_bot/ros2/ws/install/edgevision_msgs/include/edgevision_msgs/edgevision_msgs/msg/detail/face_detection__rosidl_typesupport_fastrtps_c.h
[0.556s] -- Up-to-date symlink: /home/tarun/surveillance_bot/ros2/ws/install/edgevision_msgs/include/edgevision_msgs/edgevision_msgs/msg/detail/face_detection_array__rosidl_typesupport_fastrtps_c.h
[0.556s] -- Up-to-date symlink: /home/tarun/surveillance_bot/ros2/ws/install/edgevision_msgs/include/edgevision_msgs/edgevision_msgs/msg/detail/tracked_detection__rosidl_typesupport_fastrtps_c.h
[0.556s] -- Up-to-date symlink: /home/tarun/surveillance_bot/ros2/ws/install/edgevision_msgs/include/edgevision_msgs/edgevision_msgs/msg/detail/tracked_detection_array__rosidl_typesupport_fastrtps_c.h
[0.557s] -- Up-to-date symlink: /home/tarun/surveillance_bot/ros2/ws/install/edgevision_msgs/include/edgevision_msgs/edgevision_msgs/msg/rosidl_typesupport_fastrtps_c__visibility_control.h
[0.557s] -- Up-to-date symlink: /home/tarun/surveillance_bot/ros2/ws/install/edgevision_msgs/include/edgevision_msgs/edgevision_msgs/msg/detail/detection__rosidl_typesupport_introspection_c.h
[0.557s] -- Up-to-date symlink: /home/tarun/surveillance_bot/ros2/ws/install/edgevision_msgs/include/edgevision_msgs/edgevision_msgs/msg/detail/detection_array__rosidl_typesupport_introspection_c.h
[0.557s] -- Up-to-date symlink: /home/tarun/surveillance_bot/ros2/ws/install/edgevision_msgs/include/edgevision_msgs/edgevision_msgs/msg/detail/face_detection__rosidl_typesupport_introspection_c.h
[0.558s] -- Up-to-date symlink: /home/tarun/surveillance_bot/ros2/ws/install/edgevision_msgs/include/edgevision_msgs/edgevision_msgs/msg/detail/face_detection_array__rosidl_typesupport_introspection_c.h
[0.558s] -- Up-to-date symlink: /home/tarun/surveillance_bot/ros2/ws/install/edgevision_msgs/include/edgevision_msgs/edgevision_msgs/msg/detail/tracked_detection__rosidl_typesupport_introspection_c.h
[0.558s] -- Up-to-date symlink: /home/tarun/surveillance_bot/ros2/ws/install/edgevision_msgs/include/edgevision_msgs/edgevision_msgs/msg/detail/tracked_detection_array__rosidl_typesupport_introspection_c.h
[0.558s] -- Up-to-date symlink: /home/tarun/surveillance_bot/ros2/ws/install/edgevision_msgs/include/edgevision_msgs/edgevision_msgs/msg/rosidl_typesupport_introspection_c__visibility_control.h
[0.559s] -- Up-to-date symlink: /home/tarun/surveillance_bot/ros2/ws/install/edgevision_msgs/include/edgevision_msgs/edgevision_msgs/msg/detail/detection__builder.hpp
[0.560s] -- Up-to-date symlink: /home/tarun/surveillance_bot/ros2/ws/install/edgevision_msgs/include/edgevision_msgs/edgevision_msgs/msg/detail/detection__struct.hpp
[0.560s] -- Up-to-date symlink: /home/tarun/surveillance_bot/ros2/ws/install/edgevision_msgs/include/edgevision_msgs/edgevision_msgs/msg/detail/detection__traits.hpp
[0.560s] -- Up-to-date symlink: /home/tarun/surveillance_bot/ros2/ws/install/edgevision_msgs/include/edgevision_msgs/edgevision_msgs/msg/detail/detection__type_support.hpp
[0.560s] -- Up-to-date symlink: /home/tarun/surveillance_bot/ros2/ws/install/edgevision_msgs/include/edgevision_msgs/edgevision_msgs/msg/detail/detection_array__builder.hpp
[0.561s] -- Up-to-date symlink: /home/tarun/surveillance_bot/ros2/ws/install/edgevision_msgs/include/edgevision_msgs/edgevision_msgs/msg/detail/detection_array__struct.hpp
[0.561s] -- Up-to-date symlink: /home/tarun/surveillance_bot/ros2/ws/install/edgevision_msgs/include/edgevision_msgs/edgevision_msgs/msg/detail/detection_array__traits.hpp
[0.561s] -- Up-to-date symlink: /home/tarun/surveillance_bot/ros2/ws/install/edgevision_msgs/include/edgevision_msgs/edgevision_msgs/msg/detail/detection_array__type_support.hpp
[0.561s] -- Up-to-date symlink: /home/tarun/surveillance_bot/ros2/ws/install/edgevision_msgs/include/edgevision_msgs/edgevision_msgs/msg/detail/face_detection__builder.hpp
[0.562s] -- Up-to-date symlink: /home/tarun/surveillance_bot/ros2/ws/install/edgevision_msgs/include/edgevision_msgs/edgevision_msgs/msg/detail/face_detection__struct.hpp
[0.562s] -- Up-to-date symlink: /home/tarun/surveillance_bot/ros2/ws/install/edgevision_msgs/include/edgevision_msgs/edgevision_msgs/msg/detail/face_detection__traits.hpp
[0.562s] -- Up-to-date symlink: /home/tarun/surveillance_bot/ros2/ws/install/edgevision_msgs/include/edgevision_msgs/edgevision_msgs/msg/detail/face_detection__type_support.hpp
[0.562s] -- Up-to-date symlink: /home/tarun/surveillance_bot/ros2/ws/install/edgevision_msgs/include/edgevision_msgs/edgevision_msgs/msg/detail/face_detection_array__builder.hpp
[0.563s] -- Up-to-date symlink: /home/tarun/surveillance_bot/ros2/ws/install/edgevision_msgs/include/edgevision_msgs/edgevision_msgs/msg/detail/face_detection_array__struct.hpp
[0.563s] -- Up-to-date symlink: /home/tarun/surveillance_bot/ros2/ws/install/edgevision_msgs/include/edgevision_msgs/edgevision_msgs/msg/detail/face_detection_array__traits.hpp
[0.563s] -- Up-to-date symlink: /home/tarun/surveillance_bot/ros2/ws/install/edgevision_msgs/include/edgevision_msgs/edgevision_msgs/msg/detail/face_detection_array__type_support.hpp
[0.563s] -- Up-to-date symlink: /home/tarun/surveillance_bot/ros2/ws/install/edgevision_msgs/include/edgevision_msgs/edgevision_msgs/msg/detail/tracked_detection__builder.hpp
[0.564s] -- Up-to-date symlink: /home/tarun/surveillance_bot/ros2/ws/install/edgevision_msgs/include/edgevision_msgs/edgevision_msgs/msg/detail/tracked_detection__struct.hpp
[0.564s] -- Up-to-date symlink: /home/tarun/surveillance_bot/ros2/ws/install/edgevision_msgs/include/edgevision_msgs/edgevision_msgs/msg/detail/tracked_detection__traits.hpp
[0.564s] -- Up-to-date symlink: /home/tarun/surveillance_bot/ros2/ws/install/edgevision_msgs/include/edgevision_msgs/edgevision_msgs/msg/detail/tracked_detection__type_support.hpp
[0.564s] -- Up-to-date symlink: /home/tarun/surveillance_bot/ros2/ws/install/edgevision_msgs/include/edgevision_msgs/edgevision_msgs/msg/detail/tracked_detection_array__builder.hpp
[0.565s] -- Up-to-date symlink: /home/tarun/surveillance_bot/ros2/ws/install/edgevision_msgs/include/edgevision_msgs/edgevision_msgs/msg/detail/tracked_detection_array__struct.hpp
[0.565s] -- Up-to-date symlink: /home/tarun/surveillance_bot/ros2/ws/install/edgevision_msgs/include/edgevision_msgs/edgevision_msgs/msg/detail/tracked_detection_array__traits.hpp
[0.565s] -- Up-to-date symlink: /home/tarun/surveillance_bot/ros2/ws/install/edgevision_msgs/include/edgevision_msgs/edgevision_msgs/msg/detail/tracked_detection_array__type_support.hpp
[0.565s] -- Up-to-date symlink: /home/tarun/surveillance_bot/ros2/ws/install/edgevision_msgs/include/edgevision_msgs/edgevision_msgs/msg/detection.hpp
[0.566s] -- Up-to-date symlink: /home/tarun/surveillance_bot/ros2/ws/install/edgevision_msgs/include/edgevision_msgs/edgevision_msgs/msg/detection_array.hpp
[0.566s] -- Up-to-date symlink: /home/tarun/surveillance_bot/ros2/ws/install/edgevision_msgs/include/edgevision_msgs/edgevision_msgs/msg/face_detection.hpp
[0.566s] -- Up-to-date symlink: /home/tarun/surveillance_bot/ros2/ws/install/edgevision_msgs/include/edgevision_msgs/edgevision_msgs/msg/face_detection_array.hpp
[0.566s] -- Up-to-date symlink: /home/tarun/surveillance_bot/ros2/ws/install/edgevision_msgs/include/edgevision_msgs/edgevision_msgs/msg/rosidl_generator_cpp__visibility_control.hpp
[0.567s] -- Up-to-date symlink: /home/tarun/surveillance_bot/ros2/ws/install/edgevision_msgs/include/edgevision_msgs/edgevision_msgs/msg/tracked_detection.hpp
[0.567s] -- Up-to-date symlink: /home/tarun/surveillance_bot/ros2/ws/install/edgevision_msgs/include/edgevision_msgs/edgevision_msgs/msg/tracked_detection_array.hpp
[0.567s] -- Up-to-date symlink: /home/tarun/surveillance_bot/ros2/ws/install/edgevision_msgs/include/edgevision_msgs/edgevision_msgs/msg/detail/detection__rosidl_typesupport_fastrtps_cpp.hpp
[0.567s] -- Up-to-date symlink: /home/tarun/surveillance_bot/ros2/ws/install/edgevision_msgs/include/edgevision_msgs/edgevision_msgs/msg/detail/detection_array__rosidl_typesupport_fastrtps_cpp.hpp
[0.568s] -- Up-to-date symlink: /home/tarun/surveillance_bot/ros2/ws/install/edgevision_msgs/include/edgevision_msgs/edgevision_msgs/msg/detail/face_detection__rosidl_typesupport_fastrtps_cpp.hpp
[0.568s] -- Up-to-date symlink: /home/tarun/surveillance_bot/ros2/ws/install/edgevision_msgs/include/edgevision_msgs/edgevision_msgs/msg/detail/face_detection_array__rosidl_typesupport_fastrtps_cpp.hpp
[0.568s] -- Up-to-date symlink: /home/tarun/surveillance_bot/ros2/ws/install/edgevision_msgs/include/edgevision_msgs/edgevision_msgs/msg/detail/tracked_detection__rosidl_typesupport_fastrtps_cpp.hpp
[0.568s] -- Up-to-date symlink: /home/tarun/surveillance_bot/ros2/ws/install/edgevision_msgs/include/edgevision_msgs/edgevision_msgs/msg/detail/tracked_detection_array__rosidl_typesupport_fastrtps_cpp.hpp
[0.569s] -- Up-to-date symlink: /home/tarun/surveillance_bot/ros2/ws/install/edgevision_msgs/include/edgevision_msgs/edgevision_msgs/msg/rosidl_typesupport_fastrtps_cpp__visibility_control.h
[0.569s] -- Up-to-date symlink: /home/tarun/surveillance_bot/ros2/ws/install/edgevision_msgs/include/edgevision_msgs/edgevision_msgs/msg/detail/detection__rosidl_typesupport_introspection_cpp.hpp
[0.569s] -- Up-to-date symlink: /home/tarun/surveillance_bot/ros2/ws/install/edgevision_msgs/include/edgevision_msgs/edgevision_msgs/msg/detail/detection_array__rosidl_typesupport_introspection_cpp.hpp
[0.570s] -- Up-to-date symlink: /home/tarun/surveillance_bot/ros2/ws/install/edgevision_msgs/include/edgevision_msgs/edgevision_msgs/msg/detail/face_detection__rosidl_typesupport_introspection_cpp.hpp
[0.570s] -- Up-to-date symlink: /home/tarun/surveillance_bot/ros2/ws/install/edgevision_msgs/include/edgevision_msgs/edgevision_msgs/msg/detail/face_detection_array__rosidl_typesupport_introspection_cpp.hpp
[0.570s] -- Up-to-date symlink: /home/tarun/surveillance_bot/ros2/ws/install/edgevision_msgs/include/edgevision_msgs/edgevision_msgs/msg/detail/tracked_detection__rosidl_typesupport_introspection_cpp.hpp
[0.571s] -- Up-to-date symlink: /home/tarun/surveillance_bot/ros2/ws/install/edgevision_msgs/include/edgevision_msgs/edgevision_msgs/msg/detail/tracked_detection_array__rosidl_typesupport_introspection_cpp.hpp
[0.571s] -- Up-to-date symlink: /home/tarun/surveillance_bot/ros2/ws/install/edgevision_msgs/share/edgevision_msgs/environment/pythonpath.sh
[0.571s] -- Up-to-date symlink: /home/tarun/surveillance_bot/ros2/ws/install/edgevision_msgs/share/edgevision_msgs/environment/pythonpath.dsv
[0.572s] -- Up-to-date symlink: /home/tarun/surveillance_bot/ros2/ws/install/edgevision_msgs/lib/python3.10/site-packages/edgevision_msgs-0.0.0-py3.10.egg-info/PKG-INFO
[0.572s] -- Up-to-date symlink: /home/tarun/surveillance_bot/ros2/ws/install/edgevision_msgs/lib/python3.10/site-packages/edgevision_msgs-0.0.0-py3.10.egg-info/SOURCES.txt
[0.572s] -- Up-to-date symlink: /home/tarun/surveillance_bot/ros2/ws/install/edgevision_msgs/lib/python3.10/site-packages/edgevision_msgs-0.0.0-py3.10.egg-info/dependency_links.txt
[0.573s] -- Up-to-date symlink: /home/tarun/surveillance_bot/ros2/ws/install/edgevision_msgs/lib/python3.10/site-packages/edgevision_msgs-0.0.0-py3.10.egg-info/top_level.txt
[0.573s] -- Up-to-date symlink: /home/tarun/surveillance_bot/ros2/ws/install/edgevision_msgs/lib/python3.10/site-packages/edgevision_msgs/__init__.py
[0.573s] -- Up-to-date symlink: /home/tarun/surveillance_bot/ros2/ws/install/edgevision_msgs/lib/python3.10/site-packages/edgevision_msgs/_edgevision_msgs_s.ep.rosidl_typesupport_c.c
[0.574s] -- Up-to-date symlink: /home/tarun/surveillance_bot/ros2/ws/install/edgevision_msgs/lib/python3.10/site-packages/edgevision_msgs/_edgevision_msgs_s.ep.rosidl_typesupport_fastrtps_c.c
[0.574s] -- Up-to-date symlink: /home/tarun/surveillance_bot/ros2/ws/install/edgevision_msgs/lib/python3.10/site-packages/edgevision_msgs/_edgevision_msgs_s.ep.rosidl_typesupport_introspection_c.c
[0.574s] -- Up-to-date symlink: /home/tarun/surveillance_bot/ros2/ws/install/edgevision_msgs/lib/python3.10/site-packages/edgevision_msgs/edgevision_msgs_s__rosidl_typesupport_c.cpython-310-x86_64-linux-gnu.so
[0.574s] -- Up-to-date symlink: /home/tarun/surveillance_bot/ros2/ws/install/edgevision_msgs/lib/python3.10/site-packages/edgevision_msgs/edgevision_msgs_s__rosidl_typesupport_fastrtps_c.cpython-310-x86_64-linux-gnu.so
[0.575s] -- Up-to-date symlink: /home/tarun/surveillance_bot/ros2/ws/install/edgevision_msgs/lib/python3.10/site-packages/edgevision_msgs/edgevision_msgs_s__rosidl_typesupport_introspection_c.cpython-310-x86_64-linux-gnu.so
[0.575s] -- Up-to-date symlink: /home/tarun/surveillance_bot/ros2/ws/install/edgevision_msgs/lib/python3.10/site-packages/edgevision_msgs/libedgevision_msgs__rosidl_generator_py.so
[0.575s] -- Up-to-date symlink: /home/tarun/surveillance_bot/ros2/ws/install/edgevision_msgs/lib/python3.10/site-packages/edgevision_msgs/msg/__init__.py
[0.576s] -- Up-to-date symlink: /home/tarun/surveillance_bot/ros2/ws/install/edgevision_msgs/lib/python3.10/site-packages/edgevision_msgs/msg/_detection.py
[0.576s] -- Up-to-date symlink: /home/tarun/surveillance_bot/ros2/ws/install/edgevision_msgs/lib/python3.10/site-packages/edgevision_msgs/msg/_detection_array.py
[0.576s] -- Up-to-date symlink: /home/tarun/surveillance_bot/ros2/ws/install/edgevision_msgs/lib/python3.10/site-packages/edgevision_msgs/msg/_detection_array_s.c
[0.577s] -- Up-to-date symlink: /home/tarun/surveillance_bot/ros2/ws/install/edgevision_msgs/lib/python3.10/site-packages/edgevision_msgs/msg/_detection_s.c
[0.577s] -- Up-to-date symlink: /home/tarun/surveillance_bot/ros2/ws/install/edgevision_msgs/lib/python3.10/site-packages/edgevision_msgs/msg/_face_detection.py
[0.577s] -- Up-to-date symlink: /home/tarun/surveillance_bot/ros2/ws/install/edgevision_msgs/lib/python3.10/site-packages/edgevision_msgs/msg/_face_detection_array.py
[0.577s] -- Up-to-date symlink: /home/tarun/surveillance_bot/ros2/ws/install/edgevision_msgs/lib/python3.10/site-packages/edgevision_msgs/msg/_face_detection_array_s.c
[0.578s] -- Up-to-date symlink: /home/tarun/surveillance_bot/ros2/ws/install/edgevision_msgs/lib/python3.10/site-packages/edgevision_msgs/msg/_face_detection_s.c
[0.578s] -- Up-to-date symlink: /home/tarun/surveillance_bot/ros2/ws/install/edgevision_msgs/lib/python3.10/site-packages/edgevision_msgs/msg/_tracked_detection.py
[0.578s] -- Up-to-date symlink: /home/tarun/surveillance_bot/ros2/ws/install/edgevision_msgs/lib/python3.10/site-packages/edgevision_msgs/msg/_tracked_detection_array.py
[0.578s] -- Up-to-date symlink: /home/tarun/surveillance_bot/ros2/ws/install/edgevision_msgs/lib/python3.10/site-packages/edgevision_msgs/msg/_tracked_detection_array_s.c
[0.578s] -- Up-to-date symlink: /home/tarun/surveillance_bot/ros2/ws/install/edgevision_msgs/lib/python3.10/site-packages/edgevision_msgs/msg/_tracked_detection_s.c
[0.579s] -- Up-to-date symlink: /home/tarun/surveillance_bot/ros2/ws/install/edgevision_msgs/lib/python3.10/site-packages/edgevision_msgs/edgevision_msgs_s__rosidl_typesupport_fastrtps_c.cpython-310-x86_64-linux-gnu.so
[0.579s] -- Up-to-date symlink: /home/tarun/surveillance_bot/ros2/ws/install/edgevision_msgs/lib/python3.10/site-packages/edgevision_msgs/edgevision_msgs_s__rosidl_typesupport_introspection_c.cpython-310-x86_64-linux-gnu.so
[0.579s] -- Up-to-date symlink: /home/tarun/surveillance_bot/ros2/ws/install/edgevision_msgs/lib/python3.10/site-packages/edgevision_msgs/edgevision_msgs_s__rosidl_typesupport_c.cpython-310-x86_64-linux-gnu.so
[0.579s] -- Up-to-date symlink: /home/tarun/surveillance_bot/ros2/ws/install/edgevision_msgs/share/ament_index/resource_index/rust_packages/edgevision_msgs
[0.579s] -- Up-to-date symlink: /home/tarun/surveillance_bot/ros2/ws/install/edgevision_msgs/share/edgevision_msgs/rust/Cargo.toml
[0.580s] -- Up-to-date symlink: /home/tarun/surveillance_bot/ros2/ws/install/edgevision_msgs/share/edgevision_msgs/rust/build.rs
[0.580s] -- Up-to-date symlink: /home/tarun/surveillance_bot/ros2/ws/install/edgevision_msgs/share/edgevision_msgs/rust/src/lib.rs
[0.580s] -- Up-to-date symlink: /home/tarun/surveillance_bot/ros2/ws/install/edgevision_msgs/share/edgevision_msgs/rust/src/msg.rs
[0.580s] -- Up-to-date symlink: /home/tarun/surveillance_bot/ros2/ws/install/edgevision_msgs/share/edgevision_msgs/rust/src/msg/rmw.rs
[0.580s] -- Up-to-date symlink: /home/tarun/surveillance_bot/ros2/ws/install/edgevision_msgs/share/edgevision_msgs/msg/Detection.idl
[0.580s] -- Up-to-date symlink: /home/tarun/surveillance_bot/ros2/ws/install/edgevision_msgs/share/edgevision_msgs/msg/DetectionArray.idl
[0.580s] -- Up-to-date symlink: /home/tarun/surveillance_bot/ros2/ws/install/edgevision_msgs/share/edgevision_msgs/msg/TrackedDetection.idl
[0.581s] -- Up-to-date symlink: /home/tarun/surveillance_bot/ros2/ws/install/edgevision_msgs/share/edgevision_msgs/msg/TrackedDetectionArray.idl
[0.581s] -- Up-to-date symlink: /home/tarun/surveillance_bot/ros2/ws/install/edgevision_msgs/share/edgevision_msgs/msg/FaceDetection.idl
[0.581s] -- Up-to-date symlink: /home/tarun/surveillance_bot/ros2/ws/install/edgevision_msgs/share/edgevision_msgs/msg/FaceDetectionArray.idl
[0.581s] -- Up-to-date symlink: /home/tarun/surveillance_bot/ros2/ws/install/edgevision_msgs/share/edgevision_msgs/msg/Detection.msg
[0.581s] -- Up-to-date symlink: /home/tarun/surveillance_bot/ros2/ws/install/edgevision_msgs/share/edgevision_msgs/msg/DetectionArray.msg
[0.581s] -- Up-to-date symlink: /home/tarun/surveillance_bot/ros2/ws/install/edgevision_msgs/share/edgevision_msgs/msg/TrackedDetection.msg
[0.582s] -- Up-to-date symlink: /home/tarun/surveillance_bot/ros2/ws/install/edgevision_msgs/share/edgevision_msgs/msg/TrackedDetectionArray.msg
[0.582s] -- Up-to-date symlink: /home/tarun/surveillance_bot/ros2/ws/install/edgevision_msgs/share/edgevision_msgs/msg/FaceDetection.msg
[0.582s] -- Up-to-date symlink: /home/tarun/surveillance_bot/ros2/ws/install/edgevision_msgs/share/edgevision_msgs/msg/FaceDetectionArray.msg
[0.582s] -- Up-to-date symlink: /home/tarun/surveillance_bot/ros2/ws/install/edgevision_msgs/share/ament_index/resource_index/package_run_dependencies/edgevision_msgs
[0.582s] -- Up-to-date symlink: /home/tarun/surveillance_bot/ros2/ws/install/edgevision_msgs/share/ament_index/resource_index/parent_prefix_path/edgevision_msgs
[0.582s] -- Up-to-date symlink: /home/tarun/surveillance_bot/ros2/ws/install/edgevision_msgs/share/edgevision_msgs/environment/ament_prefix_path.sh
[0.583s] -- Up-to-date symlink: /home/tarun/surveillance_bot/ros2/ws/install/edgevision_msgs/share/edgevision_msgs/environment/ament_prefix_path.dsv
[0.583s] -- Up-to-date symlink: /home/tarun/surveillance_bot/ros2/ws/install/edgevision_msgs/share/edgevision_msgs/environment/path.sh
[0.583s] -- Up-to-date symlink: /home/tarun/surveillance_bot/ros2/ws/install/edgevision_msgs/share/edgevision_msgs/environment/path.dsv
[0.583s] -- Up-to-date symlink: /home/tarun/surveillance_bot/ros2/ws/install/edgevision_msgs/share/edgevision_msgs/local_setup.bash
[0.583s] -- Up-to-date symlink: /home/tarun/surveillance_bot/ros2/ws/install/edgevision_msgs/share/edgevision_msgs/local_setup.sh
[0.583s] -- Up-to-date symlink: /home/tarun/surveillance_bot/ros2/ws/install/edgevision_msgs/share/edgevision_msgs/local_setup.zsh
[0.584s] -- Up-to-date symlink: /home/tarun/surveillance_bot/ros2/ws/install/edgevision_msgs/share/edgevision_msgs/local_setup.dsv
[0.584s] -- Symlinking: /home/tarun/surveillance_bot/ros2/ws/install/edgevision_msgs/share/edgevision_msgs/package.dsv
[0.594s] -- Up-to-date symlink: /home/tarun/surveillance_bot/ros2/ws/install/edgevision_msgs/share/ament_index/resource_index/packages/edgevision_msgs
[0.595s] -- Up-to-date symlink: /home/tarun/surveillance_bot/ros2/ws/install/edgevision_msgs/share/edgevision_msgs/cmake/rosidl_cmake-extras.cmake
[0.595s] -- Up-to-date symlink: /home/tarun/surveillance_bot/ros2/ws/install/edgevision_msgs/share/edgevision_msgs/cmake/ament_cmake_export_dependencies-extras.cmake
[0.595s] -- Up-to-date symlink: /home/tarun/surveillance_bot/ros2/ws/install/edgevision_msgs/share/edgevision_msgs/cmake/ament_cmake_export_include_directories-extras.cmake
[0.595s] -- Up-to-date symlink: /home/tarun/surveillance_bot/ros2/ws/install/edgevision_msgs/share/edgevision_msgs/cmake/ament_cmake_export_libraries-extras.cmake
[0.596s] -- Up-to-date symlink: /home/tarun/surveillance_bot/ros2/ws/install/edgevision_msgs/share/edgevision_msgs/cmake/ament_cmake_export_targets-extras.cmake
[0.596s] -- Up-to-date symlink: /home/tarun/surveillance_bot/ros2/ws/install/edgevision_msgs/share/edgevision_msgs/cmake/rosidl_cmake_export_typesupport_targets-extras.cmake
[0.596s] -- Up-to-date symlink: /home/tarun/surveillance_bot/ros2/ws/install/edgevision_msgs/share/edgevision_msgs/cmake/rosidl_cmake_export_typesupport_libraries-extras.cmake
[0.596s] -- Up-to-date symlink: /home/tarun/surveillance_bot/ros2/ws/install/edgevision_msgs/share/edgevision_msgs/cmake/rosidl_cmake_aggregate_target-extras.cmake
[0.597s] -- Up-to-date symlink: /home/tarun/surveillance_bot/ros2/ws/install/edgevision_msgs/share/edgevision_msgs/cmake/edgevision_msgsConfig.cmake
[0.597s] -- Up-to-date symlink: /home/tarun/surveillance_bot/ros2/ws/install/edgevision_msgs/share/edgevision_msgs/cmake/edgevision_msgsConfig-version.cmake
[0.597s] -- Up-to-date symlink: /home/tarun/surveillance_bot/ros2/ws/install/edgevision_msgs/share/edgevision_msgs/package.xml
[0.597s] -- Up-to-date: /home/tarun/surveillance_bot/ros2/ws/install/edgevision_msgs/lib/libedgevision_msgs__rosidl_generator_c.so
[0.597s] -- Up-to-date: /home/tarun/surveillance_bot/ros2/ws/install/edgevision_msgs/lib/libedgevision_msgs__rosidl_typesupport_fastrtps_c.so
[0.598s] -- Up-to-date: /home/tarun/surveillance_bot/ros2/ws/install/edgevision_msgs/lib/libedgevision_msgs__rosidl_typesupport_introspection_c.so
[0.598s] -- Up-to-date: /home/tarun/surveillance_bot/ros2/ws/install/edgevision_msgs/lib/libedgevision_msgs__rosidl_typesupport_c.so
[0.598s] -- Up-to-date: /home/tarun/surveillance_bot/ros2/ws/install/edgevision_msgs/lib/libedgevision_msgs__rosidl_typesupport_fastrtps_cpp.so
[0.599s] -- Up-to-date: /home/tarun/surveillance_bot/ros2/ws/install/edgevision_msgs/lib/libedgevision_msgs__rosidl_typesupport_introspection_cpp.so
[0.599s] -- Up-to-date: /home/tarun/surveillance_bot/ros2/ws/install/edgevision_msgs/lib/libedgevision_msgs__rosidl_typesupport_cpp.so
[0.648s] Listing '/home/tarun/surveillance_bot/ros2/ws/install/edgevision_msgs/lib/python3.10/site-packages/edgevision_msgs'...
[0.648s] Listing '/home/tarun/surveillance_bot/ros2/ws/install/edgevision_msgs/lib/python3.10/site-packages/edgevision_msgs/msg'...
[0.655s] -- Up-to-date: /home/tarun/surveillance_bot/ros2/ws/install/edgevision_msgs/lib/libedgevision_msgs__rosidl_generator_py.so
[0.655s] -- Up-to-date: /home/tarun/surveillance_bot/ros2/ws/install/edgevision_msgs/share/edgevision_msgs/cmake/export_edgevision_msgs__rosidl_generator_cExport.cmake
[0.655s] -- Up-to-date: /home/tarun/surveillance_bot/ros2/ws/install/edgevision_msgs/share/edgevision_msgs/cmake/export_edgevision_msgs__rosidl_generator_cExport-noconfig.cmake
[0.656s] -- Up-to-date: /home/tarun/surveillance_bot/ros2/ws/install/edgevision_msgs/share/edgevision_msgs/cmake/export_edgevision_msgs__rosidl_typesupport_fastrtps_cExport.cmake
[0.656s] -- Up-to-date: /home/tarun/surveillance_bot/ros2/ws/install/edgevision_msgs/share/edgevision_msgs/cmake/export_edgevision_msgs__rosidl_typesupport_fastrtps_cExport-noconfig.cmake
[0.657s] -- Up-to-date: /home/tarun/surveillance_bot/ros2/ws/install/edgevision_msgs/share/edgevision_msgs/cmake/edgevision_msgs__rosidl_typesupport_introspection_cExport.cmake
[0.657s] -- Up-to-date: /home/tarun/surveillance_bot/ros2/ws/install/edgevision_msgs/share/edgevision_msgs/cmake/edgevision_msgs__rosidl_typesupport_introspection_cExport-noconfig.cmake
[0.657s] -- Up-to-date: /home/tarun/surveillance_bot/ros2/ws/install/edgevision_msgs/share/edgevision_msgs/cmake/edgevision_msgs__rosidl_typesupport_cExport.cmake
[0.658s] -- Up-to-date: /home/tarun/surveillance_bot/ros2/ws/install/edgevision_msgs/share/edgevision_msgs/cmake/edgevision_msgs__rosidl_typesupport_cExport-noconfig.cmake
[0.658s] -- Up-to-date: /home/tarun/surveillance_bot/ros2/ws/install/edgevision_msgs/share/edgevision_msgs/cmake/export_edgevision_msgs__rosidl_generator_cppExport.cmake
[0.658s] -- Up-to-date: /home/tarun/surveillance_bot/ros2/ws/install/edgevision_msgs/share/edgevision_msgs/cmake/export_edgevision_msgs__rosidl_typesupport_fastrtps_cppExport.cmake
[0.658s] -- Up-to-date: /home/tarun/surveillance_bot/ros2/ws/install/edgevision_msgs/share/edgevision_msgs/cmake/export_edgevision_msgs__rosidl_typesupport_fastrtps_cppExport-noconfig.cmake
[0.658s] -- Up-to-date: /home/tarun/surveillance_bot/ros2/ws/install/edgevision_msgs/share/edgevision_msgs/cmake/edgevision_msgs__rosidl_typesupport_introspection_cppExport.cmake
[0.659s] -- Up-to-date: /home/tarun/surveillance_bot/ros2/ws/install/edgevision_msgs/share/edgevision_msgs/cmake/edgevision_msgs__rosidl_typesupport_introspection_cppExport-noconfig.cmake
[0.659s] -- Up-to-date: /home/tarun/surveillance_bot/ros2/ws/install/edgevision_msgs/share/edgevision_msgs/cmake/edgevision_msgs__rosidl_typesupport_cppExport.cmake
[0.659s] -- Up-to-date: /home/tarun/surveillance_bot/ros2/ws/install/edgevision_msgs/share/edgevision_msgs/cmake/edgevision_msgs__rosidl_typesupport_cppExport-noconfig.cmake
[0.659s] -- Up-to-date: /home/tarun/surveillance_bot/ros2/ws/install/edgevision_msgs/share/edgevision_msgs/cmake/export_edgevision_msgs__rosidl_generator_pyExport.cmake
[0.660s] -- Up-to-date: /home/tarun/surveillance_bot/ros2/ws/install/edgevision_msgs/share/edgevision_msgs/cmake/export_edgevision_msgs__rosidl_generator_pyExport-noconfig.cmake
[0.661s] Invoked command in '/home/tarun/surveillance_bot/ros2/ws/build/edgevision_msgs' returned '0': CMAKE_PREFIX_PATH=${CMAKE_PREFIX_PATH}:/home/tarun/surveillance_bot/ros2/ws/install/edgevision_ros:/opt/ros/humble VIRTUAL_ENV_PROMPT=(.venv) /usr/bin/cmake --install /home/tarun/surveillance_bot/ros2/ws/build/edgevision_msgs
