[0.313s] [34mcolcon[0m [1;30mDEBUG[0m [32mCommand line arguments: ['/usr/bin/colcon', 'build', '--symlink-instal'][0m
[0.314s] [34mcolcon[0m [1;30mDEBUG[0m [32mParsed command line arguments: Namespace(log_base=None, log_level=None, verb_name='build', build_base='build', install_base='install', merge_install=False, symlink_install=True, test_result_base=None, continue_on_error=False, executor='parallel', parallel_workers=8, event_handlers=None, ignore_user_meta=False, metas=['./colcon.meta'], base_paths=['.'], packages_ignore=None, packages_ignore_regex=None, paths=None, packages_up_to=None, packages_up_to_regex=None, packages_above=None, packages_above_and_dependencies=None, packages_above_depth=None, packages_select_by_dep=None, packages_skip_by_dep=None, packages_skip_up_to=None, packages_select_build_failed=False, packages_skip_build_finished=False, packages_select_test_failures=False, packages_skip_test_passed=False, packages_select=None, packages_skip=None, packages_select_regex=None, packages_skip_regex=None, packages_start=None, packages_end=None, allow_overriding=[], cmake_args=None, cmake_target=None, cmake_target_skip_unavailable=False, cmake_clean_cache=False, cmake_clean_first=False, cmake_force_configure=False, ament_cmake_args=None, catkin_cmake_args=None, catkin_skip_building_tests=False, mixin_files=None, mixin=None, verb_parser=<colcon_mixin.mixin.mixin_argument.MixinArgumentDecorator object at 0x7d1e1f8253c0>, verb_extension=<colcon_core.verb.build.BuildVerb object at 0x7d1e1f9aaef0>, main=<bound method BuildVerb.main of <colcon_core.verb.build.BuildVerb object at 0x7d1e1f9aaef0>>, mixin_verb=('build',))[0m
[0.768s] [34mcolcon.colcon_core.package_discovery[0m [1;30mLevel 1[0m discover_packages(colcon_meta) check parameters
[0.769s] [34mcolcon.colcon_core.package_discovery[0m [1;30mLevel 1[0m discover_packages(recursive) check parameters
[0.769s] [34mcolcon.colcon_core.package_discovery[0m [1;30mLevel 1[0m discover_packages(ignore) check parameters
[0.769s] [34mcolcon.colcon_core.package_discovery[0m [1;30mLevel 1[0m discover_packages(path) check parameters
[0.769s] [34mcolcon.colcon_core.package_discovery[0m [1;30mLevel 1[0m discover_packages(colcon_meta) discover
[0.769s] [34mcolcon.colcon_core.package_discovery[0m [1;30mLevel 1[0m discover_packages(recursive) discover
[0.769s] [34mcolcon.colcon_core.package_discovery[0m [1;30mINFO[0m Crawling recursively for packages in '/home/tarun/surveillance_bot/ros2/ws'
[0.770s] [34mcolcon.colcon_core.package_identification[0m [1;30mLevel 1[0m _identify(.) by extensions ['ignore', 'ignore_ament_install']
[0.770s] [34mcolcon.colcon_core.package_identification[0m [1;30mLevel 1[0m _identify(.) by extension 'ignore'
[0.770s] [34mcolcon.colcon_core.package_identification[0m [1;30mLevel 1[0m _identify(.) by extension 'ignore_ament_install'
[0.770s] [34mcolcon.colcon_core.package_identification[0m [1;30mLevel 1[0m _identify(.) by extensions ['colcon_pkg']
[0.770s] [34mcolcon.colcon_core.package_identification[0m [1;30mLevel 1[0m _identify(.) by extension 'colcon_pkg'
[0.770s] [34mcolcon.colcon_core.package_identification[0m [1;30mLevel 1[0m _identify(.) by extensions ['colcon_meta']
[0.770s] [34mcolcon.colcon_core.package_identification[0m [1;30mLevel 1[0m _identify(.) by extension 'colcon_meta'
[0.771s] [34mcolcon.colcon_core.package_identification[0m [1;30mLevel 1[0m _identify(.) by extensions ['ros']
[0.771s] [34mcolcon.colcon_core.package_identification[0m [1;30mLevel 1[0m _identify(.) by extension 'ros'
[0.798s] [34mcolcon.colcon_core.package_identification[0m [1;30mLevel 1[0m _identify(.) by extensions ['cmake', 'python']
[0.798s] [34mcolcon.colcon_core.package_identification[0m [1;30mLevel 1[0m _identify(.) by extension 'cmake'
[0.798s] [34mcolcon.colcon_core.package_identification[0m [1;30mLevel 1[0m _identify(.) by extension 'python'
[0.798s] [34mcolcon.colcon_core.package_identification[0m [1;30mLevel 1[0m _identify(.) by extensions ['python_setup_py']
[0.798s] [34mcolcon.colcon_core.package_identification[0m [1;30mLevel 1[0m _identify(.) by extension 'python_setup_py'
[0.799s] [34mcolcon.colcon_core.package_identification[0m [1;30mLevel 1[0m _identify(build) by extensions ['ignore', 'ignore_ament_install']
[0.799s] [34mcolcon.colcon_core.package_identification[0m [1;30mLevel 1[0m _identify(build) by extension 'ignore'
[0.799s] [34mcolcon.colcon_core.package_identification[0m [1;30mLevel 1[0m _identify(build) ignored
[0.800s] [34mcolcon.colcon_core.package_identification[0m [1;30mLevel 1[0m _identify(install) by extensions ['ignore', 'ignore_ament_install']
[0.800s] [34mcolcon.colcon_core.package_identification[0m [1;30mLevel 1[0m _identify(install) by extension 'ignore'
[0.800s] [34mcolcon.colcon_core.package_identification[0m [1;30mLevel 1[0m _identify(install) ignored
[0.800s] [34mcolcon.colcon_core.package_identification[0m [1;30mLevel 1[0m _identify(log) by extensions ['ignore', 'ignore_ament_install']
[0.801s] [34mcolcon.colcon_core.package_identification[0m [1;30mLevel 1[0m _identify(log) by extension 'ignore'
[0.801s] [34mcolcon.colcon_core.package_identification[0m [1;30mLevel 1[0m _identify(log) ignored
[0.801s] [34mcolcon.colcon_core.package_identification[0m [1;30mLevel 1[0m _identify(logs) by extensions ['ignore', 'ignore_ament_install']
[0.801s] [34mcolcon.colcon_core.package_identification[0m [1;30mLevel 1[0m _identify(logs) by extension 'ignore'
[0.801s] [34mcolcon.colcon_core.package_identification[0m [1;30mLevel 1[0m _identify(logs) by extension 'ignore_ament_install'
[0.802s] [34mcolcon.colcon_core.package_identification[0m [1;30mLevel 1[0m _identify(logs) by extensions ['colcon_pkg']
[0.802s] [34mcolcon.colcon_core.package_identification[0m [1;30mLevel 1[0m _identify(logs) by extension 'colcon_pkg'
[0.802s] [34mcolcon.colcon_core.package_identification[0m [1;30mLevel 1[0m _identify(logs) by extensions ['colcon_meta']
[0.802s] [34mcolcon.colcon_core.package_identification[0m [1;30mLevel 1[0m _identify(logs) by extension 'colcon_meta'
[0.802s] [34mcolcon.colcon_core.package_identification[0m [1;30mLevel 1[0m _identify(logs) by extensions ['ros']
[0.802s] [34mcolcon.colcon_core.package_identification[0m [1;30mLevel 1[0m _identify(logs) by extension 'ros'
[0.802s] [34mcolcon.colcon_core.package_identification[0m [1;30mLevel 1[0m _identify(logs) by extensions ['cmake', 'python']
[0.802s] [34mcolcon.colcon_core.package_identification[0m [1;30mLevel 1[0m _identify(logs) by extension 'cmake'
[0.802s] [34mcolcon.colcon_core.package_identification[0m [1;30mLevel 1[0m _identify(logs) by extension 'python'
[0.802s] [34mcolcon.colcon_core.package_identification[0m [1;30mLevel 1[0m _identify(logs) by extensions ['python_setup_py']
[0.802s] [34mcolcon.colcon_core.package_identification[0m [1;30mLevel 1[0m _identify(logs) by extension 'python_setup_py'
[0.803s] [34mcolcon.colcon_core.package_identification[0m [1;30mLevel 1[0m _identify(src) by extensions ['ignore', 'ignore_ament_install']
[0.803s] [34mcolcon.colcon_core.package_identification[0m [1;30mLevel 1[0m _identify(src) by extension 'ignore'
[0.803s] [34mcolcon.colcon_core.package_identification[0m [1;30mLevel 1[0m _identify(src) by extension 'ignore_ament_install'
[0.803s] [34mcolcon.colcon_core.package_identification[0m [1;30mLevel 1[0m _identify(src) by extensions ['colcon_pkg']
[0.803s] [34mcolcon.colcon_core.package_identification[0m [1;30mLevel 1[0m _identify(src) by extension 'colcon_pkg'
[0.803s] [34mcolcon.colcon_core.package_identification[0m [1;30mLevel 1[0m _identify(src) by extensions ['colcon_meta']
[0.803s] [34mcolcon.colcon_core.package_identification[0m [1;30mLevel 1[0m _identify(src) by extension 'colcon_meta'
[0.803s] [34mcolcon.colcon_core.package_identification[0m [1;30mLevel 1[0m _identify(src) by extensions ['ros']
[0.804s] [34mcolcon.colcon_core.package_identification[0m [1;30mLevel 1[0m _identify(src) by extension 'ros'
[0.804s] [34mcolcon.colcon_core.package_identification[0m [1;30mLevel 1[0m _identify(src) by extensions ['cmake', 'python']
[0.804s] [34mcolcon.colcon_core.package_identification[0m [1;30mLevel 1[0m _identify(src) by extension 'cmake'
[0.804s] [34mcolcon.colcon_core.package_identification[0m [1;30mLevel 1[0m _identify(src) by extension 'python'
[0.804s] [34mcolcon.colcon_core.package_identification[0m [1;30mLevel 1[0m _identify(src) by extensions ['python_setup_py']
[0.804s] [34mcolcon.colcon_core.package_identification[0m [1;30mLevel 1[0m _identify(src) by extension 'python_setup_py'
[0.804s] [34mcolcon.colcon_core.package_identification[0m [1;30mLevel 1[0m _identify(src/build) by extensions ['ignore', 'ignore_ament_install']
[0.805s] [34mcolcon.colcon_core.package_identification[0m [1;30mLevel 1[0m _identify(src/build) by extension 'ignore'
[0.805s] [34mcolcon.colcon_core.package_identification[0m [1;30mLevel 1[0m _identify(src/build) ignored
[0.805s] [34mcolcon.colcon_core.package_identification[0m [1;30mLevel 1[0m _identify(src/edgevision_msgs) by extensions ['ignore', 'ignore_ament_install']
[0.805s] [34mcolcon.colcon_core.package_identification[0m [1;30mLevel 1[0m _identify(src/edgevision_msgs) by extension 'ignore'
[0.805s] [34mcolcon.colcon_core.package_identification[0m [1;30mLevel 1[0m _identify(src/edgevision_msgs) by extension 'ignore_ament_install'
[0.805s] [34mcolcon.colcon_core.package_identification[0m [1;30mLevel 1[0m _identify(src/edgevision_msgs) by extensions ['colcon_pkg']
[0.805s] [34mcolcon.colcon_core.package_identification[0m [1;30mLevel 1[0m _identify(src/edgevision_msgs) by extension 'colcon_pkg'
[0.806s] [34mcolcon.colcon_core.package_identification[0m [1;30mLevel 1[0m _identify(src/edgevision_msgs) by extensions ['colcon_meta']
[0.806s] [34mcolcon.colcon_core.package_identification[0m [1;30mLevel 1[0m _identify(src/edgevision_msgs) by extension 'colcon_meta'
[0.806s] [34mcolcon.colcon_core.package_identification[0m [1;30mLevel 1[0m _identify(src/edgevision_msgs) by extensions ['ros']
[0.806s] [34mcolcon.colcon_core.package_identification[0m [1;30mLevel 1[0m _identify(src/edgevision_msgs) by extension 'ros'
[0.840s] [34mcolcon.colcon_core.package_identification[0m [1;30mDEBUG[0m [32mPackage 'src/edgevision_msgs' with type 'ros.ament_cmake' and name 'edgevision_msgs'[0m
[0.841s] [34mcolcon.colcon_core.package_identification[0m [1;30mLevel 1[0m _identify(src/edgevision_ros) by extensions ['ignore', 'ignore_ament_install']
[0.841s] [34mcolcon.colcon_core.package_identification[0m [1;30mLevel 1[0m _identify(src/edgevision_ros) by extension 'ignore'
[0.841s] [34mcolcon.colcon_core.package_identification[0m [1;30mLevel 1[0m _identify(src/edgevision_ros) by extension 'ignore_ament_install'
[0.841s] [34mcolcon.colcon_core.package_identification[0m [1;30mLevel 1[0m _identify(src/edgevision_ros) by extensions ['colcon_pkg']
[0.842s] [34mcolcon.colcon_core.package_identification[0m [1;30mLevel 1[0m _identify(src/edgevision_ros) by extension 'colcon_pkg'
[0.842s] [34mcolcon.colcon_core.package_identification[0m [1;30mLevel 1[0m _identify(src/edgevision_ros) by extensions ['colcon_meta']
[0.842s] [34mcolcon.colcon_core.package_identification[0m [1;30mLevel 1[0m _identify(src/edgevision_ros) by extension 'colcon_meta'
[0.842s] [34mcolcon.colcon_core.package_identification[0m [1;30mLevel 1[0m _identify(src/edgevision_ros) by extensions ['ros']
[0.842s] [34mcolcon.colcon_core.package_identification[0m [1;30mLevel 1[0m _identify(src/edgevision_ros) by extension 'ros'
[0.844s] [34mcolcon.colcon_core.package_identification[0m [1;30mDEBUG[0m [32mPackage 'src/edgevision_ros' with type 'ros.ament_python' and name 'edgevision_ros'[0m
[0.844s] [34mcolcon.colcon_core.package_identification[0m [1;30mLevel 1[0m _identify(src/install) by extensions ['ignore', 'ignore_ament_install']
[0.845s] [34mcolcon.colcon_core.package_identification[0m [1;30mLevel 1[0m _identify(src/install) by extension 'ignore'
[0.845s] [34mcolcon.colcon_core.package_identification[0m [1;30mLevel 1[0m _identify(src/install) ignored
[0.845s] [34mcolcon.colcon_core.package_identification[0m [1;30mLevel 1[0m _identify(src/log) by extensions ['ignore', 'ignore_ament_install']
[0.845s] [34mcolcon.colcon_core.package_identification[0m [1;30mLevel 1[0m _identify(src/log) by extension 'ignore'
[0.845s] [34mcolcon.colcon_core.package_identification[0m [1;30mLevel 1[0m _identify(src/log) ignored
[0.846s] [34mcolcon.colcon_core.package_discovery[0m [1;30mLevel 1[0m discover_packages(recursive) using defaults
[0.846s] [34mcolcon.colcon_core.package_discovery[0m [1;30mLevel 1[0m discover_packages(ignore) discover
[0.846s] [34mcolcon.colcon_core.package_discovery[0m [1;30mLevel 1[0m discover_packages(ignore) using defaults
[0.846s] [34mcolcon.colcon_core.package_discovery[0m [1;30mLevel 1[0m discover_packages(path) discover
[0.846s] [34mcolcon.colcon_core.package_discovery[0m [1;30mLevel 1[0m discover_packages(path) using defaults
[0.879s] [34mcolcon.colcon_core.package_discovery[0m [1;30mLevel 1[0m discover_packages(prefix_path) check parameters
[0.879s] [34mcolcon.colcon_core.package_discovery[0m [1;30mLevel 1[0m discover_packages(prefix_path) discover
[0.882s] [34mcolcon.colcon_installed_package_information.package_discovery[0m [1;30mDEBUG[0m [32mFound 2 installed packages in /home/tarun/surveillance_bot/ros2/ws/install[0m
[0.885s] [34mcolcon.colcon_installed_package_information.package_discovery[0m [1;30mDEBUG[0m [32mFound 273 installed packages in /opt/ros/humble[0m
[0.888s] [34mcolcon.colcon_core.package_discovery[0m [1;30mLevel 1[0m discover_packages(prefix_path) using defaults
[0.957s] [34mcolcon.colcon_core.verb[0m [1;30mLevel 5[0m set package 'edgevision_msgs' build argument 'cmake_args' from command line to 'None'
[0.957s] [34mcolcon.colcon_core.verb[0m [1;30mLevel 5[0m set package 'edgevision_msgs' build argument 'cmake_target' from command line to 'None'
[0.958s] [34mcolcon.colcon_core.verb[0m [1;30mLevel 5[0m set package 'edgevision_msgs' build argument 'cmake_target_skip_unavailable' from command line to 'False'
[0.958s] [34mcolcon.colcon_core.verb[0m [1;30mLevel 5[0m set package 'edgevision_msgs' build argument 'cmake_clean_cache' from command line to 'False'
[0.958s] [34mcolcon.colcon_core.verb[0m [1;30mLevel 5[0m set package 'edgevision_msgs' build argument 'cmake_clean_first' from command line to 'False'
[0.958s] [34mcolcon.colcon_core.verb[0m [1;30mLevel 5[0m set package 'edgevision_msgs' build argument 'cmake_force_configure' from command line to 'False'
[0.958s] [34mcolcon.colcon_core.verb[0m [1;30mLevel 5[0m set package 'edgevision_msgs' build argument 'ament_cmake_args' from command line to 'None'
[0.958s] [34mcolcon.colcon_core.verb[0m [1;30mLevel 5[0m set package 'edgevision_msgs' build argument 'catkin_cmake_args' from command line to 'None'
[0.958s] [34mcolcon.colcon_core.verb[0m [1;30mLevel 5[0m set package 'edgevision_msgs' build argument 'catkin_skip_building_tests' from command line to 'False'
[0.958s] [34mcolcon.colcon_core.verb[0m [1;30mDEBUG[0m [32mBuilding package 'edgevision_msgs' with the following arguments: {'ament_cmake_args': None, 'build_base': '/home/tarun/surveillance_bot/ros2/ws/build/edgevision_msgs', 'catkin_cmake_args': None, 'catkin_skip_building_tests': False, 'cmake_args': None, 'cmake_clean_cache': False, 'cmake_clean_first': False, 'cmake_force_configure': False, 'cmake_target': None, 'cmake_target_skip_unavailable': False, 'install_base': '/home/tarun/surveillance_bot/ros2/ws/install/edgevision_msgs', 'merge_install': False, 'path': '/home/tarun/surveillance_bot/ros2/ws/src/edgevision_msgs', 'symlink_install': True, 'test_result_base': None}[0m
[0.959s] [34mcolcon.colcon_core.verb[0m [1;30mLevel 5[0m set package 'edgevision_ros' build argument 'cmake_args' from command line to 'None'
[0.959s] [34mcolcon.colcon_core.verb[0m [1;30mLevel 5[0m set package 'edgevision_ros' build argument 'cmake_target' from command line to 'None'
[0.959s] [34mcolcon.colcon_core.verb[0m [1;30mLevel 5[0m set package 'edgevision_ros' build argument 'cmake_target_skip_unavailable' from command line to 'False'
[0.959s] [34mcolcon.colcon_core.verb[0m [1;30mLevel 5[0m set package 'edgevision_ros' build argument 'cmake_clean_cache' from command line to 'False'
[0.959s] [34mcolcon.colcon_core.verb[0m [1;30mLevel 5[0m set package 'edgevision_ros' build argument 'cmake_clean_first' from command line to 'False'
[0.959s] [34mcolcon.colcon_core.verb[0m [1;30mLevel 5[0m set package 'edgevision_ros' build argument 'cmake_force_configure' from command line to 'False'
[0.959s] [34mcolcon.colcon_core.verb[0m [1;30mLevel 5[0m set package 'edgevision_ros' build argument 'ament_cmake_args' from command line to 'None'
[0.959s] [34mcolcon.colcon_core.verb[0m [1;30mLevel 5[0m set package 'edgevision_ros' build argument 'catkin_cmake_args' from command line to 'None'
[0.960s] [34mcolcon.colcon_core.verb[0m [1;30mLevel 5[0m set package 'edgevision_ros' build argument 'catkin_skip_building_tests' from command line to 'False'
[0.960s] [34mcolcon.colcon_core.verb[0m [1;30mDEBUG[0m [32mBuilding package 'edgevision_ros' with the following arguments: {'ament_cmake_args': None, 'build_base': '/home/tarun/surveillance_bot/ros2/ws/build/edgevision_ros', 'catkin_cmake_args': None, 'catkin_skip_building_tests': False, 'cmake_args': None, 'cmake_clean_cache': False, 'cmake_clean_first': False, 'cmake_force_configure': False, 'cmake_target': None, 'cmake_target_skip_unavailable': False, 'install_base': '/home/tarun/surveillance_bot/ros2/ws/install/edgevision_ros', 'merge_install': False, 'path': '/home/tarun/surveillance_bot/ros2/ws/src/edgevision_ros', 'symlink_install': True, 'test_result_base': None}[0m
[0.960s] [34mcolcon.colcon_core.executor[0m [1;30mINFO[0m Executing jobs using 'parallel' executor
[0.962s] [34mcolcon.colcon_parallel_executor.executor.parallel[0m [1;30mDEBUG[0m [32mrun_until_complete[0m
[0.963s] [34mcolcon.colcon_ros.task.ament_cmake.build[0m [1;30mINFO[0m Building ROS package in '/home/tarun/surveillance_bot/ros2/ws/src/edgevision_msgs' with build type 'ament_cmake'
[0.963s] [34mcolcon.colcon_cmake.task.cmake.build[0m [1;30mINFO[0m Building CMake package in '/home/tarun/surveillance_bot/ros2/ws/src/edgevision_msgs'
[0.967s] [34mcolcon.colcon_core.plugin_system[0m [1;30mINFO[0m Skipping extension 'colcon_core.shell.bat': Not used on non-Windows systems
[0.967s] [34mcolcon.colcon_core.shell[0m [1;30mINFO[0m Skip shell extension 'powershell' for command environment: Not usable outside of PowerShell
[0.968s] [34mcolcon.colcon_core.shell[0m [1;30mDEBUG[0m [32mSkip shell extension 'dsv' for command environment[0m
[0.989s] [34mcolcon.colcon_core.event_handler.log_command[0m [1;30mDEBUG[0m [32mInvoking command in '/home/tarun/surveillance_bot/ros2/ws/build/edgevision_msgs': CMAKE_PREFIX_PATH=${CMAKE_PREFIX_PATH}:/home/tarun/surveillance_bot/ros2/ws/install/edgevision_ros:/opt/ros/humble VIRTUAL_ENV_PROMPT=(.venv) /usr/bin/cmake --build /home/tarun/surveillance_bot/ros2/ws/build/edgevision_msgs -- -j8 -l8[0m
[1.785s] [34mcolcon.colcon_core.event_handler.log_command[0m [1;30mDEBUG[0m [32mInvoked command in '/home/tarun/surveillance_bot/ros2/ws/build/edgevision_msgs' returned '0': CMAKE_PREFIX_PATH=${CMAKE_PREFIX_PATH}:/home/tarun/surveillance_bot/ros2/ws/install/edgevision_ros:/opt/ros/humble VIRTUAL_ENV_PROMPT=(.venv) /usr/bin/cmake --build /home/tarun/surveillance_bot/ros2/ws/build/edgevision_msgs -- -j8 -l8[0m
[1.811s] [34mcolcon.colcon_core.event_handler.log_command[0m [1;30mDEBUG[0m [32mInvoking command in '/home/tarun/surveillance_bot/ros2/ws/build/edgevision_msgs': CMAKE_PREFIX_PATH=${CMAKE_PREFIX_PATH}:/home/tarun/surveillance_bot/ros2/ws/install/edgevision_ros:/opt/ros/humble VIRTUAL_ENV_PROMPT=(.venv) /usr/bin/cmake --install /home/tarun/surveillance_bot/ros2/ws/build/edgevision_msgs[0m
[2.002s] [34mcolcon.colcon_core.environment[0m [1;30mLevel 1[0m create_environment_scripts_only(edgevision_msgs)
[2.004s] [34mcolcon.colcon_core.event_handler.log_command[0m [1;30mDEBUG[0m [32mInvoked command in '/home/tarun/surveillance_bot/ros2/ws/build/edgevision_msgs' returned '0': CMAKE_PREFIX_PATH=${CMAKE_PREFIX_PATH}:/home/tarun/surveillance_bot/ros2/ws/install/edgevision_ros:/opt/ros/humble VIRTUAL_ENV_PROMPT=(.venv) /usr/bin/cmake --install /home/tarun/surveillance_bot/ros2/ws/build/edgevision_msgs[0m
[2.008s] [34mcolcon.colcon_core.environment[0m [1;30mLevel 1[0m checking '/home/tarun/surveillance_bot/ros2/ws/install/edgevision_msgs' for CMake module files
[2.010s] [34mcolcon.colcon_core.environment[0m [1;30mLevel 1[0m checking '/home/tarun/surveillance_bot/ros2/ws/install/edgevision_msgs' for CMake config files
[2.012s] [34mcolcon.colcon_core.shell[0m [1;30mLevel 1[0m create_environment_hook('edgevision_msgs', 'cmake_prefix_path')
[2.013s] [34mcolcon.colcon_core.shell[0m [1;30mINFO[0m Creating environment hook '/home/tarun/surveillance_bot/ros2/ws/install/edgevision_msgs/share/edgevision_msgs/hook/cmake_prefix_path.ps1'
[2.015s] [34mcolcon.colcon_core.shell[0m [1;30mINFO[0m Creating environment descriptor '/home/tarun/surveillance_bot/ros2/ws/install/edgevision_msgs/share/edgevision_msgs/hook/cmake_prefix_path.dsv'
[2.016s] [34mcolcon.colcon_core.shell[0m [1;30mINFO[0m Creating environment hook '/home/tarun/surveillance_bot/ros2/ws/install/edgevision_msgs/share/edgevision_msgs/hook/cmake_prefix_path.sh'
[2.018s] [34mcolcon.colcon_core.environment[0m [1;30mLevel 1[0m checking '/home/tarun/surveillance_bot/ros2/ws/install/edgevision_msgs/lib'
[2.018s] [34mcolcon.colcon_core.shell[0m [1;30mLevel 1[0m create_environment_hook('edgevision_msgs', 'ld_library_path_lib')
[2.018s] [34mcolcon.colcon_core.shell[0m [1;30mINFO[0m Creating environment hook '/home/tarun/surveillance_bot/ros2/ws/install/edgevision_msgs/share/edgevision_msgs/hook/ld_library_path_lib.ps1'
[2.019s] [34mcolcon.colcon_core.shell[0m [1;30mINFO[0m Creating environment descriptor '/home/tarun/surveillance_bot/ros2/ws/install/edgevision_msgs/share/edgevision_msgs/hook/ld_library_path_lib.dsv'
[2.020s] [34mcolcon.colcon_core.shell[0m [1;30mINFO[0m Creating environment hook '/home/tarun/surveillance_bot/ros2/ws/install/edgevision_msgs/share/edgevision_msgs/hook/ld_library_path_lib.sh'
[2.022s] [34mcolcon.colcon_core.environment[0m [1;30mLevel 1[0m checking '/home/tarun/surveillance_bot/ros2/ws/install/edgevision_msgs/bin'
[2.022s] [34mcolcon.colcon_core.environment[0m [1;30mLevel 1[0m checking '/home/tarun/surveillance_bot/ros2/ws/install/edgevision_msgs/lib/pkgconfig/edgevision_msgs.pc'
[2.023s] [34mcolcon.colcon_core.environment[0m [1;30mLevel 1[0m checking '/home/tarun/surveillance_bot/ros2/ws/install/edgevision_msgs/lib/python3.10/site-packages'
[2.023s] [34mcolcon.colcon_core.shell[0m [1;30mLevel 1[0m create_environment_hook('edgevision_msgs', 'pythonpath')
[2.024s] [34mcolcon.colcon_core.shell[0m [1;30mINFO[0m Creating environment hook '/home/tarun/surveillance_bot/ros2/ws/install/edgevision_msgs/share/edgevision_msgs/hook/pythonpath.ps1'
[2.025s] [34mcolcon.colcon_core.shell[0m [1;30mINFO[0m Creating environment descriptor '/home/tarun/surveillance_bot/ros2/ws/install/edgevision_msgs/share/edgevision_msgs/hook/pythonpath.dsv'
[2.026s] [34mcolcon.colcon_core.shell[0m [1;30mINFO[0m Creating environment hook '/home/tarun/surveillance_bot/ros2/ws/install/edgevision_msgs/share/edgevision_msgs/hook/pythonpath.sh'
[2.029s] [34mcolcon.colcon_core.environment[0m [1;30mLevel 1[0m checking '/home/tarun/surveillance_bot/ros2/ws/install/edgevision_msgs/bin'
[2.030s] [34mcolcon.colcon_core.shell[0m [1;30mINFO[0m Creating package script '/home/tarun/surveillance_bot/ros2/ws/install/edgevision_msgs/share/edgevision_msgs/package.ps1'
[2.035s] [34mcolcon.colcon_core.shell[0m [1;30mINFO[0m Creating package descriptor '/home/tarun/surveillance_bot/ros2/ws/install/edgevision_msgs/share/edgevision_msgs/package.dsv'
[2.037s] [34mcolcon.colcon_core.shell[0m [1;30mINFO[0m Creating package script '/home/tarun/surveillance_bot/ros2/ws/install/edgevision_msgs/share/edgevision_msgs/package.sh'
[2.040s] [34mcolcon.colcon_core.shell[0m [1;30mINFO[0m Creating package script '/home/tarun/surveillance_bot/ros2/ws/install/edgevision_msgs/share/edgevision_msgs/package.bash'
[2.042s] [34mcolcon.colcon_core.shell[0m [1;30mINFO[0m Creating package script '/home/tarun/surveillance_bot/ros2/ws/install/edgevision_msgs/share/edgevision_msgs/package.zsh'
[2.045s] [34mcolcon.colcon_core.environment[0m [1;30mLevel 1[0m create_file_with_runtime_dependencies(/home/tarun/surveillance_bot/ros2/ws/install/edgevision_msgs/share/colcon-core/packages/edgevision_msgs)
[2.048s] [34mcolcon.colcon_core.environment[0m [1;30mLevel 1[0m create_environment_scripts_only(edgevision_msgs)
[2.049s] [34mcolcon.colcon_core.environment[0m [1;30mLevel 1[0m checking '/home/tarun/surveillance_bot/ros2/ws/install/edgevision_msgs' for CMake module files
[2.050s] [34mcolcon.colcon_core.environment[0m [1;30mLevel 1[0m checking '/home/tarun/surveillance_bot/ros2/ws/install/edgevision_msgs' for CMake config files
[2.052s] [34mcolcon.colcon_core.shell[0m [1;30mLevel 1[0m create_environment_hook('edgevision_msgs', 'cmake_prefix_path')
[2.053s] [34mcolcon.colcon_core.shell[0m [1;30mINFO[0m Creating environment hook '/home/tarun/surveillance_bot/ros2/ws/install/edgevision_msgs/share/edgevision_msgs/hook/cmake_prefix_path.ps1'
[2.054s] [34mcolcon.colcon_core.shell[0m [1;30mINFO[0m Creating environment descriptor '/home/tarun/surveillance_bot/ros2/ws/install/edgevision_msgs/share/edgevision_msgs/hook/cmake_prefix_path.dsv'
[2.054s] [34mcolcon.colcon_core.shell[0m [1;30mINFO[0m Creating environment hook '/home/tarun/surveillance_bot/ros2/ws/install/edgevision_msgs/share/edgevision_msgs/hook/cmake_prefix_path.sh'
[2.055s] [34mcolcon.colcon_core.environment[0m [1;30mLevel 1[0m checking '/home/tarun/surveillance_bot/ros2/ws/install/edgevision_msgs/lib'
[2.055s] [34mcolcon.colcon_core.shell[0m [1;30mLevel 1[0m create_environment_hook('edgevision_msgs', 'ld_library_path_lib')
[2.056s] [34mcolcon.colcon_core.shell[0m [1;30mINFO[0m Creating environment hook '/home/tarun/surveillance_bot/ros2/ws/install/edgevision_msgs/share/edgevision_msgs/hook/ld_library_path_lib.ps1'
[2.057s] [34mcolcon.colcon_core.shell[0m [1;30mINFO[0m Creating environment descriptor '/home/tarun/surveillance_bot/ros2/ws/install/edgevision_msgs/share/edgevision_msgs/hook/ld_library_path_lib.dsv'
[2.057s] [34mcolcon.colcon_core.shell[0m [1;30mINFO[0m Creating environment hook '/home/tarun/surveillance_bot/ros2/ws/install/edgevision_msgs/share/edgevision_msgs/hook/ld_library_path_lib.sh'
[2.058s] [34mcolcon.colcon_core.environment[0m [1;30mLevel 1[0m checking '/home/tarun/surveillance_bot/ros2/ws/install/edgevision_msgs/bin'
[2.058s] [34mcolcon.colcon_core.environment[0m [1;30mLevel 1[0m checking '/home/tarun/surveillance_bot/ros2/ws/install/edgevision_msgs/lib/pkgconfig/edgevision_msgs.pc'
[2.059s] [34mcolcon.colcon_core.environment[0m [1;30mLevel 1[0m checking '/home/tarun/surveillance_bot/ros2/ws/install/edgevision_msgs/lib/python3.10/site-packages'
[2.059s] [34mcolcon.colcon_core.shell[0m [1;30mLevel 1[0m create_environment_hook('edgevision_msgs', 'pythonpath')
[2.059s] [34mcolcon.colcon_core.shell[0m [1;30mINFO[0m Creating environment hook '/home/tarun/surveillance_bot/ros2/ws/install/edgevision_msgs/share/edgevision_msgs/hook/pythonpath.ps1'
[2.061s] [34mcolcon.colcon_core.shell[0m [1;30mINFO[0m Creating environment descriptor '/home/tarun/surveillance_bot/ros2/ws/install/edgevision_msgs/share/edgevision_msgs/hook/pythonpath.dsv'
[2.061s] [34mcolcon.colcon_core.shell[0m [1;30mINFO[0m Creating environment hook '/home/tarun/surveillance_bot/ros2/ws/install/edgevision_msgs/share/edgevision_msgs/hook/pythonpath.sh'
[2.063s] [34mcolcon.colcon_core.environment[0m [1;30mLevel 1[0m checking '/home/tarun/surveillance_bot/ros2/ws/install/edgevision_msgs/bin'
[2.063s] [34mcolcon.colcon_core.shell[0m [1;30mINFO[0m Creating package script '/home/tarun/surveillance_bot/ros2/ws/install/edgevision_msgs/share/edgevision_msgs/package.ps1'
[2.065s] [34mcolcon.colcon_core.shell[0m [1;30mINFO[0m Creating package descriptor '/home/tarun/surveillance_bot/ros2/ws/install/edgevision_msgs/share/edgevision_msgs/package.dsv'
[2.066s] [34mcolcon.colcon_core.shell[0m [1;30mINFO[0m Creating package script '/home/tarun/surveillance_bot/ros2/ws/install/edgevision_msgs/share/edgevision_msgs/package.sh'
[2.067s] [34mcolcon.colcon_core.shell[0m [1;30mINFO[0m Creating package script '/home/tarun/surveillance_bot/ros2/ws/install/edgevision_msgs/share/edgevision_msgs/package.bash'
[2.068s] [34mcolcon.colcon_core.shell[0m [1;30mINFO[0m Creating package script '/home/tarun/surveillance_bot/ros2/ws/install/edgevision_msgs/share/edgevision_msgs/package.zsh'
[2.069s] [34mcolcon.colcon_core.environment[0m [1;30mLevel 1[0m create_file_with_runtime_dependencies(/home/tarun/surveillance_bot/ros2/ws/install/edgevision_msgs/share/colcon-core/packages/edgevision_msgs)
[2.070s] [34mcolcon.colcon_ros.task.ament_python.build[0m [1;30mINFO[0m Building ROS package in '/home/tarun/surveillance_bot/ros2/ws/src/edgevision_ros' with build type 'ament_python'
[2.070s] [34mcolcon.colcon_core.shell[0m [1;30mLevel 1[0m create_environment_hook('edgevision_ros', 'ament_prefix_path')
[2.071s] [34mcolcon.colcon_core.shell[0m [1;30mINFO[0m Creating environment hook '/home/tarun/surveillance_bot/ros2/ws/install/edgevision_ros/share/edgevision_ros/hook/ament_prefix_path.ps1'
[2.072s] [34mcolcon.colcon_core.shell[0m [1;30mINFO[0m Creating environment descriptor '/home/tarun/surveillance_bot/ros2/ws/install/edgevision_ros/share/edgevision_ros/hook/ament_prefix_path.dsv'
[2.073s] [34mcolcon.colcon_core.shell[0m [1;30mINFO[0m Creating environment hook '/home/tarun/surveillance_bot/ros2/ws/install/edgevision_ros/share/edgevision_ros/hook/ament_prefix_path.sh'
[2.076s] [34mcolcon.colcon_core.shell[0m [1;30mINFO[0m Skip shell extension 'powershell' for command environment: Not usable outside of PowerShell
[2.076s] [34mcolcon.colcon_core.shell[0m [1;30mDEBUG[0m [32mSkip shell extension 'dsv' for command environment[0m
[2.648s] [34mcolcon.colcon_core.task.python.build[0m [1;30mINFO[0m Building Python package in '/home/tarun/surveillance_bot/ros2/ws/src/edgevision_ros'
[2.649s] [34mcolcon.colcon_core.shell[0m [1;30mINFO[0m Skip shell extension 'powershell' for command environment: Not usable outside of PowerShell
[2.649s] [34mcolcon.colcon_core.shell[0m [1;30mDEBUG[0m [32mSkip shell extension 'dsv' for command environment[0m
[3.362s] [34mcolcon.colcon_core.task.python.build[0m [1;30mDEBUG[0m [32mAvailable setuptools commands: dist_info, install_scripts, check, symlink_data, install, bdist, bdist_dumb, rotate, bdist_wheel, bdist_rpm, alias, bdist_egg, upload_docs, build_ext, build, install_data, install_egg_info, easy_install, sdist, build_scripts, install_lib, build_py, clean, test, install_headers, egg_info, saveopts, upload, develop, setopt, build_clib, register[0m
[3.959s] [34mcolcon.colcon_core.task.python.build[0m [1;30mDEBUG[0m [32mAvailable setuptools 'develop' options: --dry-run, --optimize, --index-url, --upgrade, --site-dirs, --prefix, --install-layout, --force-installation-into-system-dir, --find-links, --always-unzip, --exclude-scripts, --help, --quiet, --install-dir, --no-find-links, --editable, --record, --no-deps, --allow-hosts, --no-user-cfg, --version, --always-copy, --zip-ok, --user, --verbose, --uninstall, --egg-path, --build-directory, --multi-version, --script-dir, --local-snapshots-ok[0m
[3.965s] [34mcolcon.colcon_core.event_handler.log_command[0m [1;30mDEBUG[0m [32mInvoking command in '/home/tarun/surveillance_bot/ros2/ws/build/edgevision_ros': PYTHONPATH=/home/tarun/surveillance_bot/ros2/ws/build/edgevision_ros/prefix_override:/usr/lib/python3/dist-packages/colcon_core/task/python/colcon_distutils_commands:/home/tarun/surveillance_bot/ros2/ws/install/edgevision_ros/lib/python3.10/site-packages:/home/tarun/surveillance_bot/ros2/ws/install/edgevision_msgs/lib/python3.10/site-packages:/home/tarun/surveillance_bot/ros2/ws/build/edgevision_ros:/home/tarun/surveillance_bot/ros2/ws/install/edgevision_ros/lib/python3.10/site-packages:/opt/ros/humble/lib/python3.10/site-packages:/opt/ros/humble/local/lib/python3.10/dist-packages:/home/tarun/surveillance_bot:/home/tarun/surveillance_bot VIRTUAL_ENV_PROMPT=(.venv) /usr/bin/python3 -W ignore:setup.py install is deprecated -W ignore:easy_install command is deprecated setup.py develop --editable --build-directory /home/tarun/surveillance_bot/ros2/ws/build/edgevision_ros/build --no-deps symlink_data[0m
[5.072s] [34mcolcon.colcon_core.shell[0m [1;30mLevel 1[0m create_environment_hook('edgevision_ros', 'pythonpath_develop')
[5.074s] [34mcolcon.colcon_core.shell[0m [1;30mINFO[0m Creating environment hook '/home/tarun/surveillance_bot/ros2/ws/build/edgevision_ros/share/edgevision_ros/hook/pythonpath_develop.ps1'
[5.075s] [34mcolcon.colcon_core.event_handler.log_command[0m [1;30mDEBUG[0m [32mInvoked command in '/home/tarun/surveillance_bot/ros2/ws/build/edgevision_ros' returned '0': PYTHONPATH=/home/tarun/surveillance_bot/ros2/ws/build/edgevision_ros/prefix_override:/usr/lib/python3/dist-packages/colcon_core/task/python/colcon_distutils_commands:/home/tarun/surveillance_bot/ros2/ws/install/edgevision_ros/lib/python3.10/site-packages:/home/tarun/surveillance_bot/ros2/ws/install/edgevision_msgs/lib/python3.10/site-packages:/home/tarun/surveillance_bot/ros2/ws/build/edgevision_ros:/home/tarun/surveillance_bot/ros2/ws/install/edgevision_ros/lib/python3.10/site-packages:/opt/ros/humble/lib/python3.10/site-packages:/opt/ros/humble/local/lib/python3.10/dist-packages:/home/tarun/surveillance_bot:/home/tarun/surveillance_bot VIRTUAL_ENV_PROMPT=(.venv) /usr/bin/python3 -W ignore:setup.py install is deprecated -W ignore:easy_install command is deprecated setup.py develop --editable --build-directory /home/tarun/surveillance_bot/ros2/ws/build/edgevision_ros/build --no-deps symlink_data[0m
[5.076s] [34mcolcon.colcon_core.shell[0m [1;30mINFO[0m Creating environment descriptor '/home/tarun/surveillance_bot/ros2/ws/build/edgevision_ros/share/edgevision_ros/hook/pythonpath_develop.dsv'
[5.077s] [34mcolcon.colcon_core.shell[0m [1;30mINFO[0m Creating environment hook '/home/tarun/surveillance_bot/ros2/ws/build/edgevision_ros/share/edgevision_ros/hook/pythonpath_develop.sh'
[5.079s] [34mcolcon.colcon_core.environment[0m [1;30mLevel 1[0m checking '/home/tarun/surveillance_bot/ros2/ws/install/edgevision_ros' for CMake module files
[5.081s] [34mcolcon.colcon_core.environment[0m [1;30mLevel 1[0m checking '/home/tarun/surveillance_bot/ros2/ws/install/edgevision_ros' for CMake config files
[5.083s] [34mcolcon.colcon_core.environment[0m [1;30mLevel 1[0m checking '/home/tarun/surveillance_bot/ros2/ws/install/edgevision_ros/lib'
[5.083s] [34mcolcon.colcon_core.environment[0m [1;30mLevel 1[0m checking '/home/tarun/surveillance_bot/ros2/ws/install/edgevision_ros/bin'
[5.083s] [34mcolcon.colcon_core.environment[0m [1;30mLevel 1[0m checking '/home/tarun/surveillance_bot/ros2/ws/install/edgevision_ros/lib/pkgconfig/edgevision_ros.pc'
[5.084s] [34mcolcon.colcon_core.environment[0m [1;30mLevel 1[0m checking '/home/tarun/surveillance_bot/ros2/ws/install/edgevision_ros/lib/python3.10/site-packages'
[5.085s] [34mcolcon.colcon_core.shell[0m [1;30mLevel 1[0m create_environment_hook('edgevision_ros', 'pythonpath')
[5.085s] [34mcolcon.colcon_core.shell[0m [1;30mINFO[0m Creating environment hook '/home/tarun/surveillance_bot/ros2/ws/install/edgevision_ros/share/edgevision_ros/hook/pythonpath.ps1'
[5.087s] [34mcolcon.colcon_core.shell[0m [1;30mINFO[0m Creating environment descriptor '/home/tarun/surveillance_bot/ros2/ws/install/edgevision_ros/share/edgevision_ros/hook/pythonpath.dsv'
[5.088s] [34mcolcon.colcon_core.shell[0m [1;30mINFO[0m Creating environment hook '/home/tarun/surveillance_bot/ros2/ws/install/edgevision_ros/share/edgevision_ros/hook/pythonpath.sh'
[5.090s] [34mcolcon.colcon_core.environment[0m [1;30mLevel 1[0m checking '/home/tarun/surveillance_bot/ros2/ws/install/edgevision_ros/bin'
[5.091s] [34mcolcon.colcon_core.environment[0m [1;30mLevel 1[0m create_environment_scripts_only(edgevision_ros)
[5.092s] [34mcolcon.colcon_core.shell[0m [1;30mINFO[0m Creating package script '/home/tarun/surveillance_bot/ros2/ws/install/edgevision_ros/share/edgevision_ros/package.ps1'
[5.093s] [34mcolcon.colcon_core.shell[0m [1;30mINFO[0m Creating package descriptor '/home/tarun/surveillance_bot/ros2/ws/install/edgevision_ros/share/edgevision_ros/package.dsv'
[5.095s] [34mcolcon.colcon_core.shell[0m [1;30mINFO[0m Creating package script '/home/tarun/surveillance_bot/ros2/ws/install/edgevision_ros/share/edgevision_ros/package.sh'
[5.096s] [34mcolcon.colcon_core.shell[0m [1;30mINFO[0m Creating package script '/home/tarun/surveillance_bot/ros2/ws/install/edgevision_ros/share/edgevision_ros/package.bash'
[5.096s] [34mcolcon.colcon_core.shell[0m [1;30mINFO[0m Creating package script '/home/tarun/surveillance_bot/ros2/ws/install/edgevision_ros/share/edgevision_ros/package.zsh'
[5.097s] [34mcolcon.colcon_core.environment[0m [1;30mLevel 1[0m create_file_with_runtime_dependencies(/home/tarun/surveillance_bot/ros2/ws/install/edgevision_ros/share/colcon-core/packages/edgevision_ros)
[5.098s] [34mcolcon.colcon_parallel_executor.executor.parallel[0m [1;30mDEBUG[0m [32mclosing loop[0m
[5.099s] [34mcolcon.colcon_parallel_executor.executor.parallel[0m [1;30mDEBUG[0m [32mloop closed[0m
[5.100s] [34mcolcon.colcon_parallel_executor.executor.parallel[0m [1;30mDEBUG[0m [32mrun_until_complete finished with '0'[0m
[5.101s] [34mcolcon.colcon_core.event_reactor[0m [1;30mDEBUG[0m [32mjoining thread[0m
[5.124s] [34mcolcon.colcon_core.plugin_system[0m [1;30mINFO[0m Skipping extension 'colcon_notification.desktop_notification.terminal_notifier': Not used on non-Darwin systems
[5.124s] [34mcolcon.colcon_core.plugin_system[0m [1;30mINFO[0m Skipping extension 'colcon_notification.desktop_notification.win32': Not used on non-Windows systems
[5.124s] [34mcolcon.colcon_notification.desktop_notification[0m [1;30mINFO[0m Sending desktop notification using 'notify2'
[5.158s] [34mcolcon.colcon_core.event_reactor[0m [1;30mDEBUG[0m [32mjoined thread[0m
[5.159s] [34mcolcon.colcon_core.shell[0m [1;30mINFO[0m Creating prefix script '/home/tarun/surveillance_bot/ros2/ws/install/local_setup.ps1'
[5.162s] [34mcolcon.colcon_core.shell[0m [1;30mINFO[0m Creating prefix util module '/home/tarun/surveillance_bot/ros2/ws/install/_local_setup_util_ps1.py'
[5.166s] [34mcolcon.colcon_core.shell[0m [1;30mINFO[0m Creating prefix chain script '/home/tarun/surveillance_bot/ros2/ws/install/setup.ps1'
[5.169s] [34mcolcon.colcon_core.shell[0m [1;30mINFO[0m Creating prefix script '/home/tarun/surveillance_bot/ros2/ws/install/local_setup.sh'
[5.171s] [34mcolcon.colcon_core.shell[0m [1;30mINFO[0m Creating prefix util module '/home/tarun/surveillance_bot/ros2/ws/install/_local_setup_util_sh.py'
[5.174s] [34mcolcon.colcon_core.shell[0m [1;30mINFO[0m Creating prefix chain script '/home/tarun/surveillance_bot/ros2/ws/install/setup.sh'
[5.177s] [34mcolcon.colcon_core.shell[0m [1;30mINFO[0m Creating prefix script '/home/tarun/surveillance_bot/ros2/ws/install/local_setup.bash'
[5.178s] [34mcolcon.colcon_core.shell[0m [1;30mINFO[0m Creating prefix chain script '/home/tarun/surveillance_bot/ros2/ws/install/setup.bash'
[5.180s] [34mcolcon.colcon_core.shell[0m [1;30mINFO[0m Creating prefix script '/home/tarun/surveillance_bot/ros2/ws/install/local_setup.zsh'
[5.181s] [34mcolcon.colcon_core.shell[0m [1;30mINFO[0m Creating prefix chain script '/home/tarun/surveillance_bot/ros2/ws/install/setup.zsh'
