[0.016s] Invoking command in '/home/tarun/surveillance_bot/ros2/ws/build/edgevision_msgs': CMAKE_PREFIX_PATH=${CMAKE_PREFIX_PATH}:/home/tarun/surveillance_bot/ros2/ws/install/edgevision_ros:/opt/ros/humble VIRTUAL_ENV_PROMPT=(.venv) /usr/bin/cmake /home/tarun/surveillance_bot/ros2/ws/src/edgevision_msgs -DAMENT_CMAKE_SYMLINK_INSTALL=1 -DCMAKE_INSTALL_PREFIX=/home/tarun/surveillance_bot/ros2/ws/install/edgevision_msgs
[0.132s] -- The C compiler identification is GNU 11.4.0
[0.294s] -- The CXX compiler identification is GNU 11.4.0
[0.320s] -- Detecting C compiler ABI info
[0.488s] -- Detecting C compiler ABI info - done
[0.512s] -- Check for working C compiler: /usr/bin/cc - skipped
[0.513s] -- Detecting C compile features
[0.514s] -- Detecting C compile features - done
[0.520s] -- Detecting CXX compiler ABI info
[0.671s] -- Detecting CXX compiler ABI info - done
[0.695s] -- Check for working CXX compiler: /usr/bin/c++ - skipped
[0.696s] -- Detecting CXX compile features
[0.697s] -- Detecting CXX compile features - done
[0.702s] -- Found ament_cmake: 1.3.14 (/opt/ros/humble/share/ament_cmake/cmake)
[1.468s] -- Found Python3: /home/tarun/surveillance_bot/.venv/bin/python3 (found version "3.10.12") found components: Interpreter 
[1.571s] -- Override CMake install command with custom implementation using symlinks instead of copying resources
[1.645s] -- Found rosidl_default_generators: 1.2.1 (/opt/ros/humble/share/rosidl_default_generators/cmake)
[1.650s] -- Using all available rosidl_typesupport_c: rosidl_typesupport_fastrtps_c;rosidl_typesupport_introspection_c
[1.661s] -- Found rosidl_adapter: 3.1.9 (/opt/ros/humble/share/rosidl_adapter/cmake)
[1.737s] -- Using all available rosidl_typesupport_cpp: rosidl_typesupport_fastrtps_cpp;rosidl_typesupport_introspection_cpp
[1.809s] -- Found std_msgs: 4.9.1 (/opt/ros/humble/share/std_msgs/cmake)
[2.624s] -- Found ament_cmake_ros: 0.10.0 (/opt/ros/humble/share/ament_cmake_ros/cmake)
[2.994s] -- Using all available rosidl_typesupport_c: rosidl_typesupport_fastrtps_c;rosidl_typesupport_introspection_c
[3.530s] -- Using all available rosidl_typesupport_cpp: rosidl_typesupport_fastrtps_cpp;rosidl_typesupport_introspection_cpp
[3.579s] -- Found PythonInterp: /home/tarun/surveillance_bot/.venv/bin/python3 (found suitable version "3.10.12", minimum required is "3.6") 
[3.583s] -- Found python_cmake_module: 0.10.0 (/opt/ros/humble/share/python_cmake_module/cmake)
[3.646s] -- Found PythonLibs: /usr/lib/x86_64-linux-gnu/libpython3.10.so (found suitable version "3.10.12", minimum required is "3.5") 
[3.646s] -- Using PYTHON_EXECUTABLE: /home/tarun/surveillance_bot/.venv/bin/python3
[3.646s] -- Using PYTHON_INCLUDE_DIRS: /usr/include/python3.10
[3.646s] -- Using PYTHON_LIBRARIES: /usr/lib/x86_64-linux-gnu/libpython3.10.so
[3.685s] -- Found PythonExtra: .so  
[3.986s] -- Configuring done
[4.059s] -- Generating done
[4.090s] -- Build files have been written to: /home/tarun/surveillance_bot/ros2/ws/build/edgevision_msgs
[4.105s] Invoked command in '/home/tarun/surveillance_bot/ros2/ws/build/edgevision_msgs' returned '0': CMAKE_PREFIX_PATH=${CMAKE_PREFIX_PATH}:/home/tarun/surveillance_bot/ros2/ws/install/edgevision_ros:/opt/ros/humble VIRTUAL_ENV_PROMPT=(.venv) /usr/bin/cmake /home/tarun/surveillance_bot/ros2/ws/src/edgevision_msgs -DAMENT_CMAKE_SYMLINK_INSTALL=1 -DCMAKE_INSTALL_PREFIX=/home/tarun/surveillance_bot/ros2/ws/install/edgevision_msgs
[4.110s] Invoking command in '/home/tarun/surveillance_bot/ros2/ws/build/edgevision_msgs': CMAKE_PREFIX_PATH=${CMAKE_PREFIX_PATH}:/home/tarun/surveillance_bot/ros2/ws/install/edgevision_ros:/opt/ros/humble VIRTUAL_ENV_PROMPT=(.venv) /usr/bin/cmake --build /home/tarun/surveillance_bot/ros2/ws/build/edgevision_msgs -- -j8 -l8
[4.196s] [  1%] [34m[1mGenerating C code for ROS interfaces[0m
[4.212s] [  2%] [34m[1mGenerating C++ code for ROS interfaces[0m
[4.215s] [  4%] [34m[1mGenerating Rust code for ROS interfaces[0m
[4.240s] [  4%] Built target ament_cmake_python_symlink_edgevision_msgs
[4.722s] running egg_info
[4.747s] creating edgevision_msgs.egg-info
[4.747s] writing edgevision_msgs.egg-info/PKG-INFO
[4.748s] writing dependency_links to edgevision_msgs.egg-info/dependency_links.txt
[4.748s] writing top-level names to edgevision_msgs.egg-info/top_level.txt
[4.749s] writing manifest file 'edgevision_msgs.egg-info/SOURCES.txt'
[4.827s] reading manifest file 'edgevision_msgs.egg-info/SOURCES.txt'
[4.831s] writing manifest file 'edgevision_msgs.egg-info/SOURCES.txt'
[4.908s] [  4%] Built target ament_cmake_python_build_edgevision_msgs_egg
[4.918s] [  4%] Built target edgevision_msgs__rs
[5.455s] [  5%] [32mBuilding C object CMakeFiles/edgevision_msgs__rosidl_generator_c.dir/rosidl_generator_c/edgevision_msgs/msg/detail/detection_array__functions.c.o[0m
[5.456s] [  6%] [32mBuilding C object CMakeFiles/edgevision_msgs__rosidl_generator_c.dir/rosidl_generator_c/edgevision_msgs/msg/detail/tracked_detection__functions.c.o[0m
[5.456s] [  8%] [32mBuilding C object CMakeFiles/edgevision_msgs__rosidl_generator_c.dir/rosidl_generator_c/edgevision_msgs/msg/detail/detection__functions.c.o[0m
[5.463s] [  9%] [32mBuilding C object CMakeFiles/edgevision_msgs__rosidl_generator_c.dir/rosidl_generator_c/edgevision_msgs/msg/detail/tracked_detection_array__functions.c.o[0m
[5.468s] [ 12%] [32mBuilding C object CMakeFiles/edgevision_msgs__rosidl_generator_c.dir/rosidl_generator_c/edgevision_msgs/msg/detail/face_detection_array__functions.c.o[0m
[5.469s] [ 12%] [32mBuilding C object CMakeFiles/edgevision_msgs__rosidl_generator_c.dir/rosidl_generator_c/edgevision_msgs/msg/detail/face_detection__functions.c.o[0m
[5.686s] [ 13%] [32m[1mLinking C shared library libedgevision_msgs__rosidl_generator_c.so[0m
[5.719s] [ 13%] Built target edgevision_msgs__cpp
[5.740s] [ 15%] [34m[1mGenerating C++ type support dispatch for ROS interfaces[0m
[5.742s] [ 16%] [34m[1mGenerating C++ introspection for ROS interfaces[0m
[5.744s] [ 18%] [34m[1mGenerating C++ type support for eProsima Fast-RTPS[0m
[5.797s] [ 18%] Built target edgevision_msgs__rosidl_generator_c
[5.828s] [ 19%] [34m[1mGenerating C introspection for ROS interfaces[0m
[5.831s] [ 20%] [34m[1mGenerating C type support dispatch for ROS interfaces[0m
[5.835s] [ 22%] [34m[1mGenerating C type support for eProsima Fast-RTPS[0m
[7.248s] [ 23%] [32mBuilding CXX object CMakeFiles/edgevision_msgs__rosidl_typesupport_c.dir/rosidl_typesupport_c/edgevision_msgs/msg/detection__type_support.cpp.o[0m
[7.265s] [ 25%] [32mBuilding CXX object CMakeFiles/edgevision_msgs__rosidl_typesupport_c.dir/rosidl_typesupport_c/edgevision_msgs/msg/detection_array__type_support.cpp.o[0m
[7.287s] [ 26%] [32mBuilding CXX object CMakeFiles/edgevision_msgs__rosidl_typesupport_c.dir/rosidl_typesupport_c/edgevision_msgs/msg/tracked_detection__type_support.cpp.o[0m
[7.309s] [ 27%] [32mBuilding CXX object CMakeFiles/edgevision_msgs__rosidl_typesupport_cpp.dir/rosidl_typesupport_cpp/edgevision_msgs/msg/detection__type_support.cpp.o[0m
[7.392s] [ 29%] [32mBuilding CXX object CMakeFiles/edgevision_msgs__rosidl_typesupport_cpp.dir/rosidl_typesupport_cpp/edgevision_msgs/msg/detection_array__type_support.cpp.o[0m
[7.424s] [ 30%] [32mBuilding CXX object CMakeFiles/edgevision_msgs__rosidl_typesupport_c.dir/rosidl_typesupport_c/edgevision_msgs/msg/tracked_detection_array__type_support.cpp.o[0m
[7.448s] [ 31%] [32mBuilding CXX object CMakeFiles/edgevision_msgs__rosidl_typesupport_cpp.dir/rosidl_typesupport_cpp/edgevision_msgs/msg/tracked_detection__type_support.cpp.o[0m
[7.536s] [ 33%] [32mBuilding CXX object CMakeFiles/edgevision_msgs__rosidl_typesupport_c.dir/rosidl_typesupport_c/edgevision_msgs/msg/face_detection__type_support.cpp.o[0m
[7.585s] [ 34%] [32mBuilding CXX object CMakeFiles/edgevision_msgs__rosidl_typesupport_introspection_cpp.dir/rosidl_typesupport_introspection_cpp/edgevision_msgs/msg/detail/detection__type_support.cpp.o[0m
[7.668s] [ 36%] [32mBuilding CXX object CMakeFiles/edgevision_msgs__rosidl_typesupport_c.dir/rosidl_typesupport_c/edgevision_msgs/msg/face_detection_array__type_support.cpp.o[0m
[7.811s] [ 37%] [32m[1mLinking CXX shared library libedgevision_msgs__rosidl_typesupport_c.so[0m
[7.982s] [ 38%] [32mBuilding CXX object CMakeFiles/edgevision_msgs__rosidl_typesupport_fastrtps_c.dir/rosidl_typesupport_fastrtps_c/edgevision_msgs/msg/detail/detection__type_support_c.cpp.o[0m
[7.998s] [ 38%] Built target edgevision_msgs__rosidl_typesupport_c
[8.040s] [ 40%] [32mBuilding CXX object CMakeFiles/edgevision_msgs__rosidl_typesupport_introspection_cpp.dir/rosidl_typesupport_introspection_cpp/edgevision_msgs/msg/detail/detection_array__type_support.cpp.o[0m
[8.095s] [ 41%] [32mBuilding C object CMakeFiles/edgevision_msgs__rosidl_typesupport_introspection_c.dir/rosidl_typesupport_introspection_c/edgevision_msgs/msg/detail/detection__type_support.c.o[0m
[8.188s] [ 43%] [32mBuilding CXX object CMakeFiles/edgevision_msgs__rosidl_typesupport_fastrtps_cpp.dir/rosidl_typesupport_fastrtps_cpp/edgevision_msgs/msg/detail/dds_fastrtps/detection__type_support.cpp.o[0m
[8.211s] [ 44%] [32mBuilding C object CMakeFiles/edgevision_msgs__rosidl_typesupport_introspection_c.dir/rosidl_typesupport_introspection_c/edgevision_msgs/msg/detail/detection_array__type_support.c.o[0m
[8.382s] [ 45%] [32mBuilding CXX object CMakeFiles/edgevision_msgs__rosidl_typesupport_introspection_cpp.dir/rosidl_typesupport_introspection_cpp/edgevision_msgs/msg/detail/tracked_detection__type_support.cpp.o[0m
[8.425s] [ 47%] [32mBuilding C object CMakeFiles/edgevision_msgs__rosidl_typesupport_introspection_c.dir/rosidl_typesupport_introspection_c/edgevision_msgs/msg/detail/tracked_detection__type_support.c.o[0m
[8.508s] [ 48%] [32mBuilding C object CMakeFiles/edgevision_msgs__rosidl_typesupport_introspection_c.dir/rosidl_typesupport_introspection_c/edgevision_msgs/msg/detail/tracked_detection_array__type_support.c.o[0m
[8.639s] [ 50%] [32mBuilding CXX object CMakeFiles/edgevision_msgs__rosidl_typesupport_fastrtps_cpp.dir/rosidl_typesupport_fastrtps_cpp/edgevision_msgs/msg/detail/dds_fastrtps/detection_array__type_support.cpp.o[0m
[8.674s] [ 51%] [32mBuilding C object CMakeFiles/edgevision_msgs__rosidl_typesupport_introspection_c.dir/rosidl_typesupport_introspection_c/edgevision_msgs/msg/detail/face_detection__type_support.c.o[0m
[8.712s] [ 52%] [32mBuilding CXX object CMakeFiles/edgevision_msgs__rosidl_typesupport_cpp.dir/rosidl_typesupport_cpp/edgevision_msgs/msg/tracked_detection_array__type_support.cpp.o[0m
[8.841s] [ 54%] [32mBuilding C object CMakeFiles/edgevision_msgs__rosidl_typesupport_introspection_c.dir/rosidl_typesupport_introspection_c/edgevision_msgs/msg/detail/face_detection_array__type_support.c.o[0m
[9.095s] [ 55%] [32m[1mLinking C shared library libedgevision_msgs__rosidl_typesupport_introspection_c.so[0m
[9.343s] [ 55%] Built target edgevision_msgs__rosidl_typesupport_introspection_c
[9.379s] [ 56%] [32mBuilding CXX object CMakeFiles/edgevision_msgs__rosidl_typesupport_fastrtps_c.dir/rosidl_typesupport_fastrtps_c/edgevision_msgs/msg/detail/detection_array__type_support_c.cpp.o[0m
[9.400s] [ 58%] [32mBuilding CXX object CMakeFiles/edgevision_msgs__rosidl_typesupport_fastrtps_c.dir/rosidl_typesupport_fastrtps_c/edgevision_msgs/msg/detail/tracked_detection__type_support_c.cpp.o[0m
[9.406s] [ 59%] [32mBuilding CXX object CMakeFiles/edgevision_msgs__rosidl_typesupport_introspection_cpp.dir/rosidl_typesupport_introspection_cpp/edgevision_msgs/msg/detail/tracked_detection_array__type_support.cpp.o[0m
[9.463s] [ 61%] [32mBuilding CXX object CMakeFiles/edgevision_msgs__rosidl_typesupport_fastrtps_cpp.dir/rosidl_typesupport_fastrtps_cpp/edgevision_msgs/msg/detail/dds_fastrtps/tracked_detection__type_support.cpp.o[0m
[10.006s] [ 62%] [32mBuilding CXX object CMakeFiles/edgevision_msgs__rosidl_typesupport_fastrtps_c.dir/rosidl_typesupport_fastrtps_c/edgevision_msgs/msg/detail/tracked_detection_array__type_support_c.cpp.o[0m
[10.069s] [ 63%] [32mBuilding CXX object CMakeFiles/edgevision_msgs__rosidl_typesupport_cpp.dir/rosidl_typesupport_cpp/edgevision_msgs/msg/face_detection__type_support.cpp.o[0m
[10.124s] [ 65%] [32mBuilding CXX object CMakeFiles/edgevision_msgs__rosidl_typesupport_cpp.dir/rosidl_typesupport_cpp/edgevision_msgs/msg/face_detection_array__type_support.cpp.o[0m
[10.491s] [ 66%] [32mBuilding CXX object CMakeFiles/edgevision_msgs__rosidl_typesupport_fastrtps_c.dir/rosidl_typesupport_fastrtps_c/edgevision_msgs/msg/detail/face_detection__type_support_c.cpp.o[0m
[10.535s] [ 68%] [32mBuilding CXX object CMakeFiles/edgevision_msgs__rosidl_typesupport_introspection_cpp.dir/rosidl_typesupport_introspection_cpp/edgevision_msgs/msg/detail/face_detection__type_support.cpp.o[0m
[10.660s] [ 69%] [32mBuilding CXX object CMakeFiles/edgevision_msgs__rosidl_typesupport_fastrtps_cpp.dir/rosidl_typesupport_fastrtps_cpp/edgevision_msgs/msg/detail/dds_fastrtps/tracked_detection_array__type_support.cpp.o[0m
[11.040s] [ 70%] [32mBuilding CXX object CMakeFiles/edgevision_msgs__rosidl_typesupport_introspection_cpp.dir/rosidl_typesupport_introspection_cpp/edgevision_msgs/msg/detail/face_detection_array__type_support.cpp.o[0m
[11.073s] [ 72%] [32mBuilding CXX object CMakeFiles/edgevision_msgs__rosidl_typesupport_fastrtps_c.dir/rosidl_typesupport_fastrtps_c/edgevision_msgs/msg/detail/face_detection_array__type_support_c.cpp.o[0m
[11.089s] [ 73%] [32m[1mLinking CXX shared library libedgevision_msgs__rosidl_typesupport_cpp.so[0m
[11.162s] [ 75%] [32mBuilding CXX object CMakeFiles/edgevision_msgs__rosidl_typesupport_fastrtps_cpp.dir/rosidl_typesupport_fastrtps_cpp/edgevision_msgs/msg/detail/dds_fastrtps/face_detection__type_support.cpp.o[0m
[11.190s] [ 76%] [32mBuilding CXX object CMakeFiles/edgevision_msgs__rosidl_typesupport_fastrtps_cpp.dir/rosidl_typesupport_fastrtps_cpp/edgevision_msgs/msg/detail/dds_fastrtps/face_detection_array__type_support.cpp.o[0m
[11.285s] [ 76%] Built target edgevision_msgs__rosidl_typesupport_cpp
[12.018s] [ 77%] [32m[1mLinking CXX shared library libedgevision_msgs__rosidl_typesupport_fastrtps_c.so[0m
[12.122s] [ 79%] [32m[1mLinking CXX shared library libedgevision_msgs__rosidl_typesupport_introspection_cpp.so[0m
[12.188s] [ 79%] Built target edgevision_msgs__rosidl_typesupport_fastrtps_c
[12.233s] [ 80%] [32m[1mLinking CXX shared library libedgevision_msgs__rosidl_typesupport_fastrtps_cpp.so[0m
[12.289s] [ 80%] Built target edgevision_msgs__rosidl_typesupport_introspection_cpp
[12.367s] [ 80%] Built target edgevision_msgs__rosidl_typesupport_fastrtps_cpp
[12.406s] [ 80%] Built target edgevision_msgs
[12.439s] [ 81%] [34m[1mGenerating Python code for ROS interfaces[0m
[13.528s] [ 81%] Built target edgevision_msgs__py
[13.565s] [ 84%] [32mBuilding C object CMakeFiles/edgevision_msgs__rosidl_generator_py.dir/rosidl_generator_py/edgevision_msgs/msg/_detection_array_s.c.o[0m
[13.566s] [ 84%] [32mBuilding C object CMakeFiles/edgevision_msgs__rosidl_generator_py.dir/rosidl_generator_py/edgevision_msgs/msg/_detection_s.c.o[0m
[13.566s] [ 86%] [32mBuilding C object CMakeFiles/edgevision_msgs__rosidl_generator_py.dir/rosidl_generator_py/edgevision_msgs/msg/_tracked_detection_s.c.o[0m
[13.566s] [ 88%] [32mBuilding C object CMakeFiles/edgevision_msgs__rosidl_generator_py.dir/rosidl_generator_py/edgevision_msgs/msg/_face_detection_array_s.c.o[0m
[13.568s] [ 88%] [32mBuilding C object CMakeFiles/edgevision_msgs__rosidl_generator_py.dir/rosidl_generator_py/edgevision_msgs/msg/_tracked_detection_array_s.c.o[0m
[13.569s] [ 90%] [32mBuilding C object CMakeFiles/edgevision_msgs__rosidl_generator_py.dir/rosidl_generator_py/edgevision_msgs/msg/_face_detection_s.c.o[0m
[13.927s] [ 91%] [32m[1mLinking C shared library rosidl_generator_py/edgevision_msgs/libedgevision_msgs__rosidl_generator_py.so[0m
[14.068s] [ 91%] Built target edgevision_msgs__rosidl_generator_py
[14.129s] [ 93%] [32mBuilding C object CMakeFiles/edgevision_msgs__rosidl_typesupport_fastrtps_c__pyext.dir/rosidl_generator_py/edgevision_msgs/_edgevision_msgs_s.ep.rosidl_typesupport_fastrtps_c.c.o[0m
[14.133s] [ 94%] [32mBuilding C object CMakeFiles/edgevision_msgs__rosidl_typesupport_introspection_c__pyext.dir/rosidl_generator_py/edgevision_msgs/_edgevision_msgs_s.ep.rosidl_typesupport_introspection_c.c.o[0m
[14.144s] [ 95%] [32mBuilding C object CMakeFiles/edgevision_msgs__rosidl_typesupport_c__pyext.dir/rosidl_generator_py/edgevision_msgs/_edgevision_msgs_s.ep.rosidl_typesupport_c.c.o[0m
[14.399s] [ 97%] [32m[1mLinking C shared library rosidl_generator_py/edgevision_msgs/edgevision_msgs_s__rosidl_typesupport_introspection_c.cpython-310-x86_64-linux-gnu.so[0m
[14.410s] [ 98%] [32m[1mLinking C shared library rosidl_generator_py/edgevision_msgs/edgevision_msgs_s__rosidl_typesupport_fastrtps_c.cpython-310-x86_64-linux-gnu.so[0m
[14.424s] [100%] [32m[1mLinking C shared library rosidl_generator_py/edgevision_msgs/edgevision_msgs_s__rosidl_typesupport_c.cpython-310-x86_64-linux-gnu.so[0m
[14.510s] [100%] Built target edgevision_msgs__rosidl_typesupport_introspection_c__pyext
[14.521s] [100%] Built target edgevision_msgs__rosidl_typesupport_fastrtps_c__pyext
[14.540s] [100%] Built target edgevision_msgs__rosidl_typesupport_c__pyext
[14.572s] Invoked command in '/home/tarun/surveillance_bot/ros2/ws/build/edgevision_msgs' returned '0': CMAKE_PREFIX_PATH=${CMAKE_PREFIX_PATH}:/home/tarun/surveillance_bot/ros2/ws/install/edgevision_ros:/opt/ros/humble VIRTUAL_ENV_PROMPT=(.venv) /usr/bin/cmake --build /home/tarun/surveillance_bot/ros2/ws/build/edgevision_msgs -- -j8 -l8
[14.596s] Invoking command in '/home/tarun/surveillance_bot/ros2/ws/build/edgevision_msgs': CMAKE_PREFIX_PATH=${CMAKE_PREFIX_PATH}:/home/tarun/surveillance_bot/ros2/ws/install/edgevision_ros:/opt/ros/humble VIRTUAL_ENV_PROMPT=(.venv) /usr/bin/cmake --install /home/tarun/surveillance_bot/ros2/ws/build/edgevision_msgs
[14.613s] -- Install configuration: ""
[14.614s] -- Execute custom install script
[14.615s] -- Symlinking: /home/tarun/surveillance_bot/ros2/ws/install/edgevision_msgs/share/ament_index/resource_index/rosidl_interfaces/edgevision_msgs
[14.635s] -- Symlinking: /home/tarun/surveillance_bot/ros2/ws/install/edgevision_msgs/include/edgevision_msgs/edgevision_msgs/msg/detail/detection__functions.h
[14.654s] -- Symlinking: /home/tarun/surveillance_bot/ros2/ws/install/edgevision_msgs/include/edgevision_msgs/edgevision_msgs/msg/detail/detection__struct.h
[14.674s] -- Symlinking: /home/tarun/surveillance_bot/ros2/ws/install/edgevision_msgs/include/edgevision_msgs/edgevision_msgs/msg/detail/detection__type_support.h
[14.700s] -- Symlinking: /home/tarun/surveillance_bot/ros2/ws/install/edgevision_msgs/include/edgevision_msgs/edgevision_msgs/msg/detail/detection_array__functions.h
[14.722s] -- Symlinking: /home/tarun/surveillance_bot/ros2/ws/install/edgevision_msgs/include/edgevision_msgs/edgevision_msgs/msg/detail/detection_array__struct.h
[14.743s] -- Symlinking: /home/tarun/surveillance_bot/ros2/ws/install/edgevision_msgs/include/edgevision_msgs/edgevision_msgs/msg/detail/detection_array__type_support.h
[14.769s] -- Symlinking: /home/tarun/surveillance_bot/ros2/ws/install/edgevision_msgs/include/edgevision_msgs/edgevision_msgs/msg/detail/face_detection__functions.h
[14.791s] -- Symlinking: /home/tarun/surveillance_bot/ros2/ws/install/edgevision_msgs/include/edgevision_msgs/edgevision_msgs/msg/detail/face_detection__struct.h
[14.808s] -- Symlinking: /home/tarun/surveillance_bot/ros2/ws/install/edgevision_msgs/include/edgevision_msgs/edgevision_msgs/msg/detail/face_detection__type_support.h
[14.832s] -- Symlinking: /home/tarun/surveillance_bot/ros2/ws/install/edgevision_msgs/include/edgevision_msgs/edgevision_msgs/msg/detail/face_detection_array__functions.h
[14.853s] -- Symlinking: /home/tarun/surveillance_bot/ros2/ws/install/edgevision_msgs/include/edgevision_msgs/edgevision_msgs/msg/detail/face_detection_array__struct.h
[14.875s] -- Symlinking: /home/tarun/surveillance_bot/ros2/ws/install/edgevision_msgs/include/edgevision_msgs/edgevision_msgs/msg/detail/face_detection_array__type_support.h
[14.893s] -- Symlinking: /home/tarun/surveillance_bot/ros2/ws/install/edgevision_msgs/include/edgevision_msgs/edgevision_msgs/msg/detail/tracked_detection__functions.h
[14.910s] -- Symlinking: /home/tarun/surveillance_bot/ros2/ws/install/edgevision_msgs/include/edgevision_msgs/edgevision_msgs/msg/detail/tracked_detection__struct.h
[14.925s] -- Symlinking: /home/tarun/surveillance_bot/ros2/ws/install/edgevision_msgs/include/edgevision_msgs/edgevision_msgs/msg/detail/tracked_detection__type_support.h
[14.941s] -- Symlinking: /home/tarun/surveillance_bot/ros2/ws/install/edgevision_msgs/include/edgevision_msgs/edgevision_msgs/msg/detail/tracked_detection_array__functions.h
[14.960s] -- Symlinking: /home/tarun/surveillance_bot/ros2/ws/install/edgevision_msgs/include/edgevision_msgs/edgevision_msgs/msg/detail/tracked_detection_array__struct.h
[14.982s] -- Symlinking: /home/tarun/surveillance_bot/ros2/ws/install/edgevision_msgs/include/edgevision_msgs/edgevision_msgs/msg/detail/tracked_detection_array__type_support.h
[15.002s] -- Symlinking: /home/tarun/surveillance_bot/ros2/ws/install/edgevision_msgs/include/edgevision_msgs/edgevision_msgs/msg/detection.h
[15.021s] -- Symlinking: /home/tarun/surveillance_bot/ros2/ws/install/edgevision_msgs/include/edgevision_msgs/edgevision_msgs/msg/detection_array.h
[15.038s] -- Symlinking: /home/tarun/surveillance_bot/ros2/ws/install/edgevision_msgs/include/edgevision_msgs/edgevision_msgs/msg/face_detection.h
[15.067s] -- Symlinking: /home/tarun/surveillance_bot/ros2/ws/install/edgevision_msgs/include/edgevision_msgs/edgevision_msgs/msg/face_detection_array.h
[15.088s] -- Symlinking: /home/tarun/surveillance_bot/ros2/ws/install/edgevision_msgs/include/edgevision_msgs/edgevision_msgs/msg/rosidl_generator_c__visibility_control.h
[15.108s] -- Symlinking: /home/tarun/surveillance_bot/ros2/ws/install/edgevision_msgs/include/edgevision_msgs/edgevision_msgs/msg/tracked_detection.h
[15.126s] -- Symlinking: /home/tarun/surveillance_bot/ros2/ws/install/edgevision_msgs/include/edgevision_msgs/edgevision_msgs/msg/tracked_detection_array.h
[15.145s] -- Symlinking: /home/tarun/surveillance_bot/ros2/ws/install/edgevision_msgs/share/edgevision_msgs/environment/library_path.sh
[15.165s] -- Symlinking: /home/tarun/surveillance_bot/ros2/ws/install/edgevision_msgs/share/edgevision_msgs/environment/library_path.dsv
[15.186s] -- Symlinking: /home/tarun/surveillance_bot/ros2/ws/install/edgevision_msgs/include/edgevision_msgs/edgevision_msgs/msg/detail/detection__rosidl_typesupport_fastrtps_c.h
[15.207s] -- Symlinking: /home/tarun/surveillance_bot/ros2/ws/install/edgevision_msgs/include/edgevision_msgs/edgevision_msgs/msg/detail/detection_array__rosidl_typesupport_fastrtps_c.h
[15.225s] -- Symlinking: /home/tarun/surveillance_bot/ros2/ws/install/edgevision_msgs/include/edgevision_msgs/edgevision_msgs/msg/detail/face_detection__rosidl_typesupport_fastrtps_c.h
[15.243s] -- Symlinking: /home/tarun/surveillance_bot/ros2/ws/install/edgevision_msgs/include/edgevision_msgs/edgevision_msgs/msg/detail/face_detection_array__rosidl_typesupport_fastrtps_c.h
[15.260s] -- Symlinking: /home/tarun/surveillance_bot/ros2/ws/install/edgevision_msgs/include/edgevision_msgs/edgevision_msgs/msg/detail/tracked_detection__rosidl_typesupport_fastrtps_c.h
[15.279s] -- Symlinking: /home/tarun/surveillance_bot/ros2/ws/install/edgevision_msgs/include/edgevision_msgs/edgevision_msgs/msg/detail/tracked_detection_array__rosidl_typesupport_fastrtps_c.h
[15.298s] -- Symlinking: /home/tarun/surveillance_bot/ros2/ws/install/edgevision_msgs/include/edgevision_msgs/edgevision_msgs/msg/rosidl_typesupport_fastrtps_c__visibility_control.h
[15.322s] -- Symlinking: /home/tarun/surveillance_bot/ros2/ws/install/edgevision_msgs/include/edgevision_msgs/edgevision_msgs/msg/detail/detection__rosidl_typesupport_introspection_c.h
[15.341s] -- Symlinking: /home/tarun/surveillance_bot/ros2/ws/install/edgevision_msgs/include/edgevision_msgs/edgevision_msgs/msg/detail/detection_array__rosidl_typesupport_introspection_c.h
[15.363s] -- Symlinking: /home/tarun/surveillance_bot/ros2/ws/install/edgevision_msgs/include/edgevision_msgs/edgevision_msgs/msg/detail/face_detection__rosidl_typesupport_introspection_c.h
[15.385s] -- Symlinking: /home/tarun/surveillance_bot/ros2/ws/install/edgevision_msgs/include/edgevision_msgs/edgevision_msgs/msg/detail/face_detection_array__rosidl_typesupport_introspection_c.h
[15.404s] -- Symlinking: /home/tarun/surveillance_bot/ros2/ws/install/edgevision_msgs/include/edgevision_msgs/edgevision_msgs/msg/detail/tracked_detection__rosidl_typesupport_introspection_c.h
[15.421s] -- Symlinking: /home/tarun/surveillance_bot/ros2/ws/install/edgevision_msgs/include/edgevision_msgs/edgevision_msgs/msg/detail/tracked_detection_array__rosidl_typesupport_introspection_c.h
[15.436s] -- Symlinking: /home/tarun/surveillance_bot/ros2/ws/install/edgevision_msgs/include/edgevision_msgs/edgevision_msgs/msg/rosidl_typesupport_introspection_c__visibility_control.h
[15.456s] -- Symlinking: /home/tarun/surveillance_bot/ros2/ws/install/edgevision_msgs/include/edgevision_msgs/edgevision_msgs/msg/detail/detection__builder.hpp
[15.475s] -- Symlinking: /home/tarun/surveillance_bot/ros2/ws/install/edgevision_msgs/include/edgevision_msgs/edgevision_msgs/msg/detail/detection__struct.hpp
[15.491s] -- Symlinking: /home/tarun/surveillance_bot/ros2/ws/install/edgevision_msgs/include/edgevision_msgs/edgevision_msgs/msg/detail/detection__traits.hpp
[15.507s] -- Symlinking: /home/tarun/surveillance_bot/ros2/ws/install/edgevision_msgs/include/edgevision_msgs/edgevision_msgs/msg/detail/detection__type_support.hpp
[15.522s] -- Symlinking: /home/tarun/surveillance_bot/ros2/ws/install/edgevision_msgs/include/edgevision_msgs/edgevision_msgs/msg/detail/detection_array__builder.hpp
[15.540s] -- Symlinking: /home/tarun/surveillance_bot/ros2/ws/install/edgevision_msgs/include/edgevision_msgs/edgevision_msgs/msg/detail/detection_array__struct.hpp
[15.557s] -- Symlinking: /home/tarun/surveillance_bot/ros2/ws/install/edgevision_msgs/include/edgevision_msgs/edgevision_msgs/msg/detail/detection_array__traits.hpp
[15.572s] -- Symlinking: /home/tarun/surveillance_bot/ros2/ws/install/edgevision_msgs/include/edgevision_msgs/edgevision_msgs/msg/detail/detection_array__type_support.hpp
[15.592s] -- Symlinking: /home/tarun/surveillance_bot/ros2/ws/install/edgevision_msgs/include/edgevision_msgs/edgevision_msgs/msg/detail/face_detection__builder.hpp
[15.607s] -- Symlinking: /home/tarun/surveillance_bot/ros2/ws/install/edgevision_msgs/include/edgevision_msgs/edgevision_msgs/msg/detail/face_detection__struct.hpp
[15.628s] -- Symlinking: /home/tarun/surveillance_bot/ros2/ws/install/edgevision_msgs/include/edgevision_msgs/edgevision_msgs/msg/detail/face_detection__traits.hpp
[15.644s] -- Symlinking: /home/tarun/surveillance_bot/ros2/ws/install/edgevision_msgs/include/edgevision_msgs/edgevision_msgs/msg/detail/face_detection__type_support.hpp
[15.660s] -- Symlinking: /home/tarun/surveillance_bot/ros2/ws/install/edgevision_msgs/include/edgevision_msgs/edgevision_msgs/msg/detail/face_detection_array__builder.hpp
[15.678s] -- Symlinking: /home/tarun/surveillance_bot/ros2/ws/install/edgevision_msgs/include/edgevision_msgs/edgevision_msgs/msg/detail/face_detection_array__struct.hpp
[15.694s] -- Symlinking: /home/tarun/surveillance_bot/ros2/ws/install/edgevision_msgs/include/edgevision_msgs/edgevision_msgs/msg/detail/face_detection_array__traits.hpp
[15.709s] -- Symlinking: /home/tarun/surveillance_bot/ros2/ws/install/edgevision_msgs/include/edgevision_msgs/edgevision_msgs/msg/detail/face_detection_array__type_support.hpp
[15.727s] -- Symlinking: /home/tarun/surveillance_bot/ros2/ws/install/edgevision_msgs/include/edgevision_msgs/edgevision_msgs/msg/detail/tracked_detection__builder.hpp
[15.743s] -- Symlinking: /home/tarun/surveillance_bot/ros2/ws/install/edgevision_msgs/include/edgevision_msgs/edgevision_msgs/msg/detail/tracked_detection__struct.hpp
[15.761s] -- Symlinking: /home/tarun/surveillance_bot/ros2/ws/install/edgevision_msgs/include/edgevision_msgs/edgevision_msgs/msg/detail/tracked_detection__traits.hpp
[15.784s] -- Symlinking: /home/tarun/surveillance_bot/ros2/ws/install/edgevision_msgs/include/edgevision_msgs/edgevision_msgs/msg/detail/tracked_detection__type_support.hpp
[15.805s] -- Symlinking: /home/tarun/surveillance_bot/ros2/ws/install/edgevision_msgs/include/edgevision_msgs/edgevision_msgs/msg/detail/tracked_detection_array__builder.hpp
[15.821s] -- Symlinking: /home/tarun/surveillance_bot/ros2/ws/install/edgevision_msgs/include/edgevision_msgs/edgevision_msgs/msg/detail/tracked_detection_array__struct.hpp
[15.837s] -- Symlinking: /home/tarun/surveillance_bot/ros2/ws/install/edgevision_msgs/include/edgevision_msgs/edgevision_msgs/msg/detail/tracked_detection_array__traits.hpp
[15.857s] -- Symlinking: /home/tarun/surveillance_bot/ros2/ws/install/edgevision_msgs/include/edgevision_msgs/edgevision_msgs/msg/detail/tracked_detection_array__type_support.hpp
[15.872s] -- Symlinking: /home/tarun/surveillance_bot/ros2/ws/install/edgevision_msgs/include/edgevision_msgs/edgevision_msgs/msg/detection.hpp
[15.888s] -- Symlinking: /home/tarun/surveillance_bot/ros2/ws/install/edgevision_msgs/include/edgevision_msgs/edgevision_msgs/msg/detection_array.hpp
[15.909s] -- Symlinking: /home/tarun/surveillance_bot/ros2/ws/install/edgevision_msgs/include/edgevision_msgs/edgevision_msgs/msg/face_detection.hpp
[15.927s] -- Symlinking: /home/tarun/surveillance_bot/ros2/ws/install/edgevision_msgs/include/edgevision_msgs/edgevision_msgs/msg/face_detection_array.hpp
[15.945s] -- Symlinking: /home/tarun/surveillance_bot/ros2/ws/install/edgevision_msgs/include/edgevision_msgs/edgevision_msgs/msg/rosidl_generator_cpp__visibility_control.hpp
[15.961s] -- Symlinking: /home/tarun/surveillance_bot/ros2/ws/install/edgevision_msgs/include/edgevision_msgs/edgevision_msgs/msg/tracked_detection.hpp
[15.979s] -- Symlinking: /home/tarun/surveillance_bot/ros2/ws/install/edgevision_msgs/include/edgevision_msgs/edgevision_msgs/msg/tracked_detection_array.hpp
[15.997s] -- Symlinking: /home/tarun/surveillance_bot/ros2/ws/install/edgevision_msgs/include/edgevision_msgs/edgevision_msgs/msg/detail/detection__rosidl_typesupport_fastrtps_cpp.hpp
[16.014s] -- Symlinking: /home/tarun/surveillance_bot/ros2/ws/install/edgevision_msgs/include/edgevision_msgs/edgevision_msgs/msg/detail/detection_array__rosidl_typesupport_fastrtps_cpp.hpp
[16.029s] -- Symlinking: /home/tarun/surveillance_bot/ros2/ws/install/edgevision_msgs/include/edgevision_msgs/edgevision_msgs/msg/detail/face_detection__rosidl_typesupport_fastrtps_cpp.hpp
[16.055s] -- Symlinking: /home/tarun/surveillance_bot/ros2/ws/install/edgevision_msgs/include/edgevision_msgs/edgevision_msgs/msg/detail/face_detection_array__rosidl_typesupport_fastrtps_cpp.hpp
[16.080s] -- Symlinking: /home/tarun/surveillance_bot/ros2/ws/install/edgevision_msgs/include/edgevision_msgs/edgevision_msgs/msg/detail/tracked_detection__rosidl_typesupport_fastrtps_cpp.hpp
[16.100s] -- Symlinking: /home/tarun/surveillance_bot/ros2/ws/install/edgevision_msgs/include/edgevision_msgs/edgevision_msgs/msg/detail/tracked_detection_array__rosidl_typesupport_fastrtps_cpp.hpp
[16.122s] -- Symlinking: /home/tarun/surveillance_bot/ros2/ws/install/edgevision_msgs/include/edgevision_msgs/edgevision_msgs/msg/rosidl_typesupport_fastrtps_cpp__visibility_control.h
[16.147s] -- Symlinking: /home/tarun/surveillance_bot/ros2/ws/install/edgevision_msgs/include/edgevision_msgs/edgevision_msgs/msg/detail/detection__rosidl_typesupport_introspection_cpp.hpp
[16.166s] -- Symlinking: /home/tarun/surveillance_bot/ros2/ws/install/edgevision_msgs/include/edgevision_msgs/edgevision_msgs/msg/detail/detection_array__rosidl_typesupport_introspection_cpp.hpp
[16.186s] -- Symlinking: /home/tarun/surveillance_bot/ros2/ws/install/edgevision_msgs/include/edgevision_msgs/edgevision_msgs/msg/detail/face_detection__rosidl_typesupport_introspection_cpp.hpp
[16.202s] -- Symlinking: /home/tarun/surveillance_bot/ros2/ws/install/edgevision_msgs/include/edgevision_msgs/edgevision_msgs/msg/detail/face_detection_array__rosidl_typesupport_introspection_cpp.hpp
[16.219s] -- Symlinking: /home/tarun/surveillance_bot/ros2/ws/install/edgevision_msgs/include/edgevision_msgs/edgevision_msgs/msg/detail/tracked_detection__rosidl_typesupport_introspection_cpp.hpp
[16.233s] -- Symlinking: /home/tarun/surveillance_bot/ros2/ws/install/edgevision_msgs/include/edgevision_msgs/edgevision_msgs/msg/detail/tracked_detection_array__rosidl_typesupport_introspection_cpp.hpp
[16.246s] -- Symlinking: /home/tarun/surveillance_bot/ros2/ws/install/edgevision_msgs/share/edgevision_msgs/environment/pythonpath.sh
[16.260s] -- Symlinking: /home/tarun/surveillance_bot/ros2/ws/install/edgevision_msgs/share/edgevision_msgs/environment/pythonpath.dsv
[16.274s] -- Symlinking: /home/tarun/surveillance_bot/ros2/ws/install/edgevision_msgs/lib/python3.10/site-packages/edgevision_msgs-0.0.0-py3.10.egg-info/PKG-INFO
[16.290s] -- Symlinking: /home/tarun/surveillance_bot/ros2/ws/install/edgevision_msgs/lib/python3.10/site-packages/edgevision_msgs-0.0.0-py3.10.egg-info/SOURCES.txt
[16.302s] -- Symlinking: /home/tarun/surveillance_bot/ros2/ws/install/edgevision_msgs/lib/python3.10/site-packages/edgevision_msgs-0.0.0-py3.10.egg-info/dependency_links.txt
[16.314s] -- Symlinking: /home/tarun/surveillance_bot/ros2/ws/install/edgevision_msgs/lib/python3.10/site-packages/edgevision_msgs-0.0.0-py3.10.egg-info/top_level.txt
[16.330s] -- Symlinking: /home/tarun/surveillance_bot/ros2/ws/install/edgevision_msgs/lib/python3.10/site-packages/edgevision_msgs/__init__.py
[16.344s] -- Symlinking: /home/tarun/surveillance_bot/ros2/ws/install/edgevision_msgs/lib/python3.10/site-packages/edgevision_msgs/_edgevision_msgs_s.ep.rosidl_typesupport_c.c
[16.357s] -- Symlinking: /home/tarun/surveillance_bot/ros2/ws/install/edgevision_msgs/lib/python3.10/site-packages/edgevision_msgs/_edgevision_msgs_s.ep.rosidl_typesupport_fastrtps_c.c
[16.370s] -- Symlinking: /home/tarun/surveillance_bot/ros2/ws/install/edgevision_msgs/lib/python3.10/site-packages/edgevision_msgs/_edgevision_msgs_s.ep.rosidl_typesupport_introspection_c.c
[16.384s] -- Symlinking: /home/tarun/surveillance_bot/ros2/ws/install/edgevision_msgs/lib/python3.10/site-packages/edgevision_msgs/edgevision_msgs_s__rosidl_typesupport_c.cpython-310-x86_64-linux-gnu.so
[16.397s] -- Symlinking: /home/tarun/surveillance_bot/ros2/ws/install/edgevision_msgs/lib/python3.10/site-packages/edgevision_msgs/edgevision_msgs_s__rosidl_typesupport_fastrtps_c.cpython-310-x86_64-linux-gnu.so
[16.409s] -- Symlinking: /home/tarun/surveillance_bot/ros2/ws/install/edgevision_msgs/lib/python3.10/site-packages/edgevision_msgs/edgevision_msgs_s__rosidl_typesupport_introspection_c.cpython-310-x86_64-linux-gnu.so
[16.428s] -- Symlinking: /home/tarun/surveillance_bot/ros2/ws/install/edgevision_msgs/lib/python3.10/site-packages/edgevision_msgs/libedgevision_msgs__rosidl_generator_py.so
[16.442s] -- Symlinking: /home/tarun/surveillance_bot/ros2/ws/install/edgevision_msgs/lib/python3.10/site-packages/edgevision_msgs/msg/__init__.py
[16.455s] -- Symlinking: /home/tarun/surveillance_bot/ros2/ws/install/edgevision_msgs/lib/python3.10/site-packages/edgevision_msgs/msg/_detection.py
[16.468s] -- Symlinking: /home/tarun/surveillance_bot/ros2/ws/install/edgevision_msgs/lib/python3.10/site-packages/edgevision_msgs/msg/_detection_array.py
[16.484s] -- Symlinking: /home/tarun/surveillance_bot/ros2/ws/install/edgevision_msgs/lib/python3.10/site-packages/edgevision_msgs/msg/_detection_array_s.c
[16.496s] -- Symlinking: /home/tarun/surveillance_bot/ros2/ws/install/edgevision_msgs/lib/python3.10/site-packages/edgevision_msgs/msg/_detection_s.c
[16.507s] -- Symlinking: /home/tarun/surveillance_bot/ros2/ws/install/edgevision_msgs/lib/python3.10/site-packages/edgevision_msgs/msg/_face_detection.py
[16.519s] -- Symlinking: /home/tarun/surveillance_bot/ros2/ws/install/edgevision_msgs/lib/python3.10/site-packages/edgevision_msgs/msg/_face_detection_array.py
[16.533s] -- Symlinking: /home/tarun/surveillance_bot/ros2/ws/install/edgevision_msgs/lib/python3.10/site-packages/edgevision_msgs/msg/_face_detection_array_s.c
[16.547s] -- Symlinking: /home/tarun/surveillance_bot/ros2/ws/install/edgevision_msgs/lib/python3.10/site-packages/edgevision_msgs/msg/_face_detection_s.c
[16.566s] -- Symlinking: /home/tarun/surveillance_bot/ros2/ws/install/edgevision_msgs/lib/python3.10/site-packages/edgevision_msgs/msg/_tracked_detection.py
[16.584s] -- Symlinking: /home/tarun/surveillance_bot/ros2/ws/install/edgevision_msgs/lib/python3.10/site-packages/edgevision_msgs/msg/_tracked_detection_array.py
[16.598s] -- Symlinking: /home/tarun/surveillance_bot/ros2/ws/install/edgevision_msgs/lib/python3.10/site-packages/edgevision_msgs/msg/_tracked_detection_array_s.c
[16.613s] -- Symlinking: /home/tarun/surveillance_bot/ros2/ws/install/edgevision_msgs/lib/python3.10/site-packages/edgevision_msgs/msg/_tracked_detection_s.c
[16.626s] -- Up-to-date symlink: /home/tarun/surveillance_bot/ros2/ws/install/edgevision_msgs/lib/python3.10/site-packages/edgevision_msgs/edgevision_msgs_s__rosidl_typesupport_fastrtps_c.cpython-310-x86_64-linux-gnu.so
[16.627s] -- Up-to-date symlink: /home/tarun/surveillance_bot/ros2/ws/install/edgevision_msgs/lib/python3.10/site-packages/edgevision_msgs/edgevision_msgs_s__rosidl_typesupport_introspection_c.cpython-310-x86_64-linux-gnu.so
[16.628s] -- Up-to-date symlink: /home/tarun/surveillance_bot/ros2/ws/install/edgevision_msgs/lib/python3.10/site-packages/edgevision_msgs/edgevision_msgs_s__rosidl_typesupport_c.cpython-310-x86_64-linux-gnu.so
[16.628s] -- Symlinking: /home/tarun/surveillance_bot/ros2/ws/install/edgevision_msgs/share/ament_index/resource_index/rust_packages/edgevision_msgs
[16.642s] -- Symlinking: /home/tarun/surveillance_bot/ros2/ws/install/edgevision_msgs/share/edgevision_msgs/rust/Cargo.toml
[16.655s] -- Symlinking: /home/tarun/surveillance_bot/ros2/ws/install/edgevision_msgs/share/edgevision_msgs/rust/build.rs
[16.668s] -- Symlinking: /home/tarun/surveillance_bot/ros2/ws/install/edgevision_msgs/share/edgevision_msgs/rust/src/lib.rs
[16.689s] -- Symlinking: /home/tarun/surveillance_bot/ros2/ws/install/edgevision_msgs/share/edgevision_msgs/rust/src/msg.rs
[16.701s] -- Symlinking: /home/tarun/surveillance_bot/ros2/ws/install/edgevision_msgs/share/edgevision_msgs/rust/src/msg/rmw.rs
[16.714s] -- Symlinking: /home/tarun/surveillance_bot/ros2/ws/install/edgevision_msgs/share/edgevision_msgs/msg/Detection.idl
[16.727s] -- Symlinking: /home/tarun/surveillance_bot/ros2/ws/install/edgevision_msgs/share/edgevision_msgs/msg/DetectionArray.idl
[16.741s] -- Symlinking: /home/tarun/surveillance_bot/ros2/ws/install/edgevision_msgs/share/edgevision_msgs/msg/TrackedDetection.idl
[16.758s] -- Symlinking: /home/tarun/surveillance_bot/ros2/ws/install/edgevision_msgs/share/edgevision_msgs/msg/TrackedDetectionArray.idl
[16.772s] -- Symlinking: /home/tarun/surveillance_bot/ros2/ws/install/edgevision_msgs/share/edgevision_msgs/msg/FaceDetection.idl
[16.791s] -- Symlinking: /home/tarun/surveillance_bot/ros2/ws/install/edgevision_msgs/share/edgevision_msgs/msg/FaceDetectionArray.idl
[16.803s] -- Symlinking: /home/tarun/surveillance_bot/ros2/ws/install/edgevision_msgs/share/edgevision_msgs/msg/Detection.msg
[16.818s] -- Symlinking: /home/tarun/surveillance_bot/ros2/ws/install/edgevision_msgs/share/edgevision_msgs/msg/DetectionArray.msg
[16.839s] -- Symlinking: /home/tarun/surveillance_bot/ros2/ws/install/edgevision_msgs/share/edgevision_msgs/msg/TrackedDetection.msg
[16.853s] -- Symlinking: /home/tarun/surveillance_bot/ros2/ws/install/edgevision_msgs/share/edgevision_msgs/msg/TrackedDetectionArray.msg
[16.866s] -- Symlinking: /home/tarun/surveillance_bot/ros2/ws/install/edgevision_msgs/share/edgevision_msgs/msg/FaceDetection.msg
[16.889s] -- Symlinking: /home/tarun/surveillance_bot/ros2/ws/install/edgevision_msgs/share/edgevision_msgs/msg/FaceDetectionArray.msg
[16.907s] -- Symlinking: /home/tarun/surveillance_bot/ros2/ws/install/edgevision_msgs/share/ament_index/resource_index/package_run_dependencies/edgevision_msgs
[16.920s] -- Symlinking: /home/tarun/surveillance_bot/ros2/ws/install/edgevision_msgs/share/ament_index/resource_index/parent_prefix_path/edgevision_msgs
[16.933s] -- Symlinking: /home/tarun/surveillance_bot/ros2/ws/install/edgevision_msgs/share/edgevision_msgs/environment/ament_prefix_path.sh
[16.952s] -- Symlinking: /home/tarun/surveillance_bot/ros2/ws/install/edgevision_msgs/share/edgevision_msgs/environment/ament_prefix_path.dsv
[16.968s] -- Symlinking: /home/tarun/surveillance_bot/ros2/ws/install/edgevision_msgs/share/edgevision_msgs/environment/path.sh
[16.982s] -- Symlinking: /home/tarun/surveillance_bot/ros2/ws/install/edgevision_msgs/share/edgevision_msgs/environment/path.dsv
[16.999s] -- Symlinking: /home/tarun/surveillance_bot/ros2/ws/install/edgevision_msgs/share/edgevision_msgs/local_setup.bash
[17.019s] -- Symlinking: /home/tarun/surveillance_bot/ros2/ws/install/edgevision_msgs/share/edgevision_msgs/local_setup.sh
[17.032s] -- Symlinking: /home/tarun/surveillance_bot/ros2/ws/install/edgevision_msgs/share/edgevision_msgs/local_setup.zsh
[17.045s] -- Symlinking: /home/tarun/surveillance_bot/ros2/ws/install/edgevision_msgs/share/edgevision_msgs/local_setup.dsv
[17.059s] -- Symlinking: /home/tarun/surveillance_bot/ros2/ws/install/edgevision_msgs/share/edgevision_msgs/package.dsv
[17.073s] -- Symlinking: /home/tarun/surveillance_bot/ros2/ws/install/edgevision_msgs/share/ament_index/resource_index/packages/edgevision_msgs
[17.094s] -- Symlinking: /home/tarun/surveillance_bot/ros2/ws/install/edgevision_msgs/share/edgevision_msgs/cmake/rosidl_cmake-extras.cmake
[17.106s] -- Symlinking: /home/tarun/surveillance_bot/ros2/ws/install/edgevision_msgs/share/edgevision_msgs/cmake/ament_cmake_export_dependencies-extras.cmake
[17.118s] -- Symlinking: /home/tarun/surveillance_bot/ros2/ws/install/edgevision_msgs/share/edgevision_msgs/cmake/ament_cmake_export_include_directories-extras.cmake
[17.131s] -- Symlinking: /home/tarun/surveillance_bot/ros2/ws/install/edgevision_msgs/share/edgevision_msgs/cmake/ament_cmake_export_libraries-extras.cmake
[17.145s] -- Symlinking: /home/tarun/surveillance_bot/ros2/ws/install/edgevision_msgs/share/edgevision_msgs/cmake/ament_cmake_export_targets-extras.cmake
[17.160s] -- Symlinking: /home/tarun/surveillance_bot/ros2/ws/install/edgevision_msgs/share/edgevision_msgs/cmake/rosidl_cmake_export_typesupport_targets-extras.cmake
[17.177s] -- Symlinking: /home/tarun/surveillance_bot/ros2/ws/install/edgevision_msgs/share/edgevision_msgs/cmake/rosidl_cmake_export_typesupport_libraries-extras.cmake
[17.193s] -- Symlinking: /home/tarun/surveillance_bot/ros2/ws/install/edgevision_msgs/share/edgevision_msgs/cmake/rosidl_cmake_aggregate_target-extras.cmake
[17.207s] -- Symlinking: /home/tarun/surveillance_bot/ros2/ws/install/edgevision_msgs/share/edgevision_msgs/cmake/edgevision_msgsConfig.cmake
[17.220s] -- Symlinking: /home/tarun/surveillance_bot/ros2/ws/install/edgevision_msgs/share/edgevision_msgs/cmake/edgevision_msgsConfig-version.cmake
[17.233s] -- Symlinking: /home/tarun/surveillance_bot/ros2/ws/install/edgevision_msgs/share/edgevision_msgs/package.xml
[17.254s] -- Installing: /home/tarun/surveillance_bot/ros2/ws/install/edgevision_msgs/lib/libedgevision_msgs__rosidl_generator_c.so
[17.256s] -- Set runtime path of "/home/tarun/surveillance_bot/ros2/ws/install/edgevision_msgs/lib/libedgevision_msgs__rosidl_generator_c.so" to ""
[17.256s] -- Installing: /home/tarun/surveillance_bot/ros2/ws/install/edgevision_msgs/lib/libedgevision_msgs__rosidl_typesupport_fastrtps_c.so
[17.257s] -- Set runtime path of "/home/tarun/surveillance_bot/ros2/ws/install/edgevision_msgs/lib/libedgevision_msgs__rosidl_typesupport_fastrtps_c.so" to ""
[17.258s] -- Installing: /home/tarun/surveillance_bot/ros2/ws/install/edgevision_msgs/lib/libedgevision_msgs__rosidl_typesupport_introspection_c.so
[17.259s] -- Set runtime path of "/home/tarun/surveillance_bot/ros2/ws/install/edgevision_msgs/lib/libedgevision_msgs__rosidl_typesupport_introspection_c.so" to ""
[17.259s] -- Installing: /home/tarun/surveillance_bot/ros2/ws/install/edgevision_msgs/lib/libedgevision_msgs__rosidl_typesupport_c.so
[17.260s] -- Set runtime path of "/home/tarun/surveillance_bot/ros2/ws/install/edgevision_msgs/lib/libedgevision_msgs__rosidl_typesupport_c.so" to ""
[17.260s] -- Installing: /home/tarun/surveillance_bot/ros2/ws/install/edgevision_msgs/lib/libedgevision_msgs__rosidl_typesupport_fastrtps_cpp.so
[17.262s] -- Set runtime path of "/home/tarun/surveillance_bot/ros2/ws/install/edgevision_msgs/lib/libedgevision_msgs__rosidl_typesupport_fastrtps_cpp.so" to ""
[17.262s] -- Installing: /home/tarun/surveillance_bot/ros2/ws/install/edgevision_msgs/lib/libedgevision_msgs__rosidl_typesupport_introspection_cpp.so
[17.264s] -- Set runtime path of "/home/tarun/surveillance_bot/ros2/ws/install/edgevision_msgs/lib/libedgevision_msgs__rosidl_typesupport_introspection_cpp.so" to ""
[17.264s] -- Installing: /home/tarun/surveillance_bot/ros2/ws/install/edgevision_msgs/lib/libedgevision_msgs__rosidl_typesupport_cpp.so
[17.265s] -- Set runtime path of "/home/tarun/surveillance_bot/ros2/ws/install/edgevision_msgs/lib/libedgevision_msgs__rosidl_typesupport_cpp.so" to ""
[17.329s] Listing '/home/tarun/surveillance_bot/ros2/ws/install/edgevision_msgs/lib/python3.10/site-packages/edgevision_msgs'...
[17.329s] Compiling '/home/tarun/surveillance_bot/ros2/ws/install/edgevision_msgs/lib/python3.10/site-packages/edgevision_msgs/__init__.py'...
[17.329s] Listing '/home/tarun/surveillance_bot/ros2/ws/install/edgevision_msgs/lib/python3.10/site-packages/edgevision_msgs/msg'...
[17.329s] Compiling '/home/tarun/surveillance_bot/ros2/ws/install/edgevision_msgs/lib/python3.10/site-packages/edgevision_msgs/msg/__init__.py'...
[17.329s] Compiling '/home/tarun/surveillance_bot/ros2/ws/install/edgevision_msgs/lib/python3.10/site-packages/edgevision_msgs/msg/_detection.py'...
[17.329s] Compiling '/home/tarun/surveillance_bot/ros2/ws/install/edgevision_msgs/lib/python3.10/site-packages/edgevision_msgs/msg/_detection_array.py'...
[17.329s] Compiling '/home/tarun/surveillance_bot/ros2/ws/install/edgevision_msgs/lib/python3.10/site-packages/edgevision_msgs/msg/_face_detection.py'...
[17.330s] Compiling '/home/tarun/surveillance_bot/ros2/ws/install/edgevision_msgs/lib/python3.10/site-packages/edgevision_msgs/msg/_face_detection_array.py'...
[17.330s] Compiling '/home/tarun/surveillance_bot/ros2/ws/install/edgevision_msgs/lib/python3.10/site-packages/edgevision_msgs/msg/_tracked_detection.py'...
[17.330s] Compiling '/home/tarun/surveillance_bot/ros2/ws/install/edgevision_msgs/lib/python3.10/site-packages/edgevision_msgs/msg/_tracked_detection_array.py'...
[17.336s] -- Installing: /home/tarun/surveillance_bot/ros2/ws/install/edgevision_msgs/lib/libedgevision_msgs__rosidl_generator_py.so
[17.338s] -- Set runtime path of "/home/tarun/surveillance_bot/ros2/ws/install/edgevision_msgs/lib/libedgevision_msgs__rosidl_generator_py.so" to ""
[17.338s] -- Installing: /home/tarun/surveillance_bot/ros2/ws/install/edgevision_msgs/share/edgevision_msgs/cmake/export_edgevision_msgs__rosidl_generator_cExport.cmake
[17.339s] -- Installing: /home/tarun/surveillance_bot/ros2/ws/install/edgevision_msgs/share/edgevision_msgs/cmake/export_edgevision_msgs__rosidl_generator_cExport-noconfig.cmake
[17.339s] -- Installing: /home/tarun/surveillance_bot/ros2/ws/install/edgevision_msgs/share/edgevision_msgs/cmake/export_edgevision_msgs__rosidl_typesupport_fastrtps_cExport.cmake
[17.340s] -- Installing: /home/tarun/surveillance_bot/ros2/ws/install/edgevision_msgs/share/edgevision_msgs/cmake/export_edgevision_msgs__rosidl_typesupport_fastrtps_cExport-noconfig.cmake
[17.341s] -- Installing: /home/tarun/surveillance_bot/ros2/ws/install/edgevision_msgs/share/edgevision_msgs/cmake/edgevision_msgs__rosidl_typesupport_introspection_cExport.cmake
[17.341s] -- Installing: /home/tarun/surveillance_bot/ros2/ws/install/edgevision_msgs/share/edgevision_msgs/cmake/edgevision_msgs__rosidl_typesupport_introspection_cExport-noconfig.cmake
[17.342s] -- Installing: /home/tarun/surveillance_bot/ros2/ws/install/edgevision_msgs/share/edgevision_msgs/cmake/edgevision_msgs__rosidl_typesupport_cExport.cmake
[17.342s] -- Installing: /home/tarun/surveillance_bot/ros2/ws/install/edgevision_msgs/share/edgevision_msgs/cmake/edgevision_msgs__rosidl_typesupport_cExport-noconfig.cmake
[17.343s] -- Installing: /home/tarun/surveillance_bot/ros2/ws/install/edgevision_msgs/share/edgevision_msgs/cmake/export_edgevision_msgs__rosidl_generator_cppExport.cmake
[17.343s] -- Installing: /home/tarun/surveillance_bot/ros2/ws/install/edgevision_msgs/share/edgevision_msgs/cmake/export_edgevision_msgs__rosidl_typesupport_fastrtps_cppExport.cmake
[17.344s] -- Installing: /home/tarun/surveillance_bot/ros2/ws/install/edgevision_msgs/share/edgevision_msgs/cmake/export_edgevision_msgs__rosidl_typesupport_fastrtps_cppExport-noconfig.cmake
[17.345s] -- Installing: /home/tarun/surveillance_bot/ros2/ws/install/edgevision_msgs/share/edgevision_msgs/cmake/edgevision_msgs__rosidl_typesupport_introspection_cppExport.cmake
[17.345s] -- Installing: /home/tarun/surveillance_bot/ros2/ws/install/edgevision_msgs/share/edgevision_msgs/cmake/edgevision_msgs__rosidl_typesupport_introspection_cppExport-noconfig.cmake
[17.346s] -- Installing: /home/tarun/surveillance_bot/ros2/ws/install/edgevision_msgs/share/edgevision_msgs/cmake/edgevision_msgs__rosidl_typesupport_cppExport.cmake
[17.346s] -- Installing: /home/tarun/surveillance_bot/ros2/ws/install/edgevision_msgs/share/edgevision_msgs/cmake/edgevision_msgs__rosidl_typesupport_cppExport-noconfig.cmake
[17.347s] -- Installing: /home/tarun/surveillance_bot/ros2/ws/install/edgevision_msgs/share/edgevision_msgs/cmake/export_edgevision_msgs__rosidl_generator_pyExport.cmake
[17.347s] -- Installing: /home/tarun/surveillance_bot/ros2/ws/install/edgevision_msgs/share/edgevision_msgs/cmake/export_edgevision_msgs__rosidl_generator_pyExport-noconfig.cmake
[17.356s] Invoked command in '/home/tarun/surveillance_bot/ros2/ws/build/edgevision_msgs' returned '0': CMAKE_PREFIX_PATH=${CMAKE_PREFIX_PATH}:/home/tarun/surveillance_bot/ros2/ws/install/edgevision_ros:/opt/ros/humble VIRTUAL_ENV_PROMPT=(.venv) /usr/bin/cmake --install /home/tarun/surveillance_bot/ros2/ws/build/edgevision_msgs
