[0.168s] DEBUG:colcon:Command line arguments: ['/usr/bin/colcon', 'build', '--symlink-install']
[0.168s] DEBUG:colcon:Parsed command line arguments: Namespace(log_base=None, log_level=None, verb_name='build', build_base='build', install_base='install', merge_install=False, symlink_install=True, test_result_base=None, continue_on_error=False, executor='parallel', parallel_workers=8, event_handlers=None, ignore_user_meta=False, metas=['./colcon.meta'], base_paths=['.'], packages_ignore=None, packages_ignore_regex=None, paths=None, packages_up_to=None, packages_up_to_regex=None, packages_above=None, packages_above_and_dependencies=None, packages_above_depth=None, packages_select_by_dep=None, packages_skip_by_dep=None, packages_skip_up_to=None, packages_select_build_failed=False, packages_skip_build_finished=False, packages_select_test_failures=False, packages_skip_test_passed=False, packages_select=None, packages_skip=None, packages_select_regex=None, packages_skip_regex=None, packages_start=None, packages_end=None, allow_overriding=[], cmake_args=None, cmake_target=None, cmake_target_skip_unavailable=False, cmake_clean_cache=False, cmake_clean_first=False, cmake_force_configure=False, ament_cmake_args=None, catkin_cmake_args=None, catkin_skip_building_tests=False, mixin_files=None, mixin=None, verb_parser=<colcon_mixin.mixin.mixin_argument.MixinArgumentDecorator object at 0x76278b246440>, verb_extension=<colcon_core.verb.build.BuildVerb object at 0x76278b3b7ee0>, main=<bound method BuildVerb.main of <colcon_core.verb.build.BuildVerb object at 0x76278b3b7ee0>>, mixin_verb=('build',))
[0.437s] Level 1:colcon.colcon_core.package_discovery:discover_packages(colcon_meta) check parameters
[0.437s] Level 1:colcon.colcon_core.package_discovery:discover_packages(recursive) check parameters
[0.437s] Level 1:colcon.colcon_core.package_discovery:discover_packages(ignore) check parameters
[0.438s] Level 1:colcon.colcon_core.package_discovery:discover_packages(path) check parameters
[0.438s] Level 1:colcon.colcon_core.package_discovery:discover_packages(colcon_meta) discover
[0.438s] Level 1:colcon.colcon_core.package_discovery:discover_packages(recursive) discover
[0.438s] INFO:colcon.colcon_core.package_discovery:Crawling recursively for packages in '/home/tarun/surveillance_bot/ros2/ws'
[0.438s] Level 1:colcon.colcon_core.package_identification:_identify(.) by extensions ['ignore', 'ignore_ament_install']
[0.438s] Level 1:colcon.colcon_core.package_identification:_identify(.) by extension 'ignore'
[0.438s] Level 1:colcon.colcon_core.package_identification:_identify(.) by extension 'ignore_ament_install'
[0.438s] Level 1:colcon.colcon_core.package_identification:_identify(.) by extensions ['colcon_pkg']
[0.438s] Level 1:colcon.colcon_core.package_identification:_identify(.) by extension 'colcon_pkg'
[0.438s] Level 1:colcon.colcon_core.package_identification:_identify(.) by extensions ['colcon_meta']
[0.438s] Level 1:colcon.colcon_core.package_identification:_identify(.) by extension 'colcon_meta'
[0.438s] Level 1:colcon.colcon_core.package_identification:_identify(.) by extensions ['ros']
[0.438s] Level 1:colcon.colcon_core.package_identification:_identify(.) by extension 'ros'
[0.450s] Level 1:colcon.colcon_core.package_identification:_identify(.) by extensions ['cmake', 'python']
[0.450s] Level 1:colcon.colcon_core.package_identification:_identify(.) by extension 'cmake'
[0.450s] Level 1:colcon.colcon_core.package_identification:_identify(.) by extension 'python'
[0.450s] Level 1:colcon.colcon_core.package_identification:_identify(.) by extensions ['python_setup_py']
[0.450s] Level 1:colcon.colcon_core.package_identification:_identify(.) by extension 'python_setup_py'
[0.451s] Level 1:colcon.colcon_core.package_identification:_identify(build) by extensions ['ignore', 'ignore_ament_install']
[0.451s] Level 1:colcon.colcon_core.package_identification:_identify(build) by extension 'ignore'
[0.451s] Level 1:colcon.colcon_core.package_identification:_identify(build) ignored
[0.451s] Level 1:colcon.colcon_core.package_identification:_identify(install) by extensions ['ignore', 'ignore_ament_install']
[0.451s] Level 1:colcon.colcon_core.package_identification:_identify(install) by extension 'ignore'
[0.451s] Level 1:colcon.colcon_core.package_identification:_identify(install) ignored
[0.451s] Level 1:colcon.colcon_core.package_identification:_identify(log) by extensions ['ignore', 'ignore_ament_install']
[0.451s] Level 1:colcon.colcon_core.package_identification:_identify(log) by extension 'ignore'
[0.451s] Level 1:colcon.colcon_core.package_identification:_identify(log) ignored
[0.451s] Level 1:colcon.colcon_core.package_identification:_identify(src) by extensions ['ignore', 'ignore_ament_install']
[0.451s] Level 1:colcon.colcon_core.package_identification:_identify(src) by extension 'ignore'
[0.451s] Level 1:colcon.colcon_core.package_identification:_identify(src) by extension 'ignore_ament_install'
[0.451s] Level 1:colcon.colcon_core.package_identification:_identify(src) by extensions ['colcon_pkg']
[0.451s] Level 1:colcon.colcon_core.package_identification:_identify(src) by extension 'colcon_pkg'
[0.451s] Level 1:colcon.colcon_core.package_identification:_identify(src) by extensions ['colcon_meta']
[0.452s] Level 1:colcon.colcon_core.package_identification:_identify(src) by extension 'colcon_meta'
[0.452s] Level 1:colcon.colcon_core.package_identification:_identify(src) by extensions ['ros']
[0.452s] Level 1:colcon.colcon_core.package_identification:_identify(src) by extension 'ros'
[0.452s] Level 1:colcon.colcon_core.package_identification:_identify(src) by extensions ['cmake', 'python']
[0.452s] Level 1:colcon.colcon_core.package_identification:_identify(src) by extension 'cmake'
[0.452s] Level 1:colcon.colcon_core.package_identification:_identify(src) by extension 'python'
[0.452s] Level 1:colcon.colcon_core.package_identification:_identify(src) by extensions ['python_setup_py']
[0.452s] Level 1:colcon.colcon_core.package_identification:_identify(src) by extension 'python_setup_py'
[0.452s] Level 1:colcon.colcon_core.package_identification:_identify(src/build) by extensions ['ignore', 'ignore_ament_install']
[0.452s] Level 1:colcon.colcon_core.package_identification:_identify(src/build) by extension 'ignore'
[0.452s] Level 1:colcon.colcon_core.package_identification:_identify(src/build) ignored
[0.453s] Level 1:colcon.colcon_core.package_identification:_identify(src/edgevision_msgs) by extensions ['ignore', 'ignore_ament_install']
[0.453s] Level 1:colcon.colcon_core.package_identification:_identify(src/edgevision_msgs) by extension 'ignore'
[0.453s] Level 1:colcon.colcon_core.package_identification:_identify(src/edgevision_msgs) by extension 'ignore_ament_install'
[0.453s] Level 1:colcon.colcon_core.package_identification:_identify(src/edgevision_msgs) by extensions ['colcon_pkg']
[0.453s] Level 1:colcon.colcon_core.package_identification:_identify(src/edgevision_msgs) by extension 'colcon_pkg'
[0.453s] Level 1:colcon.colcon_core.package_identification:_identify(src/edgevision_msgs) by extensions ['colcon_meta']
[0.454s] Level 1:colcon.colcon_core.package_identification:_identify(src/edgevision_msgs) by extension 'colcon_meta'
[0.454s] Level 1:colcon.colcon_core.package_identification:_identify(src/edgevision_msgs) by extensions ['ros']
[0.454s] Level 1:colcon.colcon_core.package_identification:_identify(src/edgevision_msgs) by extension 'ros'
[0.457s] DEBUG:colcon.colcon_core.package_identification:Package 'src/edgevision_msgs' with type 'ros.ament_cmake' and name 'edgevision_msgs'
[0.457s] Level 1:colcon.colcon_core.package_identification:_identify(src/edgevision_ros) by extensions ['ignore', 'ignore_ament_install']
[0.457s] Level 1:colcon.colcon_core.package_identification:_identify(src/edgevision_ros) by extension 'ignore'
[0.457s] Level 1:colcon.colcon_core.package_identification:_identify(src/edgevision_ros) by extension 'ignore_ament_install'
[0.457s] Level 1:colcon.colcon_core.package_identification:_identify(src/edgevision_ros) by extensions ['colcon_pkg']
[0.457s] Level 1:colcon.colcon_core.package_identification:_identify(src/edgevision_ros) by extension 'colcon_pkg'
[0.457s] Level 1:colcon.colcon_core.package_identification:_identify(src/edgevision_ros) by extensions ['colcon_meta']
[0.458s] Level 1:colcon.colcon_core.package_identification:_identify(src/edgevision_ros) by extension 'colcon_meta'
[0.458s] Level 1:colcon.colcon_core.package_identification:_identify(src/edgevision_ros) by extensions ['ros']
[0.458s] Level 1:colcon.colcon_core.package_identification:_identify(src/edgevision_ros) by extension 'ros'
[0.459s] DEBUG:colcon.colcon_core.package_identification:Package 'src/edgevision_ros' with type 'ros.ament_python' and name 'edgevision_ros'
[0.459s] Level 1:colcon.colcon_core.package_identification:_identify(src/install) by extensions ['ignore', 'ignore_ament_install']
[0.459s] Level 1:colcon.colcon_core.package_identification:_identify(src/install) by extension 'ignore'
[0.459s] Level 1:colcon.colcon_core.package_identification:_identify(src/install) ignored
[0.459s] Level 1:colcon.colcon_core.package_identification:_identify(src/log) by extensions ['ignore', 'ignore_ament_install']
[0.459s] Level 1:colcon.colcon_core.package_identification:_identify(src/log) by extension 'ignore'
[0.459s] Level 1:colcon.colcon_core.package_identification:_identify(src/log) ignored
[0.460s] Level 1:colcon.colcon_core.package_discovery:discover_packages(recursive) using defaults
[0.460s] Level 1:colcon.colcon_core.package_discovery:discover_packages(ignore) discover
[0.460s] Level 1:colcon.colcon_core.package_discovery:discover_packages(ignore) using defaults
[0.460s] Level 1:colcon.colcon_core.package_discovery:discover_packages(path) discover
[0.460s] Level 1:colcon.colcon_core.package_discovery:discover_packages(path) using defaults
[0.500s] Level 1:colcon.colcon_core.package_discovery:discover_packages(prefix_path) check parameters
[0.500s] Level 1:colcon.colcon_core.package_discovery:discover_packages(prefix_path) discover
[0.502s] WARNING:colcon.colcon_ros.prefix_path.ament:The path '/home/tarun/surveillance_bot/ros2/ws/install/edgevision_ros' in the environment variable AMENT_PREFIX_PATH doesn't exist
[0.502s] WARNING:colcon.colcon_ros.prefix_path.ament:The path '/home/tarun/surveillance_bot/ros2/ws/install/edgevision_msgs' in the environment variable AMENT_PREFIX_PATH doesn't exist
[0.502s] WARNING:colcon.colcon_ros.prefix_path.catkin:The path '/home/tarun/surveillance_bot/ros2/ws/install/edgevision_msgs' in the environment variable CMAKE_PREFIX_PATH doesn't exist
[0.503s] DEBUG:colcon.colcon_installed_package_information.package_discovery:Found 0 installed packages in /home/tarun/surveillance_bot/ros2/ws/install
[0.505s] DEBUG:colcon.colcon_installed_package_information.package_discovery:Found 273 installed packages in /opt/ros/humble
[0.506s] Level 1:colcon.colcon_core.package_discovery:discover_packages(prefix_path) using defaults
[0.546s] Level 5:colcon.colcon_core.verb:set package 'edgevision_msgs' build argument 'cmake_args' from command line to 'None'
[0.546s] Level 5:colcon.colcon_core.verb:set package 'edgevision_msgs' build argument 'cmake_target' from command line to 'None'
[0.546s] Level 5:colcon.colcon_core.verb:set package 'edgevision_msgs' build argument 'cmake_target_skip_unavailable' from command line to 'False'
[0.546s] Level 5:colcon.colcon_core.verb:set package 'edgevision_msgs' build argument 'cmake_clean_cache' from command line to 'False'
[0.547s] Level 5:colcon.colcon_core.verb:set package 'edgevision_msgs' build argument 'cmake_clean_first' from command line to 'False'
[0.547s] Level 5:colcon.colcon_core.verb:set package 'edgevision_msgs' build argument 'cmake_force_configure' from command line to 'False'
[0.547s] Level 5:colcon.colcon_core.verb:set package 'edgevision_msgs' build argument 'ament_cmake_args' from command line to 'None'
[0.547s] Level 5:colcon.colcon_core.verb:set package 'edgevision_msgs' build argument 'catkin_cmake_args' from command line to 'None'
[0.547s] Level 5:colcon.colcon_core.verb:set package 'edgevision_msgs' build argument 'catkin_skip_building_tests' from command line to 'False'
[0.547s] DEBUG:colcon.colcon_core.verb:Building package 'edgevision_msgs' with the following arguments: {'ament_cmake_args': None, 'build_base': '/home/tarun/surveillance_bot/ros2/ws/build/edgevision_msgs', 'catkin_cmake_args': None, 'catkin_skip_building_tests': False, 'cmake_args': None, 'cmake_clean_cache': False, 'cmake_clean_first': False, 'cmake_force_configure': False, 'cmake_target': None, 'cmake_target_skip_unavailable': False, 'install_base': '/home/tarun/surveillance_bot/ros2/ws/install/edgevision_msgs', 'merge_install': False, 'path': '/home/tarun/surveillance_bot/ros2/ws/src/edgevision_msgs', 'symlink_install': True, 'test_result_base': None}
[0.547s] Level 5:colcon.colcon_core.verb:set package 'edgevision_ros' build argument 'cmake_args' from command line to 'None'
[0.547s] Level 5:colcon.colcon_core.verb:set package 'edgevision_ros' build argument 'cmake_target' from command line to 'None'
[0.547s] Level 5:colcon.colcon_core.verb:set package 'edgevision_ros' build argument 'cmake_target_skip_unavailable' from command line to 'False'
[0.547s] Level 5:colcon.colcon_core.verb:set package 'edgevision_ros' build argument 'cmake_clean_cache' from command line to 'False'
[0.547s] Level 5:colcon.colcon_core.verb:set package 'edgevision_ros' build argument 'cmake_clean_first' from command line to 'False'
[0.547s] Level 5:colcon.colcon_core.verb:set package 'edgevision_ros' build argument 'cmake_force_configure' from command line to 'False'
[0.547s] Level 5:colcon.colcon_core.verb:set package 'edgevision_ros' build argument 'ament_cmake_args' from command line to 'None'
[0.547s] Level 5:colcon.colcon_core.verb:set package 'edgevision_ros' build argument 'catkin_cmake_args' from command line to 'None'
[0.547s] Level 5:colcon.colcon_core.verb:set package 'edgevision_ros' build argument 'catkin_skip_building_tests' from command line to 'False'
[0.547s] DEBUG:colcon.colcon_core.verb:Building package 'edgevision_ros' with the following arguments: {'ament_cmake_args': None, 'build_base': '/home/tarun/surveillance_bot/ros2/ws/build/edgevision_ros', 'catkin_cmake_args': None, 'catkin_skip_building_tests': False, 'cmake_args': None, 'cmake_clean_cache': False, 'cmake_clean_first': False, 'cmake_force_configure': False, 'cmake_target': None, 'cmake_target_skip_unavailable': False, 'install_base': '/home/tarun/surveillance_bot/ros2/ws/install/edgevision_ros', 'merge_install': False, 'path': '/home/tarun/surveillance_bot/ros2/ws/src/edgevision_ros', 'symlink_install': True, 'test_result_base': None}
[0.547s] INFO:colcon.colcon_core.executor:Executing jobs using 'parallel' executor
[0.549s] DEBUG:colcon.colcon_parallel_executor.executor.parallel:run_until_complete
[0.549s] INFO:colcon.colcon_ros.task.ament_cmake.build:Building ROS package in '/home/tarun/surveillance_bot/ros2/ws/src/edgevision_msgs' with build type 'ament_cmake'
[0.549s] INFO:colcon.colcon_cmake.task.cmake.build:Building CMake package in '/home/tarun/surveillance_bot/ros2/ws/src/edgevision_msgs'
[0.554s] INFO:colcon.colcon_core.plugin_system:Skipping extension 'colcon_core.shell.bat': Not used on non-Windows systems
[0.554s] INFO:colcon.colcon_core.shell:Skip shell extension 'powershell' for command environment: Not usable outside of PowerShell
[0.554s] DEBUG:colcon.colcon_core.shell:Skip shell extension 'dsv' for command environment
[0.565s] DEBUG:colcon.colcon_core.event_handler.log_command:Invoking command in '/home/tarun/surveillance_bot/ros2/ws/build/edgevision_msgs': CMAKE_PREFIX_PATH=${CMAKE_PREFIX_PATH}:/home/tarun/surveillance_bot/ros2/ws/install/edgevision_ros:/opt/ros/humble /usr/bin/cmake /home/tarun/surveillance_bot/ros2/ws/src/edgevision_msgs -DAMENT_CMAKE_SYMLINK_INSTALL=1 -DCMAKE_INSTALL_PREFIX=/home/tarun/surveillance_bot/ros2/ws/install/edgevision_msgs
[3.054s] DEBUG:colcon.colcon_core.event_handler.log_command:Invoked command in '/home/tarun/surveillance_bot/ros2/ws/build/edgevision_msgs' returned '0': CMAKE_PREFIX_PATH=${CMAKE_PREFIX_PATH}:/home/tarun/surveillance_bot/ros2/ws/install/edgevision_ros:/opt/ros/humble /usr/bin/cmake /home/tarun/surveillance_bot/ros2/ws/src/edgevision_msgs -DAMENT_CMAKE_SYMLINK_INSTALL=1 -DCMAKE_INSTALL_PREFIX=/home/tarun/surveillance_bot/ros2/ws/install/edgevision_msgs
[3.058s] DEBUG:colcon.colcon_core.event_handler.log_command:Invoking command in '/home/tarun/surveillance_bot/ros2/ws/build/edgevision_msgs': CMAKE_PREFIX_PATH=${CMAKE_PREFIX_PATH}:/home/tarun/surveillance_bot/ros2/ws/install/edgevision_ros:/opt/ros/humble /usr/bin/cmake --build /home/tarun/surveillance_bot/ros2/ws/build/edgevision_msgs -- -j8 -l8
[7.661s] DEBUG:colcon.colcon_core.event_handler.log_command:Invoked command in '/home/tarun/surveillance_bot/ros2/ws/build/edgevision_msgs' returned '0': CMAKE_PREFIX_PATH=${CMAKE_PREFIX_PATH}:/home/tarun/surveillance_bot/ros2/ws/install/edgevision_ros:/opt/ros/humble /usr/bin/cmake --build /home/tarun/surveillance_bot/ros2/ws/build/edgevision_msgs -- -j8 -l8
[7.680s] DEBUG:colcon.colcon_core.event_handler.log_command:Invoking command in '/home/tarun/surveillance_bot/ros2/ws/build/edgevision_msgs': CMAKE_PREFIX_PATH=${CMAKE_PREFIX_PATH}:/home/tarun/surveillance_bot/ros2/ws/install/edgevision_ros:/opt/ros/humble /usr/bin/cmake --install /home/tarun/surveillance_bot/ros2/ws/build/edgevision_msgs
[9.238s] Level 1:colcon.colcon_core.environment:create_environment_scripts_only(edgevision_msgs)
[9.238s] DEBUG:colcon.colcon_core.event_handler.log_command:Invoked command in '/home/tarun/surveillance_bot/ros2/ws/build/edgevision_msgs' returned '0': CMAKE_PREFIX_PATH=${CMAKE_PREFIX_PATH}:/home/tarun/surveillance_bot/ros2/ws/install/edgevision_ros:/opt/ros/humble /usr/bin/cmake --install /home/tarun/surveillance_bot/ros2/ws/build/edgevision_msgs
[9.244s] Level 1:colcon.colcon_core.environment:checking '/home/tarun/surveillance_bot/ros2/ws/install/edgevision_msgs' for CMake module files
[9.245s] Level 1:colcon.colcon_core.environment:checking '/home/tarun/surveillance_bot/ros2/ws/install/edgevision_msgs' for CMake config files
[9.246s] Level 1:colcon.colcon_core.shell:create_environment_hook('edgevision_msgs', 'cmake_prefix_path')
[9.246s] INFO:colcon.colcon_core.shell:Creating environment hook '/home/tarun/surveillance_bot/ros2/ws/install/edgevision_msgs/share/edgevision_msgs/hook/cmake_prefix_path.ps1'
[9.248s] INFO:colcon.colcon_core.shell:Creating environment descriptor '/home/tarun/surveillance_bot/ros2/ws/install/edgevision_msgs/share/edgevision_msgs/hook/cmake_prefix_path.dsv'
[9.248s] INFO:colcon.colcon_core.shell:Creating environment hook '/home/tarun/surveillance_bot/ros2/ws/install/edgevision_msgs/share/edgevision_msgs/hook/cmake_prefix_path.sh'
[9.249s] Level 1:colcon.colcon_core.environment:checking '/home/tarun/surveillance_bot/ros2/ws/install/edgevision_msgs/lib'
[9.249s] Level 1:colcon.colcon_core.shell:create_environment_hook('edgevision_msgs', 'ld_library_path_lib')
[9.250s] INFO:colcon.colcon_core.shell:Creating environment hook '/home/tarun/surveillance_bot/ros2/ws/install/edgevision_msgs/share/edgevision_msgs/hook/ld_library_path_lib.ps1'
[9.251s] INFO:colcon.colcon_core.shell:Creating environment descriptor '/home/tarun/surveillance_bot/ros2/ws/install/edgevision_msgs/share/edgevision_msgs/hook/ld_library_path_lib.dsv'
[9.252s] INFO:colcon.colcon_core.shell:Creating environment hook '/home/tarun/surveillance_bot/ros2/ws/install/edgevision_msgs/share/edgevision_msgs/hook/ld_library_path_lib.sh'
[9.252s] Level 1:colcon.colcon_core.environment:checking '/home/tarun/surveillance_bot/ros2/ws/install/edgevision_msgs/bin'
[9.253s] Level 1:colcon.colcon_core.environment:checking '/home/tarun/surveillance_bot/ros2/ws/install/edgevision_msgs/lib/pkgconfig/edgevision_msgs.pc'
[9.253s] Level 1:colcon.colcon_core.environment:checking '/home/tarun/surveillance_bot/ros2/ws/install/edgevision_msgs/lib/python3.10/site-packages'
[9.254s] Level 1:colcon.colcon_core.environment:checking '/home/tarun/surveillance_bot/ros2/ws/install/edgevision_msgs/bin'
[9.255s] INFO:colcon.colcon_core.shell:Creating package script '/home/tarun/surveillance_bot/ros2/ws/install/edgevision_msgs/share/edgevision_msgs/package.ps1'
[9.259s] INFO:colcon.colcon_core.shell:Creating package descriptor '/home/tarun/surveillance_bot/ros2/ws/install/edgevision_msgs/share/edgevision_msgs/package.dsv'
[9.261s] INFO:colcon.colcon_core.shell:Creating package script '/home/tarun/surveillance_bot/ros2/ws/install/edgevision_msgs/share/edgevision_msgs/package.sh'
[9.263s] INFO:colcon.colcon_core.shell:Creating package script '/home/tarun/surveillance_bot/ros2/ws/install/edgevision_msgs/share/edgevision_msgs/package.bash'
[9.266s] INFO:colcon.colcon_core.shell:Creating package script '/home/tarun/surveillance_bot/ros2/ws/install/edgevision_msgs/share/edgevision_msgs/package.zsh'
[9.268s] Level 1:colcon.colcon_core.environment:create_file_with_runtime_dependencies(/home/tarun/surveillance_bot/ros2/ws/install/edgevision_msgs/share/colcon-core/packages/edgevision_msgs)
[9.271s] Level 1:colcon.colcon_core.environment:create_environment_scripts_only(edgevision_msgs)
[9.271s] Level 1:colcon.colcon_core.environment:checking '/home/tarun/surveillance_bot/ros2/ws/install/edgevision_msgs' for CMake module files
[9.274s] Level 1:colcon.colcon_core.environment:checking '/home/tarun/surveillance_bot/ros2/ws/install/edgevision_msgs' for CMake config files
[9.277s] Level 1:colcon.colcon_core.shell:create_environment_hook('edgevision_msgs', 'cmake_prefix_path')
[9.278s] INFO:colcon.colcon_core.shell:Creating environment hook '/home/tarun/surveillance_bot/ros2/ws/install/edgevision_msgs/share/edgevision_msgs/hook/cmake_prefix_path.ps1'
[9.279s] INFO:colcon.colcon_core.shell:Creating environment descriptor '/home/tarun/surveillance_bot/ros2/ws/install/edgevision_msgs/share/edgevision_msgs/hook/cmake_prefix_path.dsv'
[9.280s] INFO:colcon.colcon_core.shell:Creating environment hook '/home/tarun/surveillance_bot/ros2/ws/install/edgevision_msgs/share/edgevision_msgs/hook/cmake_prefix_path.sh'
[9.282s] Level 1:colcon.colcon_core.environment:checking '/home/tarun/surveillance_bot/ros2/ws/install/edgevision_msgs/lib'
[9.282s] Level 1:colcon.colcon_core.shell:create_environment_hook('edgevision_msgs', 'ld_library_path_lib')
[9.283s] INFO:colcon.colcon_core.shell:Creating environment hook '/home/tarun/surveillance_bot/ros2/ws/install/edgevision_msgs/share/edgevision_msgs/hook/ld_library_path_lib.ps1'
[9.284s] INFO:colcon.colcon_core.shell:Creating environment descriptor '/home/tarun/surveillance_bot/ros2/ws/install/edgevision_msgs/share/edgevision_msgs/hook/ld_library_path_lib.dsv'
[9.285s] INFO:colcon.colcon_core.shell:Creating environment hook '/home/tarun/surveillance_bot/ros2/ws/install/edgevision_msgs/share/edgevision_msgs/hook/ld_library_path_lib.sh'
[9.286s] Level 1:colcon.colcon_core.environment:checking '/home/tarun/surveillance_bot/ros2/ws/install/edgevision_msgs/bin'
[9.286s] Level 1:colcon.colcon_core.environment:checking '/home/tarun/surveillance_bot/ros2/ws/install/edgevision_msgs/lib/pkgconfig/edgevision_msgs.pc'
[9.287s] Level 1:colcon.colcon_core.environment:checking '/home/tarun/surveillance_bot/ros2/ws/install/edgevision_msgs/lib/python3.10/site-packages'
[9.288s] Level 1:colcon.colcon_core.environment:checking '/home/tarun/surveillance_bot/ros2/ws/install/edgevision_msgs/bin'
[9.289s] INFO:colcon.colcon_core.shell:Creating package script '/home/tarun/surveillance_bot/ros2/ws/install/edgevision_msgs/share/edgevision_msgs/package.ps1'
[9.291s] INFO:colcon.colcon_core.shell:Creating package descriptor '/home/tarun/surveillance_bot/ros2/ws/install/edgevision_msgs/share/edgevision_msgs/package.dsv'
[9.292s] INFO:colcon.colcon_core.shell:Creating package script '/home/tarun/surveillance_bot/ros2/ws/install/edgevision_msgs/share/edgevision_msgs/package.sh'
[9.294s] INFO:colcon.colcon_core.shell:Creating package script '/home/tarun/surveillance_bot/ros2/ws/install/edgevision_msgs/share/edgevision_msgs/package.bash'
[9.295s] INFO:colcon.colcon_core.shell:Creating package script '/home/tarun/surveillance_bot/ros2/ws/install/edgevision_msgs/share/edgevision_msgs/package.zsh'
[9.296s] Level 1:colcon.colcon_core.environment:create_file_with_runtime_dependencies(/home/tarun/surveillance_bot/ros2/ws/install/edgevision_msgs/share/colcon-core/packages/edgevision_msgs)
[9.296s] INFO:colcon.colcon_ros.task.ament_python.build:Building ROS package in '/home/tarun/surveillance_bot/ros2/ws/src/edgevision_ros' with build type 'ament_python'
[9.296s] Level 1:colcon.colcon_core.shell:create_environment_hook('edgevision_ros', 'ament_prefix_path')
[9.297s] INFO:colcon.colcon_core.shell:Creating environment hook '/home/tarun/surveillance_bot/ros2/ws/install/edgevision_ros/share/edgevision_ros/hook/ament_prefix_path.ps1'
[9.298s] INFO:colcon.colcon_core.shell:Creating environment descriptor '/home/tarun/surveillance_bot/ros2/ws/install/edgevision_ros/share/edgevision_ros/hook/ament_prefix_path.dsv'
[9.298s] INFO:colcon.colcon_core.shell:Creating environment hook '/home/tarun/surveillance_bot/ros2/ws/install/edgevision_ros/share/edgevision_ros/hook/ament_prefix_path.sh'
[9.299s] INFO:colcon.colcon_core.shell:Skip shell extension 'powershell' for command environment: Not usable outside of PowerShell
[9.299s] DEBUG:colcon.colcon_core.shell:Skip shell extension 'dsv' for command environment
[9.618s] INFO:colcon.colcon_core.task.python.build:Building Python package in '/home/tarun/surveillance_bot/ros2/ws/src/edgevision_ros'
[9.618s] INFO:colcon.colcon_core.shell:Skip shell extension 'powershell' for command environment: Not usable outside of PowerShell
[9.618s] DEBUG:colcon.colcon_core.shell:Skip shell extension 'dsv' for command environment
[10.047s] DEBUG:colcon.colcon_core.task.python.build:Available setuptools commands: alias, install, egg_info, build_clib, rotate, bdist_dumb, symlink_data, dist_info, bdist_wheel, build_ext, clean, install_scripts, bdist_rpm, bdist, install_headers, install_egg_info, test, install_lib, sdist, saveopts, build_scripts, easy_install, upload, build, setopt, check, install_data, build_py, bdist_egg, develop, register, upload_docs
[10.363s] DEBUG:colcon.colcon_core.task.python.build:Available setuptools 'develop' options: --record, --script-dir, --quiet, --install-dir, --upgrade, --local-snapshots-ok, --no-find-links, --no-deps, --zip-ok, --no-user-cfg, --allow-hosts, --editable, --user, --help, --exclude-scripts, --prefix, --optimize, --install-layout, --egg-path, --index-url, --build-directory, --find-links, --always-copy, --multi-version, --dry-run, --version, --site-dirs, --verbose, --uninstall, --force-installation-into-system-dir, --always-unzip
[10.366s] DEBUG:colcon.colcon_core.event_handler.log_command:Invoking command in '/home/tarun/surveillance_bot/ros2/ws/build/edgevision_ros': PYTHONPATH=/home/tarun/surveillance_bot/ros2/ws/build/edgevision_ros/prefix_override:/usr/lib/python3/dist-packages/colcon_core/task/python/colcon_distutils_commands:/home/tarun/surveillance_bot/ros2/ws/install/edgevision_ros/lib/python3.10/site-packages:${PYTHONPATH} /usr/bin/python3 -W ignore:setup.py install is deprecated -W ignore:easy_install command is deprecated setup.py develop --editable --build-directory /home/tarun/surveillance_bot/ros2/ws/build/edgevision_ros/build --no-deps symlink_data
[10.883s] Level 1:colcon.colcon_core.shell:create_environment_hook('edgevision_ros', 'pythonpath_develop')
[10.883s] DEBUG:colcon.colcon_core.event_handler.log_command:Invoked command in '/home/tarun/surveillance_bot/ros2/ws/build/edgevision_ros' returned '0': PYTHONPATH=/home/tarun/surveillance_bot/ros2/ws/build/edgevision_ros/prefix_override:/usr/lib/python3/dist-packages/colcon_core/task/python/colcon_distutils_commands:/home/tarun/surveillance_bot/ros2/ws/install/edgevision_ros/lib/python3.10/site-packages:${PYTHONPATH} /usr/bin/python3 -W ignore:setup.py install is deprecated -W ignore:easy_install command is deprecated setup.py develop --editable --build-directory /home/tarun/surveillance_bot/ros2/ws/build/edgevision_ros/build --no-deps symlink_data
[10.884s] INFO:colcon.colcon_core.shell:Creating environment hook '/home/tarun/surveillance_bot/ros2/ws/build/edgevision_ros/share/edgevision_ros/hook/pythonpath_develop.ps1'
[10.885s] INFO:colcon.colcon_core.shell:Creating environment descriptor '/home/tarun/surveillance_bot/ros2/ws/build/edgevision_ros/share/edgevision_ros/hook/pythonpath_develop.dsv'
[10.886s] INFO:colcon.colcon_core.shell:Creating environment hook '/home/tarun/surveillance_bot/ros2/ws/build/edgevision_ros/share/edgevision_ros/hook/pythonpath_develop.sh'
[10.887s] Level 1:colcon.colcon_core.environment:checking '/home/tarun/surveillance_bot/ros2/ws/install/edgevision_ros' for CMake module files
[10.888s] Level 1:colcon.colcon_core.environment:checking '/home/tarun/surveillance_bot/ros2/ws/install/edgevision_ros' for CMake config files
[10.889s] Level 1:colcon.colcon_core.environment:checking '/home/tarun/surveillance_bot/ros2/ws/install/edgevision_ros/lib'
[10.889s] Level 1:colcon.colcon_core.environment:checking '/home/tarun/surveillance_bot/ros2/ws/install/edgevision_ros/bin'
[10.889s] Level 1:colcon.colcon_core.environment:checking '/home/tarun/surveillance_bot/ros2/ws/install/edgevision_ros/lib/pkgconfig/edgevision_ros.pc'
[10.890s] Level 1:colcon.colcon_core.environment:checking '/home/tarun/surveillance_bot/ros2/ws/install/edgevision_ros/lib/python3.10/site-packages'
[10.890s] Level 1:colcon.colcon_core.shell:create_environment_hook('edgevision_ros', 'pythonpath')
[10.890s] INFO:colcon.colcon_core.shell:Creating environment hook '/home/tarun/surveillance_bot/ros2/ws/install/edgevision_ros/share/edgevision_ros/hook/pythonpath.ps1'
[10.891s] INFO:colcon.colcon_core.shell:Creating environment descriptor '/home/tarun/surveillance_bot/ros2/ws/install/edgevision_ros/share/edgevision_ros/hook/pythonpath.dsv'
[10.892s] INFO:colcon.colcon_core.shell:Creating environment hook '/home/tarun/surveillance_bot/ros2/ws/install/edgevision_ros/share/edgevision_ros/hook/pythonpath.sh'
[10.894s] Level 1:colcon.colcon_core.environment:checking '/home/tarun/surveillance_bot/ros2/ws/install/edgevision_ros/bin'
[10.894s] Level 1:colcon.colcon_core.environment:create_environment_scripts_only(edgevision_ros)
[10.895s] INFO:colcon.colcon_core.shell:Creating package script '/home/tarun/surveillance_bot/ros2/ws/install/edgevision_ros/share/edgevision_ros/package.ps1'
[10.897s] INFO:colcon.colcon_core.shell:Creating package descriptor '/home/tarun/surveillance_bot/ros2/ws/install/edgevision_ros/share/edgevision_ros/package.dsv'
[10.898s] INFO:colcon.colcon_core.shell:Creating package script '/home/tarun/surveillance_bot/ros2/ws/install/edgevision_ros/share/edgevision_ros/package.sh'
[10.900s] INFO:colcon.colcon_core.shell:Creating package script '/home/tarun/surveillance_bot/ros2/ws/install/edgevision_ros/share/edgevision_ros/package.bash'
[10.901s] INFO:colcon.colcon_core.shell:Creating package script '/home/tarun/surveillance_bot/ros2/ws/install/edgevision_ros/share/edgevision_ros/package.zsh'
[10.902s] Level 1:colcon.colcon_core.environment:create_file_with_runtime_dependencies(/home/tarun/surveillance_bot/ros2/ws/install/edgevision_ros/share/colcon-core/packages/edgevision_ros)
[10.903s] DEBUG:colcon.colcon_parallel_executor.executor.parallel:closing loop
[10.903s] DEBUG:colcon.colcon_parallel_executor.executor.parallel:loop closed
[10.904s] DEBUG:colcon.colcon_parallel_executor.executor.parallel:run_until_complete finished with '0'
[10.904s] DEBUG:colcon.colcon_core.event_reactor:joining thread
[10.915s] INFO:colcon.colcon_core.plugin_system:Skipping extension 'colcon_notification.desktop_notification.terminal_notifier': Not used on non-Darwin systems
[10.915s] INFO:colcon.colcon_core.plugin_system:Skipping extension 'colcon_notification.desktop_notification.win32': Not used on non-Windows systems
[10.915s] INFO:colcon.colcon_notification.desktop_notification:Sending desktop notification using 'notify2'
[10.951s] DEBUG:colcon.colcon_core.event_reactor:joined thread
[10.951s] INFO:colcon.colcon_core.shell:Creating prefix script '/home/tarun/surveillance_bot/ros2/ws/install/local_setup.ps1'
[10.954s] INFO:colcon.colcon_core.shell:Creating prefix util module '/home/tarun/surveillance_bot/ros2/ws/install/_local_setup_util_ps1.py'
[10.959s] INFO:colcon.colcon_core.shell:Creating prefix chain script '/home/tarun/surveillance_bot/ros2/ws/install/setup.ps1'
[10.964s] INFO:colcon.colcon_core.shell:Creating prefix script '/home/tarun/surveillance_bot/ros2/ws/install/local_setup.sh'
[10.966s] INFO:colcon.colcon_core.shell:Creating prefix util module '/home/tarun/surveillance_bot/ros2/ws/install/_local_setup_util_sh.py'
[10.968s] INFO:colcon.colcon_core.shell:Creating prefix chain script '/home/tarun/surveillance_bot/ros2/ws/install/setup.sh'
[10.971s] INFO:colcon.colcon_core.shell:Creating prefix script '/home/tarun/surveillance_bot/ros2/ws/install/local_setup.bash'
[10.973s] INFO:colcon.colcon_core.shell:Creating prefix chain script '/home/tarun/surveillance_bot/ros2/ws/install/setup.bash'
[10.975s] INFO:colcon.colcon_core.shell:Creating prefix script '/home/tarun/surveillance_bot/ros2/ws/install/local_setup.zsh'
[10.977s] INFO:colcon.colcon_core.shell:Creating prefix chain script '/home/tarun/surveillance_bot/ros2/ws/install/setup.zsh'
