[0.025s] Invoking command in '/home/tarun/surveillance_bot/ros2/ws/build/edgevision_msgs': CMAKE_PREFIX_PATH=/opt/ros/humble VIRTUAL_ENV_PROMPT=(.venv) /usr/bin/cmake --build /home/tarun/surveillance_bot/ros2/ws/build/edgevision_msgs -- -j8 -l8
[0.212s] [  1%] Built target edgevision_msgs__cpp
[0.217s] [  2%] Built target edgevision_msgs__rs
[0.233s] [ 13%] Built target edgevision_msgs__rosidl_generator_c
[0.236s] [ 13%] Built target ament_cmake_python_symlink_edgevision_msgs
[0.286s] [ 31%] Built target edgevision_msgs__rosidl_typesupport_introspection_cpp
[0.286s] [ 36%] Built target edgevision_msgs__rosidl_typesupport_cpp
[0.297s] [ 47%] Built target edgevision_msgs__rosidl_typesupport_fastrtps_cpp
[0.299s] [ 58%] Built target edgevision_msgs__rosidl_typesupport_c
[0.303s] [ 80%] Built target edgevision_msgs__rosidl_typesupport_fastrtps_c
[0.303s] [ 80%] Built target edgevision_msgs__rosidl_typesupport_introspection_c
[0.355s] [ 80%] Built target edgevision_msgs
[0.405s] [ 81%] Built target edgevision_msgs__py
[0.478s] [ 91%] Built target edgevision_msgs__rosidl_generator_py
[0.529s] [ 94%] Built target edgevision_msgs__rosidl_typesupport_introspection_c__pyext
[0.532s] [ 97%] Built target edgevision_msgs__rosidl_typesupport_c__pyext
[0.534s] [100%] Built target edgevision_msgs__rosidl_typesupport_fastrtps_c__pyext
[0.724s] running egg_info
[0.743s] writing edgevision_msgs.egg-info/PKG-INFO
[0.744s] writing dependency_links to edgevision_msgs.egg-info/dependency_links.txt
[0.745s] writing top-level names to edgevision_msgs.egg-info/top_level.txt
[0.809s] reading manifest file 'edgevision_msgs.egg-info/SOURCES.txt'
[0.813s] writing manifest file 'edgevision_msgs.egg-info/SOURCES.txt'
[0.897s] [100%] Built target ament_cmake_python_build_edgevision_msgs_egg
[0.928s] Invoked command in '/home/tarun/surveillance_bot/ros2/ws/build/edgevision_msgs' returned '0': CMAKE_PREFIX_PATH=/opt/ros/humble VIRTUAL_ENV_PROMPT=(.venv) /usr/bin/cmake --build /home/tarun/surveillance_bot/ros2/ws/build/edgevision_msgs -- -j8 -l8
[0.964s] Invoking command in '/home/tarun/surveillance_bot/ros2/ws/build/edgevision_msgs': CMAKE_PREFIX_PATH=/opt/ros/humble VIRTUAL_ENV_PROMPT=(.venv) /usr/bin/cmake --install /home/tarun/surveillance_bot/ros2/ws/build/edgevision_msgs
[0.978s] -- Install configuration: ""
[0.980s] -- Execute custom install script
[0.981s] -- Up-to-date symlink: /home/tarun/surveillance_bot/ros2/ws/install/edgevision_msgs/share/ament_index/resource_index/rosidl_interfaces/edgevision_msgs
[0.983s] -- Up-to-date symlink: /home/tarun/surveillance_bot/ros2/ws/install/edgevision_msgs/include/edgevision_msgs/edgevision_msgs/msg/detail/detection__functions.h
[0.983s] -- Up-to-date symlink: /home/tarun/surveillance_bot/ros2/ws/install/edgevision_msgs/include/edgevision_msgs/edgevision_msgs/msg/detail/detection__struct.h
[0.983s] -- Up-to-date symlink: /home/tarun/surveillance_bot/ros2/ws/install/edgevision_msgs/include/edgevision_msgs/edgevision_msgs/msg/detail/detection__type_support.h
[0.983s] -- Up-to-date symlink: /home/tarun/surveillance_bot/ros2/ws/install/edgevision_msgs/include/edgevision_msgs/edgevision_msgs/msg/detail/detection_array__functions.h
[0.984s] -- Up-to-date symlink: /home/tarun/surveillance_bot/ros2/ws/install/edgevision_msgs/include/edgevision_msgs/edgevision_msgs/msg/detail/detection_array__struct.h
[0.984s] -- Up-to-date symlink: /home/tarun/surveillance_bot/ros2/ws/install/edgevision_msgs/include/edgevision_msgs/edgevision_msgs/msg/detail/detection_array__type_support.h
[0.984s] -- Up-to-date symlink: /home/tarun/surveillance_bot/ros2/ws/install/edgevision_msgs/include/edgevision_msgs/edgevision_msgs/msg/detail/face_detection__functions.h
[0.985s] -- Up-to-date symlink: /home/tarun/surveillance_bot/ros2/ws/install/edgevision_msgs/include/edgevision_msgs/edgevision_msgs/msg/detail/face_detection__struct.h
[0.985s] -- Up-to-date symlink: /home/tarun/surveillance_bot/ros2/ws/install/edgevision_msgs/include/edgevision_msgs/edgevision_msgs/msg/detail/face_detection__type_support.h
[0.985s] -- Up-to-date symlink: /home/tarun/surveillance_bot/ros2/ws/install/edgevision_msgs/include/edgevision_msgs/edgevision_msgs/msg/detail/face_detection_array__functions.h
[0.985s] -- Up-to-date symlink: /home/tarun/surveillance_bot/ros2/ws/install/edgevision_msgs/include/edgevision_msgs/edgevision_msgs/msg/detail/face_detection_array__struct.h
[0.985s] -- Up-to-date symlink: /home/tarun/surveillance_bot/ros2/ws/install/edgevision_msgs/include/edgevision_msgs/edgevision_msgs/msg/detail/face_detection_array__type_support.h
[0.986s] -- Up-to-date symlink: /home/tarun/surveillance_bot/ros2/ws/install/edgevision_msgs/include/edgevision_msgs/edgevision_msgs/msg/detail/tracked_detection__functions.h
[0.986s] -- Up-to-date symlink: /home/tarun/surveillance_bot/ros2/ws/install/edgevision_msgs/include/edgevision_msgs/edgevision_msgs/msg/detail/tracked_detection__struct.h
[0.986s] -- Up-to-date symlink: /home/tarun/surveillance_bot/ros2/ws/install/edgevision_msgs/include/edgevision_msgs/edgevision_msgs/msg/detail/tracked_detection__type_support.h
[0.987s] -- Up-to-date symlink: /home/tarun/surveillance_bot/ros2/ws/install/edgevision_msgs/include/edgevision_msgs/edgevision_msgs/msg/detail/tracked_detection_array__functions.h
[0.987s] -- Up-to-date symlink: /home/tarun/surveillance_bot/ros2/ws/install/edgevision_msgs/include/edgevision_msgs/edgevision_msgs/msg/detail/tracked_detection_array__struct.h
[0.987s] -- Up-to-date symlink: /home/tarun/surveillance_bot/ros2/ws/install/edgevision_msgs/include/edgevision_msgs/edgevision_msgs/msg/detail/tracked_detection_array__type_support.h
[0.988s] -- Up-to-date symlink: /home/tarun/surveillance_bot/ros2/ws/install/edgevision_msgs/include/edgevision_msgs/edgevision_msgs/msg/detection.h
[0.988s] -- Up-to-date symlink: /home/tarun/surveillance_bot/ros2/ws/install/edgevision_msgs/include/edgevision_msgs/edgevision_msgs/msg/detection_array.h
[0.988s] -- Up-to-date symlink: /home/tarun/surveillance_bot/ros2/ws/install/edgevision_msgs/include/edgevision_msgs/edgevision_msgs/msg/face_detection.h
[0.989s] -- Up-to-date symlink: /home/tarun/surveillance_bot/ros2/ws/install/edgevision_msgs/include/edgevision_msgs/edgevision_msgs/msg/face_detection_array.h
[0.989s] -- Up-to-date symlink: /home/tarun/surveillance_bot/ros2/ws/install/edgevision_msgs/include/edgevision_msgs/edgevision_msgs/msg/rosidl_generator_c__visibility_control.h
[0.989s] -- Up-to-date symlink: /home/tarun/surveillance_bot/ros2/ws/install/edgevision_msgs/include/edgevision_msgs/edgevision_msgs/msg/tracked_detection.h
[0.990s] -- Up-to-date symlink: /home/tarun/surveillance_bot/ros2/ws/install/edgevision_msgs/include/edgevision_msgs/edgevision_msgs/msg/tracked_detection_array.h
[0.990s] -- Up-to-date symlink: /home/tarun/surveillance_bot/ros2/ws/install/edgevision_msgs/share/edgevision_msgs/environment/library_path.sh
[0.990s] -- Up-to-date symlink: /home/tarun/surveillance_bot/ros2/ws/install/edgevision_msgs/share/edgevision_msgs/environment/library_path.dsv
[0.992s] -- Up-to-date symlink: /home/tarun/surveillance_bot/ros2/ws/install/edgevision_msgs/include/edgevision_msgs/edgevision_msgs/msg/detail/detection__rosidl_typesupport_fastrtps_c.h
[0.992s] -- Up-to-date symlink: /home/tarun/surveillance_bot/ros2/ws/install/edgevision_msgs/include/edgevision_msgs/edgevision_msgs/msg/detail/detection_array__rosidl_typesupport_fastrtps_c.h
[0.993s] -- Up-to-date symlink: /home/tarun/surveillance_bot/ros2/ws/install/edgevision_msgs/include/edgevision_msgs/edgevision_msgs/msg/detail/face_detection__rosidl_typesupport_fastrtps_c.h
[0.993s] -- Up-to-date symlink: /home/tarun/surveillance_bot/ros2/ws/install/edgevision_msgs/include/edgevision_msgs/edgevision_msgs/msg/detail/face_detection_array__rosidl_typesupport_fastrtps_c.h
[0.993s] -- Up-to-date symlink: /home/tarun/surveillance_bot/ros2/ws/install/edgevision_msgs/include/edgevision_msgs/edgevision_msgs/msg/detail/tracked_detection__rosidl_typesupport_fastrtps_c.h
[0.993s] -- Up-to-date symlink: /home/tarun/surveillance_bot/ros2/ws/install/edgevision_msgs/include/edgevision_msgs/edgevision_msgs/msg/detail/tracked_detection_array__rosidl_typesupport_fastrtps_c.h
[0.994s] -- Up-to-date symlink: /home/tarun/surveillance_bot/ros2/ws/install/edgevision_msgs/include/edgevision_msgs/edgevision_msgs/msg/rosidl_typesupport_fastrtps_c__visibility_control.h
[0.994s] -- Up-to-date symlink: /home/tarun/surveillance_bot/ros2/ws/install/edgevision_msgs/include/edgevision_msgs/edgevision_msgs/msg/detail/detection__rosidl_typesupport_introspection_c.h
[0.995s] -- Up-to-date symlink: /home/tarun/surveillance_bot/ros2/ws/install/edgevision_msgs/include/edgevision_msgs/edgevision_msgs/msg/detail/detection_array__rosidl_typesupport_introspection_c.h
[0.995s] -- Up-to-date symlink: /home/tarun/surveillance_bot/ros2/ws/install/edgevision_msgs/include/edgevision_msgs/edgevision_msgs/msg/detail/face_detection__rosidl_typesupport_introspection_c.h
[0.995s] -- Up-to-date symlink: /home/tarun/surveillance_bot/ros2/ws/install/edgevision_msgs/include/edgevision_msgs/edgevision_msgs/msg/detail/face_detection_array__rosidl_typesupport_introspection_c.h
[0.996s] -- Up-to-date symlink: /home/tarun/surveillance_bot/ros2/ws/install/edgevision_msgs/include/edgevision_msgs/edgevision_msgs/msg/detail/tracked_detection__rosidl_typesupport_introspection_c.h
[0.996s] -- Up-to-date symlink: /home/tarun/surveillance_bot/ros2/ws/install/edgevision_msgs/include/edgevision_msgs/edgevision_msgs/msg/detail/tracked_detection_array__rosidl_typesupport_introspection_c.h
[0.996s] -- Up-to-date symlink: /home/tarun/surveillance_bot/ros2/ws/install/edgevision_msgs/include/edgevision_msgs/edgevision_msgs/msg/rosidl_typesupport_introspection_c__visibility_control.h
[0.997s] -- Up-to-date symlink: /home/tarun/surveillance_bot/ros2/ws/install/edgevision_msgs/include/edgevision_msgs/edgevision_msgs/msg/detail/detection__builder.hpp
[0.997s] -- Up-to-date symlink: /home/tarun/surveillance_bot/ros2/ws/install/edgevision_msgs/include/edgevision_msgs/edgevision_msgs/msg/detail/detection__struct.hpp
[0.998s] -- Up-to-date symlink: /home/tarun/surveillance_bot/ros2/ws/install/edgevision_msgs/include/edgevision_msgs/edgevision_msgs/msg/detail/detection__traits.hpp
[0.998s] -- Up-to-date symlink: /home/tarun/surveillance_bot/ros2/ws/install/edgevision_msgs/include/edgevision_msgs/edgevision_msgs/msg/detail/detection__type_support.hpp
[0.999s] -- Up-to-date symlink: /home/tarun/surveillance_bot/ros2/ws/install/edgevision_msgs/include/edgevision_msgs/edgevision_msgs/msg/detail/detection_array__builder.hpp
[0.999s] -- Up-to-date symlink: /home/tarun/surveillance_bot/ros2/ws/install/edgevision_msgs/include/edgevision_msgs/edgevision_msgs/msg/detail/detection_array__struct.hpp
[1.000s] -- Up-to-date symlink: /home/tarun/surveillance_bot/ros2/ws/install/edgevision_msgs/include/edgevision_msgs/edgevision_msgs/msg/detail/detection_array__traits.hpp
[1.000s] -- Up-to-date symlink: /home/tarun/surveillance_bot/ros2/ws/install/edgevision_msgs/include/edgevision_msgs/edgevision_msgs/msg/detail/detection_array__type_support.hpp
[1.000s] -- Up-to-date symlink: /home/tarun/surveillance_bot/ros2/ws/install/edgevision_msgs/include/edgevision_msgs/edgevision_msgs/msg/detail/face_detection__builder.hpp
[1.000s] -- Up-to-date symlink: /home/tarun/surveillance_bot/ros2/ws/install/edgevision_msgs/include/edgevision_msgs/edgevision_msgs/msg/detail/face_detection__struct.hpp
[1.000s] -- Up-to-date symlink: /home/tarun/surveillance_bot/ros2/ws/install/edgevision_msgs/include/edgevision_msgs/edgevision_msgs/msg/detail/face_detection__traits.hpp
[1.001s] -- Up-to-date symlink: /home/tarun/surveillance_bot/ros2/ws/install/edgevision_msgs/include/edgevision_msgs/edgevision_msgs/msg/detail/face_detection__type_support.hpp
[1.001s] -- Up-to-date symlink: /home/tarun/surveillance_bot/ros2/ws/install/edgevision_msgs/include/edgevision_msgs/edgevision_msgs/msg/detail/face_detection_array__builder.hpp
[1.001s] -- Up-to-date symlink: /home/tarun/surveillance_bot/ros2/ws/install/edgevision_msgs/include/edgevision_msgs/edgevision_msgs/msg/detail/face_detection_array__struct.hpp
[1.002s] -- Up-to-date symlink: /home/tarun/surveillance_bot/ros2/ws/install/edgevision_msgs/include/edgevision_msgs/edgevision_msgs/msg/detail/face_detection_array__traits.hpp
[1.002s] -- Up-to-date symlink: /home/tarun/surveillance_bot/ros2/ws/install/edgevision_msgs/include/edgevision_msgs/edgevision_msgs/msg/detail/face_detection_array__type_support.hpp
[1.002s] -- Up-to-date symlink: /home/tarun/surveillance_bot/ros2/ws/install/edgevision_msgs/include/edgevision_msgs/edgevision_msgs/msg/detail/tracked_detection__builder.hpp
[1.003s] -- Up-to-date symlink: /home/tarun/surveillance_bot/ros2/ws/install/edgevision_msgs/include/edgevision_msgs/edgevision_msgs/msg/detail/tracked_detection__struct.hpp
[1.003s] -- Up-to-date symlink: /home/tarun/surveillance_bot/ros2/ws/install/edgevision_msgs/include/edgevision_msgs/edgevision_msgs/msg/detail/tracked_detection__traits.hpp
[1.003s] -- Up-to-date symlink: /home/tarun/surveillance_bot/ros2/ws/install/edgevision_msgs/include/edgevision_msgs/edgevision_msgs/msg/detail/tracked_detection__type_support.hpp
[1.004s] -- Up-to-date symlink: /home/tarun/surveillance_bot/ros2/ws/install/edgevision_msgs/include/edgevision_msgs/edgevision_msgs/msg/detail/tracked_detection_array__builder.hpp
[1.004s] -- Up-to-date symlink: /home/tarun/surveillance_bot/ros2/ws/install/edgevision_msgs/include/edgevision_msgs/edgevision_msgs/msg/detail/tracked_detection_array__struct.hpp
[1.005s] -- Up-to-date symlink: /home/tarun/surveillance_bot/ros2/ws/install/edgevision_msgs/include/edgevision_msgs/edgevision_msgs/msg/detail/tracked_detection_array__traits.hpp
[1.005s] -- Up-to-date symlink: /home/tarun/surveillance_bot/ros2/ws/install/edgevision_msgs/include/edgevision_msgs/edgevision_msgs/msg/detail/tracked_detection_array__type_support.hpp
[1.006s] -- Up-to-date symlink: /home/tarun/surveillance_bot/ros2/ws/install/edgevision_msgs/include/edgevision_msgs/edgevision_msgs/msg/detection.hpp
[1.006s] -- Up-to-date symlink: /home/tarun/surveillance_bot/ros2/ws/install/edgevision_msgs/include/edgevision_msgs/edgevision_msgs/msg/detection_array.hpp
[1.006s] -- Up-to-date symlink: /home/tarun/surveillance_bot/ros2/ws/install/edgevision_msgs/include/edgevision_msgs/edgevision_msgs/msg/face_detection.hpp
[1.007s] -- Up-to-date symlink: /home/tarun/surveillance_bot/ros2/ws/install/edgevision_msgs/include/edgevision_msgs/edgevision_msgs/msg/face_detection_array.hpp
[1.007s] -- Up-to-date symlink: /home/tarun/surveillance_bot/ros2/ws/install/edgevision_msgs/include/edgevision_msgs/edgevision_msgs/msg/rosidl_generator_cpp__visibility_control.hpp
[1.007s] -- Up-to-date symlink: /home/tarun/surveillance_bot/ros2/ws/install/edgevision_msgs/include/edgevision_msgs/edgevision_msgs/msg/tracked_detection.hpp
[1.008s] -- Up-to-date symlink: /home/tarun/surveillance_bot/ros2/ws/install/edgevision_msgs/include/edgevision_msgs/edgevision_msgs/msg/tracked_detection_array.hpp
[1.008s] -- Up-to-date symlink: /home/tarun/surveillance_bot/ros2/ws/install/edgevision_msgs/include/edgevision_msgs/edgevision_msgs/msg/detail/detection__rosidl_typesupport_fastrtps_cpp.hpp
[1.009s] -- Up-to-date symlink: /home/tarun/surveillance_bot/ros2/ws/install/edgevision_msgs/include/edgevision_msgs/edgevision_msgs/msg/detail/detection_array__rosidl_typesupport_fastrtps_cpp.hpp
[1.010s] -- Up-to-date symlink: /home/tarun/surveillance_bot/ros2/ws/install/edgevision_msgs/include/edgevision_msgs/edgevision_msgs/msg/detail/face_detection__rosidl_typesupport_fastrtps_cpp.hpp
[1.010s] -- Up-to-date symlink: /home/tarun/surveillance_bot/ros2/ws/install/edgevision_msgs/include/edgevision_msgs/edgevision_msgs/msg/detail/face_detection_array__rosidl_typesupport_fastrtps_cpp.hpp
[1.010s] -- Up-to-date symlink: /home/tarun/surveillance_bot/ros2/ws/install/edgevision_msgs/include/edgevision_msgs/edgevision_msgs/msg/detail/tracked_detection__rosidl_typesupport_fastrtps_cpp.hpp
[1.011s] -- Up-to-date symlink: /home/tarun/surveillance_bot/ros2/ws/install/edgevision_msgs/include/edgevision_msgs/edgevision_msgs/msg/detail/tracked_detection_array__rosidl_typesupport_fastrtps_cpp.hpp
[1.011s] -- Up-to-date symlink: /home/tarun/surveillance_bot/ros2/ws/install/edgevision_msgs/include/edgevision_msgs/edgevision_msgs/msg/rosidl_typesupport_fastrtps_cpp__visibility_control.h
[1.011s] -- Up-to-date symlink: /home/tarun/surveillance_bot/ros2/ws/install/edgevision_msgs/include/edgevision_msgs/edgevision_msgs/msg/detail/detection__rosidl_typesupport_introspection_cpp.hpp
[1.012s] -- Up-to-date symlink: /home/tarun/surveillance_bot/ros2/ws/install/edgevision_msgs/include/edgevision_msgs/edgevision_msgs/msg/detail/detection_array__rosidl_typesupport_introspection_cpp.hpp
[1.012s] -- Up-to-date symlink: /home/tarun/surveillance_bot/ros2/ws/install/edgevision_msgs/include/edgevision_msgs/edgevision_msgs/msg/detail/face_detection__rosidl_typesupport_introspection_cpp.hpp
[1.013s] -- Up-to-date symlink: /home/tarun/surveillance_bot/ros2/ws/install/edgevision_msgs/include/edgevision_msgs/edgevision_msgs/msg/detail/face_detection_array__rosidl_typesupport_introspection_cpp.hpp
[1.013s] -- Up-to-date symlink: /home/tarun/surveillance_bot/ros2/ws/install/edgevision_msgs/include/edgevision_msgs/edgevision_msgs/msg/detail/tracked_detection__rosidl_typesupport_introspection_cpp.hpp
[1.014s] -- Up-to-date symlink: /home/tarun/surveillance_bot/ros2/ws/install/edgevision_msgs/include/edgevision_msgs/edgevision_msgs/msg/detail/tracked_detection_array__rosidl_typesupport_introspection_cpp.hpp
[1.014s] -- Up-to-date symlink: /home/tarun/surveillance_bot/ros2/ws/install/edgevision_msgs/share/edgevision_msgs/environment/pythonpath.sh
[1.014s] -- Up-to-date symlink: /home/tarun/surveillance_bot/ros2/ws/install/edgevision_msgs/share/edgevision_msgs/environment/pythonpath.dsv
[1.015s] -- Up-to-date symlink: /home/tarun/surveillance_bot/ros2/ws/install/edgevision_msgs/lib/python3.10/site-packages/edgevision_msgs-0.0.0-py3.10.egg-info/PKG-INFO
[1.016s] -- Up-to-date symlink: /home/tarun/surveillance_bot/ros2/ws/install/edgevision_msgs/lib/python3.10/site-packages/edgevision_msgs-0.0.0-py3.10.egg-info/SOURCES.txt
[1.017s] -- Up-to-date symlink: /home/tarun/surveillance_bot/ros2/ws/install/edgevision_msgs/lib/python3.10/site-packages/edgevision_msgs-0.0.0-py3.10.egg-info/dependency_links.txt
[1.017s] -- Up-to-date symlink: /home/tarun/surveillance_bot/ros2/ws/install/edgevision_msgs/lib/python3.10/site-packages/edgevision_msgs-0.0.0-py3.10.egg-info/top_level.txt
[1.018s] -- Up-to-date symlink: /home/tarun/surveillance_bot/ros2/ws/install/edgevision_msgs/lib/python3.10/site-packages/edgevision_msgs/__init__.py
[1.018s] -- Up-to-date symlink: /home/tarun/surveillance_bot/ros2/ws/install/edgevision_msgs/lib/python3.10/site-packages/edgevision_msgs/_edgevision_msgs_s.ep.rosidl_typesupport_c.c
[1.019s] -- Up-to-date symlink: /home/tarun/surveillance_bot/ros2/ws/install/edgevision_msgs/lib/python3.10/site-packages/edgevision_msgs/_edgevision_msgs_s.ep.rosidl_typesupport_fastrtps_c.c
[1.019s] -- Up-to-date symlink: /home/tarun/surveillance_bot/ros2/ws/install/edgevision_msgs/lib/python3.10/site-packages/edgevision_msgs/_edgevision_msgs_s.ep.rosidl_typesupport_introspection_c.c
[1.019s] -- Up-to-date symlink: /home/tarun/surveillance_bot/ros2/ws/install/edgevision_msgs/lib/python3.10/site-packages/edgevision_msgs/edgevision_msgs_s__rosidl_typesupport_c.cpython-310-x86_64-linux-gnu.so
[1.020s] -- Up-to-date symlink: /home/tarun/surveillance_bot/ros2/ws/install/edgevision_msgs/lib/python3.10/site-packages/edgevision_msgs/edgevision_msgs_s__rosidl_typesupport_fastrtps_c.cpython-310-x86_64-linux-gnu.so
[1.020s] -- Up-to-date symlink: /home/tarun/surveillance_bot/ros2/ws/install/edgevision_msgs/lib/python3.10/site-packages/edgevision_msgs/edgevision_msgs_s__rosidl_typesupport_introspection_c.cpython-310-x86_64-linux-gnu.so
[1.020s] -- Up-to-date symlink: /home/tarun/surveillance_bot/ros2/ws/install/edgevision_msgs/lib/python3.10/site-packages/edgevision_msgs/libedgevision_msgs__rosidl_generator_py.so
[1.021s] -- Up-to-date symlink: /home/tarun/surveillance_bot/ros2/ws/install/edgevision_msgs/lib/python3.10/site-packages/edgevision_msgs/msg/__init__.py
[1.021s] -- Up-to-date symlink: /home/tarun/surveillance_bot/ros2/ws/install/edgevision_msgs/lib/python3.10/site-packages/edgevision_msgs/msg/_detection.py
[1.021s] -- Up-to-date symlink: /home/tarun/surveillance_bot/ros2/ws/install/edgevision_msgs/lib/python3.10/site-packages/edgevision_msgs/msg/_detection_array.py
[1.021s] -- Up-to-date symlink: /home/tarun/surveillance_bot/ros2/ws/install/edgevision_msgs/lib/python3.10/site-packages/edgevision_msgs/msg/_detection_array_s.c
[1.022s] -- Up-to-date symlink: /home/tarun/surveillance_bot/ros2/ws/install/edgevision_msgs/lib/python3.10/site-packages/edgevision_msgs/msg/_detection_s.c
[1.022s] -- Up-to-date symlink: /home/tarun/surveillance_bot/ros2/ws/install/edgevision_msgs/lib/python3.10/site-packages/edgevision_msgs/msg/_face_detection.py
[1.022s] -- Up-to-date symlink: /home/tarun/surveillance_bot/ros2/ws/install/edgevision_msgs/lib/python3.10/site-packages/edgevision_msgs/msg/_face_detection_array.py
[1.023s] -- Up-to-date symlink: /home/tarun/surveillance_bot/ros2/ws/install/edgevision_msgs/lib/python3.10/site-packages/edgevision_msgs/msg/_face_detection_array_s.c
[1.023s] -- Up-to-date symlink: /home/tarun/surveillance_bot/ros2/ws/install/edgevision_msgs/lib/python3.10/site-packages/edgevision_msgs/msg/_face_detection_s.c
[1.023s] -- Up-to-date symlink: /home/tarun/surveillance_bot/ros2/ws/install/edgevision_msgs/lib/python3.10/site-packages/edgevision_msgs/msg/_tracked_detection.py
[1.024s] -- Up-to-date symlink: /home/tarun/surveillance_bot/ros2/ws/install/edgevision_msgs/lib/python3.10/site-packages/edgevision_msgs/msg/_tracked_detection_array.py
[1.024s] -- Up-to-date symlink: /home/tarun/surveillance_bot/ros2/ws/install/edgevision_msgs/lib/python3.10/site-packages/edgevision_msgs/msg/_tracked_detection_array_s.c
[1.025s] -- Up-to-date symlink: /home/tarun/surveillance_bot/ros2/ws/install/edgevision_msgs/lib/python3.10/site-packages/edgevision_msgs/msg/_tracked_detection_s.c
[1.026s] -- Up-to-date symlink: /home/tarun/surveillance_bot/ros2/ws/install/edgevision_msgs/lib/python3.10/site-packages/edgevision_msgs/edgevision_msgs_s__rosidl_typesupport_fastrtps_c.cpython-310-x86_64-linux-gnu.so
[1.026s] -- Up-to-date symlink: /home/tarun/surveillance_bot/ros2/ws/install/edgevision_msgs/lib/python3.10/site-packages/edgevision_msgs/edgevision_msgs_s__rosidl_typesupport_introspection_c.cpython-310-x86_64-linux-gnu.so
[1.027s] -- Up-to-date symlink: /home/tarun/surveillance_bot/ros2/ws/install/edgevision_msgs/lib/python3.10/site-packages/edgevision_msgs/edgevision_msgs_s__rosidl_typesupport_c.cpython-310-x86_64-linux-gnu.so
[1.027s] -- Up-to-date symlink: /home/tarun/surveillance_bot/ros2/ws/install/edgevision_msgs/share/ament_index/resource_index/rust_packages/edgevision_msgs
[1.028s] -- Up-to-date symlink: /home/tarun/surveillance_bot/ros2/ws/install/edgevision_msgs/share/edgevision_msgs/rust/Cargo.toml
[1.029s] -- Up-to-date symlink: /home/tarun/surveillance_bot/ros2/ws/install/edgevision_msgs/share/edgevision_msgs/rust/build.rs
[1.029s] -- Up-to-date symlink: /home/tarun/surveillance_bot/ros2/ws/install/edgevision_msgs/share/edgevision_msgs/rust/src/lib.rs
[1.029s] -- Up-to-date symlink: /home/tarun/surveillance_bot/ros2/ws/install/edgevision_msgs/share/edgevision_msgs/rust/src/msg.rs
[1.030s] -- Up-to-date symlink: /home/tarun/surveillance_bot/ros2/ws/install/edgevision_msgs/share/edgevision_msgs/rust/src/msg/rmw.rs
[1.030s] -- Up-to-date symlink: /home/tarun/surveillance_bot/ros2/ws/install/edgevision_msgs/share/edgevision_msgs/msg/Detection.idl
[1.031s] -- Up-to-date symlink: /home/tarun/surveillance_bot/ros2/ws/install/edgevision_msgs/share/edgevision_msgs/msg/DetectionArray.idl
[1.031s] -- Up-to-date symlink: /home/tarun/surveillance_bot/ros2/ws/install/edgevision_msgs/share/edgevision_msgs/msg/TrackedDetection.idl
[1.032s] -- Up-to-date symlink: /home/tarun/surveillance_bot/ros2/ws/install/edgevision_msgs/share/edgevision_msgs/msg/TrackedDetectionArray.idl
[1.032s] -- Up-to-date symlink: /home/tarun/surveillance_bot/ros2/ws/install/edgevision_msgs/share/edgevision_msgs/msg/FaceDetection.idl
[1.033s] -- Up-to-date symlink: /home/tarun/surveillance_bot/ros2/ws/install/edgevision_msgs/share/edgevision_msgs/msg/FaceDetectionArray.idl
[1.033s] -- Up-to-date symlink: /home/tarun/surveillance_bot/ros2/ws/install/edgevision_msgs/share/edgevision_msgs/msg/Detection.msg
[1.034s] -- Up-to-date symlink: /home/tarun/surveillance_bot/ros2/ws/install/edgevision_msgs/share/edgevision_msgs/msg/DetectionArray.msg
[1.034s] -- Up-to-date symlink: /home/tarun/surveillance_bot/ros2/ws/install/edgevision_msgs/share/edgevision_msgs/msg/TrackedDetection.msg
[1.034s] -- Up-to-date symlink: /home/tarun/surveillance_bot/ros2/ws/install/edgevision_msgs/share/edgevision_msgs/msg/TrackedDetectionArray.msg
[1.035s] -- Up-to-date symlink: /home/tarun/surveillance_bot/ros2/ws/install/edgevision_msgs/share/edgevision_msgs/msg/FaceDetection.msg
[1.035s] -- Up-to-date symlink: /home/tarun/surveillance_bot/ros2/ws/install/edgevision_msgs/share/edgevision_msgs/msg/FaceDetectionArray.msg
[1.035s] -- Up-to-date symlink: /home/tarun/surveillance_bot/ros2/ws/install/edgevision_msgs/share/ament_index/resource_index/package_run_dependencies/edgevision_msgs
[1.036s] -- Up-to-date symlink: /home/tarun/surveillance_bot/ros2/ws/install/edgevision_msgs/share/ament_index/resource_index/parent_prefix_path/edgevision_msgs
[1.036s] -- Up-to-date symlink: /home/tarun/surveillance_bot/ros2/ws/install/edgevision_msgs/share/edgevision_msgs/environment/ament_prefix_path.sh
[1.037s] -- Up-to-date symlink: /home/tarun/surveillance_bot/ros2/ws/install/edgevision_msgs/share/edgevision_msgs/environment/ament_prefix_path.dsv
[1.037s] -- Up-to-date symlink: /home/tarun/surveillance_bot/ros2/ws/install/edgevision_msgs/share/edgevision_msgs/environment/path.sh
[1.037s] -- Up-to-date symlink: /home/tarun/surveillance_bot/ros2/ws/install/edgevision_msgs/share/edgevision_msgs/environment/path.dsv
[1.038s] -- Up-to-date symlink: /home/tarun/surveillance_bot/ros2/ws/install/edgevision_msgs/share/edgevision_msgs/local_setup.bash
[1.038s] -- Up-to-date symlink: /home/tarun/surveillance_bot/ros2/ws/install/edgevision_msgs/share/edgevision_msgs/local_setup.sh
[1.038s] -- Up-to-date symlink: /home/tarun/surveillance_bot/ros2/ws/install/edgevision_msgs/share/edgevision_msgs/local_setup.zsh
[1.039s] -- Up-to-date symlink: /home/tarun/surveillance_bot/ros2/ws/install/edgevision_msgs/share/edgevision_msgs/local_setup.dsv
[1.039s] -- Symlinking: /home/tarun/surveillance_bot/ros2/ws/install/edgevision_msgs/share/edgevision_msgs/package.dsv
[1.058s] -- Up-to-date symlink: /home/tarun/surveillance_bot/ros2/ws/install/edgevision_msgs/share/ament_index/resource_index/packages/edgevision_msgs
[1.058s] -- Up-to-date symlink: /home/tarun/surveillance_bot/ros2/ws/install/edgevision_msgs/share/edgevision_msgs/cmake/rosidl_cmake-extras.cmake
[1.059s] -- Up-to-date symlink: /home/tarun/surveillance_bot/ros2/ws/install/edgevision_msgs/share/edgevision_msgs/cmake/ament_cmake_export_dependencies-extras.cmake
[1.059s] -- Up-to-date symlink: /home/tarun/surveillance_bot/ros2/ws/install/edgevision_msgs/share/edgevision_msgs/cmake/ament_cmake_export_include_directories-extras.cmake
[1.059s] -- Up-to-date symlink: /home/tarun/surveillance_bot/ros2/ws/install/edgevision_msgs/share/edgevision_msgs/cmake/ament_cmake_export_libraries-extras.cmake
[1.060s] -- Up-to-date symlink: /home/tarun/surveillance_bot/ros2/ws/install/edgevision_msgs/share/edgevision_msgs/cmake/ament_cmake_export_targets-extras.cmake
[1.060s] -- Up-to-date symlink: /home/tarun/surveillance_bot/ros2/ws/install/edgevision_msgs/share/edgevision_msgs/cmake/rosidl_cmake_export_typesupport_targets-extras.cmake
[1.061s] -- Up-to-date symlink: /home/tarun/surveillance_bot/ros2/ws/install/edgevision_msgs/share/edgevision_msgs/cmake/rosidl_cmake_export_typesupport_libraries-extras.cmake
[1.061s] -- Up-to-date symlink: /home/tarun/surveillance_bot/ros2/ws/install/edgevision_msgs/share/edgevision_msgs/cmake/rosidl_cmake_aggregate_target-extras.cmake
[1.061s] -- Up-to-date symlink: /home/tarun/surveillance_bot/ros2/ws/install/edgevision_msgs/share/edgevision_msgs/cmake/edgevision_msgsConfig.cmake
[1.061s] -- Up-to-date symlink: /home/tarun/surveillance_bot/ros2/ws/install/edgevision_msgs/share/edgevision_msgs/cmake/edgevision_msgsConfig-version.cmake
[1.061s] -- Up-to-date symlink: /home/tarun/surveillance_bot/ros2/ws/install/edgevision_msgs/share/edgevision_msgs/package.xml
[1.063s] -- Up-to-date: /home/tarun/surveillance_bot/ros2/ws/install/edgevision_msgs/lib/libedgevision_msgs__rosidl_generator_c.so
[1.065s] -- Up-to-date: /home/tarun/surveillance_bot/ros2/ws/install/edgevision_msgs/lib/libedgevision_msgs__rosidl_typesupport_fastrtps_c.so
[1.067s] -- Up-to-date: /home/tarun/surveillance_bot/ros2/ws/install/edgevision_msgs/lib/libedgevision_msgs__rosidl_typesupport_introspection_c.so
[1.068s] -- Up-to-date: /home/tarun/surveillance_bot/ros2/ws/install/edgevision_msgs/lib/libedgevision_msgs__rosidl_typesupport_c.so
[1.070s] -- Up-to-date: /home/tarun/surveillance_bot/ros2/ws/install/edgevision_msgs/lib/libedgevision_msgs__rosidl_typesupport_fastrtps_cpp.so
[1.071s] -- Up-to-date: /home/tarun/surveillance_bot/ros2/ws/install/edgevision_msgs/lib/libedgevision_msgs__rosidl_typesupport_introspection_cpp.so
[1.072s] -- Up-to-date: /home/tarun/surveillance_bot/ros2/ws/install/edgevision_msgs/lib/libedgevision_msgs__rosidl_typesupport_cpp.so
[1.132s] Listing '/home/tarun/surveillance_bot/ros2/ws/install/edgevision_msgs/lib/python3.10/site-packages/edgevision_msgs'...
[1.132s] Listing '/home/tarun/surveillance_bot/ros2/ws/install/edgevision_msgs/lib/python3.10/site-packages/edgevision_msgs/msg'...
[1.150s] -- Up-to-date: /home/tarun/surveillance_bot/ros2/ws/install/edgevision_msgs/lib/libedgevision_msgs__rosidl_generator_py.so
[1.151s] -- Up-to-date: /home/tarun/surveillance_bot/ros2/ws/install/edgevision_msgs/share/edgevision_msgs/cmake/export_edgevision_msgs__rosidl_generator_cExport.cmake
[1.151s] -- Up-to-date: /home/tarun/surveillance_bot/ros2/ws/install/edgevision_msgs/share/edgevision_msgs/cmake/export_edgevision_msgs__rosidl_generator_cExport-noconfig.cmake
[1.151s] -- Up-to-date: /home/tarun/surveillance_bot/ros2/ws/install/edgevision_msgs/share/edgevision_msgs/cmake/export_edgevision_msgs__rosidl_typesupport_fastrtps_cExport.cmake
[1.152s] -- Up-to-date: /home/tarun/surveillance_bot/ros2/ws/install/edgevision_msgs/share/edgevision_msgs/cmake/export_edgevision_msgs__rosidl_typesupport_fastrtps_cExport-noconfig.cmake
[1.152s] -- Up-to-date: /home/tarun/surveillance_bot/ros2/ws/install/edgevision_msgs/share/edgevision_msgs/cmake/edgevision_msgs__rosidl_typesupport_introspection_cExport.cmake
[1.153s] -- Up-to-date: /home/tarun/surveillance_bot/ros2/ws/install/edgevision_msgs/share/edgevision_msgs/cmake/edgevision_msgs__rosidl_typesupport_introspection_cExport-noconfig.cmake
[1.153s] -- Up-to-date: /home/tarun/surveillance_bot/ros2/ws/install/edgevision_msgs/share/edgevision_msgs/cmake/edgevision_msgs__rosidl_typesupport_cExport.cmake
[1.153s] -- Up-to-date: /home/tarun/surveillance_bot/ros2/ws/install/edgevision_msgs/share/edgevision_msgs/cmake/edgevision_msgs__rosidl_typesupport_cExport-noconfig.cmake
[1.154s] -- Up-to-date: /home/tarun/surveillance_bot/ros2/ws/install/edgevision_msgs/share/edgevision_msgs/cmake/export_edgevision_msgs__rosidl_generator_cppExport.cmake
[1.154s] -- Up-to-date: /home/tarun/surveillance_bot/ros2/ws/install/edgevision_msgs/share/edgevision_msgs/cmake/export_edgevision_msgs__rosidl_typesupport_fastrtps_cppExport.cmake
[1.154s] -- Up-to-date: /home/tarun/surveillance_bot/ros2/ws/install/edgevision_msgs/share/edgevision_msgs/cmake/export_edgevision_msgs__rosidl_typesupport_fastrtps_cppExport-noconfig.cmake
[1.155s] -- Up-to-date: /home/tarun/surveillance_bot/ros2/ws/install/edgevision_msgs/share/edgevision_msgs/cmake/edgevision_msgs__rosidl_typesupport_introspection_cppExport.cmake
[1.155s] -- Up-to-date: /home/tarun/surveillance_bot/ros2/ws/install/edgevision_msgs/share/edgevision_msgs/cmake/edgevision_msgs__rosidl_typesupport_introspection_cppExport-noconfig.cmake
[1.155s] -- Up-to-date: /home/tarun/surveillance_bot/ros2/ws/install/edgevision_msgs/share/edgevision_msgs/cmake/edgevision_msgs__rosidl_typesupport_cppExport.cmake
[1.156s] -- Up-to-date: /home/tarun/surveillance_bot/ros2/ws/install/edgevision_msgs/share/edgevision_msgs/cmake/edgevision_msgs__rosidl_typesupport_cppExport-noconfig.cmake
[1.156s] -- Up-to-date: /home/tarun/surveillance_bot/ros2/ws/install/edgevision_msgs/share/edgevision_msgs/cmake/export_edgevision_msgs__rosidl_generator_pyExport.cmake
[1.157s] -- Up-to-date: /home/tarun/surveillance_bot/ros2/ws/install/edgevision_msgs/share/edgevision_msgs/cmake/export_edgevision_msgs__rosidl_generator_pyExport-noconfig.cmake
[1.165s] Invoked command in '/home/tarun/surveillance_bot/ros2/ws/build/edgevision_msgs' returned '0': CMAKE_PREFIX_PATH=/opt/ros/humble VIRTUAL_ENV_PROMPT=(.venv) /usr/bin/cmake --install /home/tarun/surveillance_bot/ros2/ws/build/edgevision_msgs
